Archive member included because of file (symbol)

c:/siliconlabs/simplicitystudio/v4/developer/toolchains/gnu_arm/4.9_2015q3/bin/../lib/gcc/arm-none-eabi/4.9.3/armv7e-m/softfp\libgcc.a(_aeabi_ldivmod.o)
                              C:/SiliconLabs/SimplicityStudio/v4/developer/sdks/blemesh/v1.1//protocol/bluetooth_dev/lib/EFR32XG13X/GCC/\libbluetooth_mesh.a (__aeabi_ldivmod)
c:/siliconlabs/simplicitystudio/v4/developer/toolchains/gnu_arm/4.9_2015q3/bin/../lib/gcc/arm-none-eabi/4.9.3/armv7e-m/softfp\libgcc.a(_aeabi_uldivmod.o)
                              ./emlib/em_usart.o (__aeabi_uldivmod)
c:/siliconlabs/simplicitystudio/v4/developer/toolchains/gnu_arm/4.9_2015q3/bin/../lib/gcc/arm-none-eabi/4.9.3/armv7e-m/softfp\libgcc.a(bpabi.o)
                              c:/siliconlabs/simplicitystudio/v4/developer/toolchains/gnu_arm/4.9_2015q3/bin/../lib/gcc/arm-none-eabi/4.9.3/armv7e-m/softfp\libgcc.a(_aeabi_ldivmod.o) (__gnu_ldivmod_helper)
c:/siliconlabs/simplicitystudio/v4/developer/toolchains/gnu_arm/4.9_2015q3/bin/../lib/gcc/arm-none-eabi/4.9.3/armv7e-m/softfp\libgcc.a(_dvmd_tls.o)
                              c:/siliconlabs/simplicitystudio/v4/developer/toolchains/gnu_arm/4.9_2015q3/bin/../lib/gcc/arm-none-eabi/4.9.3/armv7e-m/softfp\libgcc.a(_aeabi_ldivmod.o) (__aeabi_ldiv0)
c:/siliconlabs/simplicitystudio/v4/developer/toolchains/gnu_arm/4.9_2015q3/bin/../lib/gcc/arm-none-eabi/4.9.3/armv7e-m/softfp\libgcc.a(_divdi3.o)
                              c:/siliconlabs/simplicitystudio/v4/developer/toolchains/gnu_arm/4.9_2015q3/bin/../lib/gcc/arm-none-eabi/4.9.3/armv7e-m/softfp\libgcc.a(bpabi.o) (__divdi3)
c:/siliconlabs/simplicitystudio/v4/developer/toolchains/gnu_arm/4.9_2015q3/bin/../lib/gcc/arm-none-eabi/4.9.3/armv7e-m/softfp\libgcc.a(_udivdi3.o)
                              c:/siliconlabs/simplicitystudio/v4/developer/toolchains/gnu_arm/4.9_2015q3/bin/../lib/gcc/arm-none-eabi/4.9.3/armv7e-m/softfp\libgcc.a(bpabi.o) (__udivdi3)
c:/siliconlabs/simplicitystudio/v4/developer/toolchains/gnu_arm/4.9_2015q3/bin/../lib/gcc/arm-none-eabi/4.9.3/../../../../arm-none-eabi/lib/armv7e-m/softfp\libc.a(lib_a-exit.o)
                              c:/siliconlabs/simplicitystudio/v4/developer/toolchains/gnu_arm/4.9_2015q3/bin/../lib/gcc/arm-none-eabi/4.9.3/../../../../arm-none-eabi/lib/armv7e-m/softfp/crt0.o (exit)
c:/siliconlabs/simplicitystudio/v4/developer/toolchains/gnu_arm/4.9_2015q3/bin/../lib/gcc/arm-none-eabi/4.9.3/../../../../arm-none-eabi/lib/armv7e-m/softfp\libc.a(lib_a-impure.o)
                              c:/siliconlabs/simplicitystudio/v4/developer/toolchains/gnu_arm/4.9_2015q3/bin/../lib/gcc/arm-none-eabi/4.9.3/../../../../arm-none-eabi/lib/armv7e-m/softfp\libc.a(lib_a-exit.o) (_global_impure_ptr)
c:/siliconlabs/simplicitystudio/v4/developer/toolchains/gnu_arm/4.9_2015q3/bin/../lib/gcc/arm-none-eabi/4.9.3/../../../../arm-none-eabi/lib/armv7e-m/softfp\libc.a(lib_a-init.o)
                              c:/siliconlabs/simplicitystudio/v4/developer/toolchains/gnu_arm/4.9_2015q3/bin/../lib/gcc/arm-none-eabi/4.9.3/../../../../arm-none-eabi/lib/armv7e-m/softfp/crt0.o (__libc_init_array)
c:/siliconlabs/simplicitystudio/v4/developer/toolchains/gnu_arm/4.9_2015q3/bin/../lib/gcc/arm-none-eabi/4.9.3/../../../../arm-none-eabi/lib/armv7e-m/softfp\libc.a(lib_a-malloc.o)
                              ./main.o (malloc)
c:/siliconlabs/simplicitystudio/v4/developer/toolchains/gnu_arm/4.9_2015q3/bin/../lib/gcc/arm-none-eabi/4.9.3/../../../../arm-none-eabi/lib/armv7e-m/softfp\libc.a(lib_a-mallocr.o)
                              c:/siliconlabs/simplicitystudio/v4/developer/toolchains/gnu_arm/4.9_2015q3/bin/../lib/gcc/arm-none-eabi/4.9.3/../../../../arm-none-eabi/lib/armv7e-m/softfp\libc.a(lib_a-malloc.o) (_malloc_r)
c:/siliconlabs/simplicitystudio/v4/developer/toolchains/gnu_arm/4.9_2015q3/bin/../lib/gcc/arm-none-eabi/4.9.3/../../../../arm-none-eabi/lib/armv7e-m/softfp\libc.a(lib_a-memcmp.o)
                              C:/SiliconLabs/SimplicityStudio/v4/developer/sdks/blemesh/v1.1//protocol/bluetooth_dev/lib/EFR32XG13X/GCC/\libbluetooth_mesh.a (memcmp)
c:/siliconlabs/simplicitystudio/v4/developer/toolchains/gnu_arm/4.9_2015q3/bin/../lib/gcc/arm-none-eabi/4.9.3/../../../../arm-none-eabi/lib/armv7e-m/softfp\libc.a(lib_a-memcpy.o)
                              ./main.o (memcpy)
c:/siliconlabs/simplicitystudio/v4/developer/toolchains/gnu_arm/4.9_2015q3/bin/../lib/gcc/arm-none-eabi/4.9.3/../../../../arm-none-eabi/lib/armv7e-m/softfp\libc.a(lib_a-memmove.o)
                              C:/SiliconLabs/SimplicityStudio/v4/developer/sdks/blemesh/v1.1//protocol/bluetooth_dev/lib/EFR32XG13X/GCC/\libbluetooth_mesh.a (memmove)
c:/siliconlabs/simplicitystudio/v4/developer/toolchains/gnu_arm/4.9_2015q3/bin/../lib/gcc/arm-none-eabi/4.9.3/../../../../arm-none-eabi/lib/armv7e-m/softfp\libc.a(lib_a-memset.o)
[...]
Memory Configuration

Name             Origin             Length             Attributes
FLASH            0x00000000         0x00080000         xr
RAM              0x20000000         0x00010000         xrw
*default*        0x00000000         0xffffffff

Linker script and memory map

LOAD c:/siliconlabs/simplicitystudio/v4/developer/toolchains/gnu_arm/4.9_2015q3/bin/../lib/gcc/arm-none-eabi/4.9.3/armv7e-m/softfp/crti.o
LOAD c:/siliconlabs/simplicitystudio/v4/developer/toolchains/gnu_arm/4.9_2015q3/bin/../lib/gcc/arm-none-eabi/4.9.3/armv7e-m/softfp/crtbegin.o
LOAD c:/siliconlabs/simplicitystudio/v4/developer/toolchains/gnu_arm/4.9_2015q3/bin/../lib/gcc/arm-none-eabi/4.9.3/../../../../arm-none-eabi/lib/armv7e-m/softfp/crt0.o
START GROUP
LOAD ./dcd_light.o
LOAD ./gatt_db.o
LOAD ./graphics.o
LOAD ./main.o
LOAD ./pti.o
LOAD ./device/EFR32_B_1_3_P/gcc/startup_efr32bg13p.o
LOAD ./device/EFR32_B_1_3_P/system_efr32bg13p.o
LOAD ./emdrv/dmadrv.o
LOAD ./emdrv/gpiointerrupt.o
LOAD ./emdrv/sleep.o
LOAD ./emdrv/tempdrv.o
LOAD ./emdrv/uartdrv.o
LOAD ./emlib/em_adc.o
LOAD ./emlib/em_cmu.o
LOAD ./emlib/em_core.o
LOAD ./emlib/em_crypto.o
LOAD ./emlib/em_emu.o
LOAD ./emlib/em_gpio.o
LOAD ./emlib/em_i2c.o
LOAD ./emlib/em_ldma.o
LOAD ./emlib/em_leuart.o
LOAD ./emlib/em_msc.o
LOAD ./emlib/em_rmu.o
LOAD ./emlib/em_rtcc.o
LOAD ./emlib/em_system.o
LOAD ./emlib/em_usart.o
LOAD ./glib/BRD4104A/bmp.o
LOAD ./glib/BRD4104A/dmd_display.o
LOAD ./glib/BRD4104A/glib.o
LOAD ./glib/BRD4104A/glib_bitmap.o
LOAD ./glib/BRD4104A/glib_circle.o
LOAD ./glib/BRD4104A/glib_font_narrow_6x8.o
LOAD ./glib/BRD4104A/glib_font_normal_8x8.o
LOAD ./glib/BRD4104A/glib_font_number_16x20.o
LOAD ./glib/BRD4104A/glib_line.o
LOAD ./glib/BRD4104A/glib_polygon.o
LOAD ./glib/BRD4104A/glib_rectangle.o
LOAD ./glib/BRD4104A/glib_string.o
LOAD ./kit/BRD4104A/bsp_bcc.o
LOAD ./kit/BRD4104A/bsp_stk.o
LOAD ./kit/BRD4104A/bsp_stk_leds.o
LOAD ./kit/BRD4104A/i2cspm.o
LOAD ./kit/BRD4104A/si7013.o
LOAD ./kit/BRD4104A/tempsens.o
LOAD ./kit/BRD4104A/udelay.o
LOAD ./kit_flashpwr/BRD4104A/mx25flash_spi.o
LOAD ./kit_lcd/BRD4104A/display.o
LOAD ./kit_lcd/BRD4104A/displayls013b7dh03.o
LOAD ./kit_lcd/BRD4104A/displaypalemlib.o
LOAD ./serial_vcom/retargetio.o
LOAD ./serial_vcom/retargetserial.o
LOAD ./src/InitDevice.o
LOAD ./stack/bt_mesh_stack/mesh_lib.o
LOAD c:/siliconlabs/simplicitystudio/v4/developer/toolchains/gnu_arm/4.9_2015q3/bin/../lib/gcc/arm-none-eabi/4.9.3/../../../../arm-none-eabi/lib/armv7e-m/softfp\libm.a
LOAD C:/SiliconLabs/SimplicityStudio/v4/developer/sdks/blemesh/v1.1//protocol/bluetooth_dev/lib/EFR32XG13X/GCC/\libbluetooth_mesh.a
END GROUP
START GROUP
LOAD c:/siliconlabs/simplicitystudio/v4/developer/toolchains/gnu_arm/4.9_2015q3/bin/../lib/gcc/arm-none-eabi/4.9.3/armv7e-m/softfp\libgcc.a
LOAD c:/siliconlabs/simplicitystudio/v4/developer/toolchains/gnu_arm/4.9_2015q3/bin/../lib/gcc/arm-none-eabi/4.9.3/../../../../arm-none-eabi/lib/armv7e-m/softfp\libc.a
LOAD c:/siliconlabs/simplicitystudio/v4/developer/toolchains/gnu_arm/4.9_2015q3/bin/../lib/gcc/arm-none-eabi/4.9.3/../../../../arm-none-eabi/lib/armv7e-m/softfp\libnosys.a
END GROUP
START GROUP
LOAD c:/siliconlabs/simplicitystudio/v4/developer/toolchains/gnu_arm/4.9_2015q3/bin/../lib/gcc/arm-none-eabi/4.9.3/armv7e-m/softfp\libgcc.a
LOAD c:/siliconlabs/simplicitystudio/v4/developer/toolchains/gnu_arm/4.9_2015q3/bin/../lib/gcc/arm-none-eabi/4.9.3/../../../../arm-none-eabi/lib/armv7e-m/softfp\libg.a
LOAD c:/siliconlabs/simplicitystudio/v4/developer/toolchains/gnu_arm/4.9_2015q3/bin/../lib/gcc/arm-none-eabi/4.9.3/../../../../arm-none-eabi/lib/armv7e-m/softfp\libc.a
END GROUP
LOAD c:/siliconlabs/simplicitystudio/v4/developer/toolchains/gnu_arm/4.9_2015q3/bin/../lib/gcc/arm-none-eabi/4.9.3/armv7e-m/softfp/crtend.o
LOAD c:/siliconlabs/simplicitystudio/v4/developer/toolchains/gnu_arm/4.9_2015q3/bin/../lib/gcc/arm-none-eabi/4.9.3/armv7e-m/softfp/crtn.o

.text           0x00000000    0x4e80c
 *(.vectors)
 .vectors       0x00000000       0xfc ./device/EFR32_B_1_3_P/gcc/startup_efr32bg13p.o
                0x00000000                __Vectors
                0x000000fc                __Vectors_End = .
                0x000000fc                __Vectors_Size = (__Vectors_End - __Vectors)
                0x000000fc                __end__ = .
 *(.text*)
 .text          0x000000fc       0x5c c:/siliconlabs/simplicitystudio/v4/developer/toolchains/gnu_arm/4.9_2015q3/bin/../lib/gcc/arm-none-eabi/4.9.3/armv7e-m/softfp/crtbegin.o
 .text          0x00000158       0x74 c:/siliconlabs/simplicitystudio/v4/developer/toolchains/gnu_arm/4.9_2015q3/bin/../lib/gcc/arm-none-eabi/4.9.3/../../../../arm-none-eabi/lib/armv7e-m/softfp/crt0.o
                0x00000158                _start
                0x00000158                _mainCRTStartup
 .text.graphPrintCenter.constprop.0
                0x000001cc       0x94 ./graphics.o
 .text.graphInit
                0x00000260       0x44 ./graphics.o
                0x00000260                graphInit
 .text.graphWriteString
                0x000002a4       0x34 ./graphics.o
                0x000002a4                graphWriteString
 .text.onoff_change
                0x000002d8        0x4 ./main.o
 .text.power_onoff_change
                0x000002dc        0x4 ./main.o
 .text.transtime_change
                0x000002e0        0x4 ./main.o
 .text.power_onoff_update
                0x000002e4       0x2c ./main.o
 .text.onoff_update
                0x00000310       0x2c ./main.o
 .text.led_init
                0x0000033c       0x20 ./main.o
 .text.onoff_update_and_publish
                0x0000035c       0x1c ./main.o
 .text.LCD_write.part.1
                0x00000378       0x48 ./main.o
 .text.lightbulb_state_store
                0x000003c0       0x50 ./main.o
 .text.transtime_request
                0x00000410       0xa4 ./main.o
 .text.power_onoff_request
                0x000004b4       0xb4 ./main.o
 .text.onoff_request
                0x00000568      0x164 ./main.o
 .text.lightbulb_state_init
                0x000006cc      0x1c0 ./main.o
                0x000006cc                lightbulb_state_init
 .text.rtcIntCallbackRegister
                0x0000088c        0x4 ./main.o
                0x0000088c                rtcIntCallbackRegister
 .text.LCD_init
                0x00000890       0x2c ./main.o
                0x00000890                LCD_init
 .text.set_device_name
                0x000008bc       0x9c ./main.o
                0x000008bc                set_device_name
 .text.transition_complete
                0x00000958       0x68 ./main.o
                0x00000958                transition_complete
 .text.initiate_factory_reset
                0x000009c0       0x74 ./main.o
                0x000009c0                initiate_factory_reset
 .text.startup.main
                0x00000a34      0x478 ./main.o
                0x00000a34                main
 .text.APP_ConfigEnablePti
                0x00000eac       0x30 ./pti.o
                0x00000eac                APP_ConfigEnablePti
 .text.Default_Handler
                0x00000edc        0x4 ./device/EFR32_B_1_3_P/gcc/startup_efr32bg13p.o
                0x00000edc                DebugMon_Handler
                0x00000edc                USART0_TX_IRQHandler
                0x00000edc                PRORTC_IRQHandler
                0x00000edc                I2C0_IRQHandler
                0x00000edc                HardFault_Handler
                0x00000edc                SysTick_Handler
                0x00000edc                USART1_RX_IRQHandler
                0x00000edc                PendSV_Handler
                0x00000edc                NMI_Handler
                0x00000edc                SYNTH_IRQHandler
                0x00000edc                I2C1_IRQHandler
                0x00000edc                WTIMER0_IRQHandler
                0x00000edc                CRYPTO0_IRQHandler
                0x00000edc                WDOG0_IRQHandler
                0x00000edc                USART1_TX_IRQHandler
                0x00000edc                SMU_IRQHandler
                0x00000edc                MSC_IRQHandler
                0x00000edc                ADC0_IRQHandler
                0x00000edc                UsageFault_Handler
                0x00000edc                WDOG1_IRQHandler
                0x00000edc                LEUART0_IRQHandler
                0x00000edc                FPUEH_IRQHandler
                0x00000edc                VDAC0_IRQHandler
                0x00000edc                CSEN_IRQHandler
                0x00000edc                CRYPTO1_IRQHandler
                0x00000edc                TIMER0_IRQHandler
                0x00000edc                LETIMER0_IRQHandler
                0x00000edc                TIMER1_IRQHandler
                0x00000edc                TRNG0_IRQHandler
                0x00000edc                RFSENSE_IRQHandler
                0x00000edc                BUFC_IRQHandler
                0x00000edc                MODEM_IRQHandler
                0x00000edc                USART2_RX_IRQHandler
                0x00000edc                Default_Handler
                0x00000edc                RAC_SEQ_IRQHandler
                0x00000edc                FRC_PRI_IRQHandler
                0x00000edc                FRC_IRQHandler
                0x00000edc                CRYOTIMER_IRQHandler
                0x00000edc                PCNT0_IRQHandler
                0x00000edc                AGC_IRQHandler
                0x00000edc                ACMP0_IRQHandler
                0x00000edc                MemManage_Handler
                0x00000edc                SVC_Handler
                0x00000edc                RTCC_IRQHandler
                0x00000edc                CMU_IRQHandler
                0x00000edc                RAC_RSM_IRQHandler
                0x00000edc                LESENSE_IRQHandler
                0x00000edc                PROTIMER_IRQHandler
                0x00000edc                BusFault_Handler
                0x00000edc                USART2_TX_IRQHandler
                0x00000edc                IDAC0_IRQHandler
 .text.Reset_Handler
                0x00000ee0       0x38 ./device/EFR32_B_1_3_P/gcc/startup_efr32bg13p.o
                0x00000ee0                Reset_Handler
 .text.SystemMaxCoreClockGet
                0x00000f18        0x8 ./device/EFR32_B_1_3_P/system_efr32bg13p.o
                0x00000f18                SystemMaxCoreClockGet
 .text.SystemHFClockGet
                0x00000f20       0x50 ./device/EFR32_B_1_3_P/system_efr32bg13p.o
                0x00000f20                SystemHFClockGet
 .text.SystemCoreClockGet
                0x00000f70       0x24 ./device/EFR32_B_1_3_P/system_efr32bg13p.o
                0x00000f70                SystemCoreClockGet
 .text.SystemHFXOClockGet
                0x00000f94        0xc ./device/EFR32_B_1_3_P/system_efr32bg13p.o
                0x00000f94                SystemHFXOClockGet
 .text.SystemHFXOClockSet
                0x00000fa0       0x20 ./device/EFR32_B_1_3_P/system_efr32bg13p.o
                0x00000fa0                SystemHFXOClockSet
 .text.SystemInit
                0x00000fc0       0x14 ./device/EFR32_B_1_3_P/system_efr32bg13p.o
                0x00000fc0                SystemInit
 .text.SystemLFRCOClockGet
                0x00000fd4        0x8 ./device/EFR32_B_1_3_P/system_efr32bg13p.o
                0x00000fd4                SystemLFRCOClockGet
 .text.SystemULFRCOClockGet
                0x00000fdc        0x8 ./device/EFR32_B_1_3_P/system_efr32bg13p.o
                0x00000fdc                SystemULFRCOClockGet
 .text.SystemLFXOClockGet
                0x00000fe4        0xc ./device/EFR32_B_1_3_P/system_efr32bg13p.o
                0x00000fe4                SystemLFXOClockGet
 .text.SystemLFXOClockSet
                0x00000ff0       0x20 ./device/EFR32_B_1_3_P/system_efr32bg13p.o
                0x00000ff0                SystemLFXOClockSet
 .text.LDMA_IRQHandler
                0x00001010       0x7c ./emdrv/dmadrv.o
                0x00001010                LDMA_IRQHandler
 .text.GPIOINT_IRQDispatcher
                0x0000108c       0x2c ./emdrv/gpiointerrupt.o
 .text.GPIO_EVEN_IRQHandler
                0x000010b8       0x20 ./emdrv/gpiointerrupt.o
                0x000010b8                GPIO_EVEN_IRQHandler
 .text.GPIO_ODD_IRQHandler
                0x000010d8       0x20 ./emdrv/gpiointerrupt.o
                0x000010d8                GPIO_ODD_IRQHandler
 .text.sleepCallbackWrapper
                0x000010f8       0x14 ./emdrv/sleep.o
 .text.enterEMx
                0x0000110c       0x70 ./emdrv/sleep.o
 .text.SLEEP_Init
                0x0000117c       0x44 ./emdrv/sleep.o
                0x0000117c                SLEEP_Init
 .text.SLEEP_Sleep
                0x000011c0       0x70 ./emdrv/sleep.o
                0x000011c0                SLEEP_Sleep
 .text.SLEEP_SleepBlockBegin
                0x00001230       0x28 ./emdrv/sleep.o
                0x00001230                SLEEP_SleepBlockBegin
 .text.SLEEP_SleepBlockEnd
                0x00001258       0x2c ./emdrv/sleep.o
                0x00001258                SLEEP_SleepBlockEnd
 .text.SLEEP_LowestEnergyModeGet
                0x00001284       0x1c ./emdrv/sleep.o
                0x00001284                SLEEP_LowestEnergyModeGet
 .text.updateInterrupts
                0x000012a0       0xdc ./emdrv/tempdrv.o
 .text.TEMPDRV_IRQHandler
                0x0000137c       0xa0 ./emdrv/tempdrv.o
                0x0000137c                TEMPDRV_IRQHandler
 .text.EMU_IRQHandler
                0x0000141c        0x4 ./emdrv/tempdrv.o
                0x0000141c                EMU_IRQHandler
 .text.TEMPDRV_Init
                0x00001420       0xb0 ./emdrv/tempdrv.o
                0x00001420                TEMPDRV_Init
 .text.flashWaitStateControl
                0x000014d0       0x60 ./emlib/em_cmu.o
 .text.CMU_HFRCODevinfoGet
                0x00001530       0xb4 ./emlib/em_cmu.o
 .text.flashWaitStateMax
                0x000015e4       0x10 ./emlib/em_cmu.o
 .text.CMU_OscillatorTuningSet.part.1
                0x000015f4       0x3c ./emlib/em_cmu.o
 .text.CMU_UpdateWaitStates
                0x00001630        0x4 ./emlib/em_cmu.o
                0x00001630                CMU_UpdateWaitStates
 .text.CMU_ClockEnable
                0x00001634       0x8c ./emlib/em_cmu.o
                0x00001634                CMU_ClockEnable
 .text.CMU_ClockPrescGet
                0x000016c0       0xd0 ./emlib/em_cmu.o
                0x000016c0                CMU_ClockPrescGet
 .text.CMU_ClockDivGet
                0x00001790        0xc ./emlib/em_cmu.o
                0x00001790                CMU_ClockDivGet
 .text.CMU_ClockSelectGet
                0x0000179c       0xc4 ./emlib/em_cmu.o
                0x0000179c                CMU_ClockSelectGet
 .text.lfClkGet
                0x00001860       0x94 ./emlib/em_cmu.o
 .text.CMU_ClockFreqGet
                0x000018f4      0x1a4 ./emlib/em_cmu.o
                0x000018f4                CMU_ClockFreqGet
 .text.CMU_ClockPrescSet
                0x00001a98      0x298 ./emlib/em_cmu.o
                0x00001a98                CMU_ClockPrescSet
 .text.CMU_ClockDivSet
                0x00001d30        0x8 ./emlib/em_cmu.o
                0x00001d30                CMU_ClockDivSet
 .text.CMU_HFRCOBandSet
                0x00001d38      0x148 ./emlib/em_cmu.o
                0x00001d38                CMU_HFRCOBandSet
 .text.CMU_HFXOAutostartEnable
                0x00001e80       0x8c ./emlib/em_cmu.o
                0x00001e80                CMU_HFXOAutostartEnable
 .text.CMU_OscillatorTuningWait
                0x00001f0c       0x5c ./emlib/em_cmu.o
                0x00001f0c                CMU_OscillatorTuningWait
 .text.CMU_OscillatorEnable
                0x00001f68      0x12c ./emlib/em_cmu.o
                0x00001f68                CMU_OscillatorEnable
 .text.CMU_ClockSelectSet
                0x00002094      0x2bc ./emlib/em_cmu.o
                0x00002094                CMU_ClockSelectSet
 .text.CMU_HFXOInit
                0x00002350       0x7c ./emlib/em_cmu.o
                0x00002350                CMU_HFXOInit
 .text.CMU_LFXOInit
                0x000023cc       0x40 ./emlib/em_cmu.o
                0x000023cc                CMU_LFXOInit
 .text.CORE_EnterCritical
                0x0000240c        0x8 ./emlib/em_core.o
                0x0000240c                CORE_EnterCritical
 .text.CORE_ExitCritical
                0x00002414        0x8 ./emlib/em_core.o
                0x00002414                CORE_ExitCritical
 .text.CORE_EnterAtomic
                0x0000241c        0x8 ./emlib/em_core.o
                0x0000241c                CORE_EnterAtomic
 .text.CORE_ExitAtomic
                0x00002424        0x8 ./emlib/em_core.o
                0x00002424                CORE_ExitAtomic
 .text.CORE_SetNvicRamTableHandler
                0x0000242c       0x10 ./emlib/em_core.o
                0x0000242c                CORE_SetNvicRamTableHandler
 .text.CORE_InitNvicVectorTable
                0x0000243c       0x48 ./emlib/em_core.o
                0x0000243c                CORE_InitNvicVectorTable
 .text.CRYPTO_ModulusSet
                0x00002484       0x38 ./emlib/em_crypto.o
                0x00002484                CRYPTO_ModulusSet
 .text.CRYPTO_KeyRead
                0x000024bc       0x2c ./emlib/em_crypto.o
                0x000024bc                CRYPTO_KeyRead
 .text.lpGetDevinfoVrefLowHigh
                0x000024e8       0xdc ./emlib/em_emu.o
 .text.lpCmpHystCalibrationLoad.isra.0
                0x000025c4       0x78 ./emlib/em_emu.o
 .text.vScaleDownEM23Setup
                0x0000263c       0x60 ./emlib/em_emu.o
 .text.emState.part.2
                0x0000269c       0x7c ./emlib/em_emu.o
 .text.emState  0x00002718       0x50 ./emlib/em_emu.o
 .text.EMU_EnterEM2
                0x00002768       0x34 ./emlib/em_emu.o
                0x00002768                EMU_EnterEM2
 .text.EMU_EnterEM3
                0x0000279c       0x58 ./emlib/em_emu.o
                0x0000279c                EMU_EnterEM3
 .text.EMU_Save
                0x000027f4        0x8 ./emlib/em_emu.o
                0x000027f4                EMU_Save
 .text.EMU_Restore
                0x000027fc        0x4 ./emlib/em_emu.o
                0x000027fc                EMU_Restore
 .text.EMU_VScaleEM01
                0x00002800       0x68 ./emlib/em_emu.o
                0x00002800                EMU_VScaleEM01
 .text.EMU_VScaleEM01ByClock
                0x00002868       0x50 ./emlib/em_emu.o
                0x00002868                EMU_VScaleEM01ByClock
 .text.EMU_EM01Init
                0x000028b8       0x14 ./emlib/em_emu.o
                0x000028b8                EMU_EM01Init
 .text.EMU_EM23Init
                0x000028cc       0x18 ./emlib/em_emu.o
                0x000028cc                EMU_EM23Init
 .text.EMU_EM4Init
                0x000028e4       0x5c ./emlib/em_emu.o
                0x000028e4                EMU_EM4Init
 .text.EMU_DCDCModeSet
                0x00002940       0x84 ./emlib/em_emu.o
                0x00002940                EMU_DCDCModeSet
 .text.EMU_EnterEM4
                0x000029c4       0x50 ./emlib/em_emu.o
                0x000029c4                EMU_EnterEM4
 .text.EMU_DCDCOutputVoltageSet
                0x00002a14      0x160 ./emlib/em_emu.o
                0x00002a14                EMU_DCDCOutputVoltageSet
 .text.EMU_DCDCOptimizeSlice
                0x00002b74       0xf8 ./emlib/em_emu.o
                0x00002b74                EMU_DCDCOptimizeSlice
 .text.EMU_DCDCLnRcoBandSet
                0x00002c6c       0x24 ./emlib/em_emu.o
                0x00002c6c                EMU_DCDCLnRcoBandSet
 .text.EMU_DCDCInit
                0x00002c90       0xec ./emlib/em_emu.o
                0x00002c90                EMU_DCDCInit
 .text.GPIO_PinModeSet
                0x00002d7c       0x84 ./emlib/em_gpio.o
                0x00002d7c                GPIO_PinModeSet
 .text.MSC_Init
                0x00002e00       0x20 ./emlib/em_msc.o
                0x00002e00                MSC_Init
 .text.MSC_Deinit
                0x00002e20       0x14 ./emlib/em_msc.o
                0x00002e20                MSC_Deinit
 .text.RMU_ResetCauseClear
                0x00002e34        0xc ./emlib/em_rmu.o
                0x00002e34                RMU_ResetCauseClear
 .text.RMU_ResetCauseGet
                0x00002e40       0x60 ./emlib/em_rmu.o
                0x00002e40                RMU_ResetCauseGet
 .text.RTCC_Enable
                0x00002ea0        0xc ./emlib/em_rtcc.o
                0x00002ea0                RTCC_Enable
 .text.RTCC_Init
                0x00002eac       0x48 ./emlib/em_rtcc.o
                0x00002eac                RTCC_Init
 .text.SYSTEM_ChipRevisionGet
                0x00002ef4       0x34 ./emlib/em_system.o
                0x00002ef4                SYSTEM_ChipRevisionGet
 .text.USART_BaudrateAsyncSet
                0x00002f28       0x68 ./emlib/em_usart.o
                0x00002f28                USART_BaudrateAsyncSet
 .text.USART_BaudrateSyncSet
                0x00002f90       0x24 ./emlib/em_usart.o
                0x00002f90                USART_BaudrateSyncSet
 .text.USART_Enable
                0x00002fb4       0x10 ./emlib/em_usart.o
                0x00002fb4                USART_Enable
 .text.USART_Reset
                0x00002fc4       0x58 ./emlib/em_usart.o
                0x00002fc4                USART_Reset
 .text.USART_InitAsync
                0x0000301c       0x70 ./emlib/em_usart.o
                0x0000301c                USART_InitAsync
 .text.USART_InitSync
                0x0000308c       0x88 ./emlib/em_usart.o
                0x0000308c                USART_InitSync
 .text.USART_Rx
                0x00003114        0xc ./emlib/em_usart.o
                0x00003114                USART_Rx
 .text.USART_SpiTransfer
                0x00003120       0x14 ./emlib/em_usart.o
                0x00003120                USART_SpiTransfer
 .text.USART_Tx
                0x00003134        0xc ./emlib/em_usart.o
                0x00003134                USART_Tx
 .text.USART_TxDouble
                0x00003140        0xc ./emlib/em_usart.o
                0x00003140                USART_TxDouble
 .text.DMD_writeColor.part.0
                0x0000314c      0x190 ./glib/BRD4104A/dmd_display.o
 .text.DMD_getDisplayGeometry
                0x000032dc       0x1c ./glib/BRD4104A/dmd_display.o
                0x000032dc                DMD_getDisplayGeometry
 .text.DMD_setClippingArea
                0x000032f8       0x44 ./glib/BRD4104A/dmd_display.o
                0x000032f8                DMD_setClippingArea
 .text.DMD_writeColor
                0x0000333c       0x20 ./glib/BRD4104A/dmd_display.o
                0x0000333c                DMD_writeColor
 .text.DMD_allocateFramebuffer
                0x0000335c       0x38 ./glib/BRD4104A/dmd_display.o
                0x0000335c                DMD_allocateFramebuffer
 .text.DMD_init
                0x00003394       0x78 ./glib/BRD4104A/dmd_display.o
                0x00003394                DMD_init
 .text.DMD_updateDisplay
                0x0000340c       0xbc ./glib/BRD4104A/dmd_display.o
                0x0000340c                DMD_updateDisplay
 .text.GLIB_applyClippingRegion.part.1
                0x000034c8       0x1c ./glib/BRD4104A/glib.o
 .text.GLIB_setClippingRegion.part.2
                0x000034e4       0x48 ./glib/BRD4104A/glib.o
 .text.GLIB_contextInit
                0x0000352c       0x58 ./glib/BRD4104A/glib.o
                0x0000352c                GLIB_contextInit
 .text.GLIB_clear
                0x00003584       0x48 ./glib/BRD4104A/glib.o
                0x00003584                GLIB_clear
 .text.GLIB_drawPixel
                0x000035cc       0x40 ./glib/BRD4104A/glib.o
                0x000035cc                GLIB_drawPixel
 .text.GLIB_drawPixelColor
                0x0000360c       0x3c ./glib/BRD4104A/glib.o
                0x0000360c                GLIB_drawPixelColor
 .text.GLIB_rectContainsPoint
                0x00003648       0x24 ./glib/BRD4104A/glib_rectangle.o
                0x00003648                GLIB_rectContainsPoint
 .text.GLIB_drawChar.part.0
                0x0000366c      0x164 ./glib/BRD4104A/glib_string.o
 .text.GLIB_drawString
                0x000037d0       0x90 ./glib/BRD4104A/glib_string.o
                0x000037d0                GLIB_drawString
 .text.GLIB_setFont
                0x00003860       0x20 ./glib/BRD4104A/glib_string.o
                0x00003860                GLIB_setFont
 .text.UDELAY_Calibrate
                0x00003880      0x1c0 ./kit/BRD4104A/udelay.o
                0x00003880                UDELAY_Calibrate
 .text.UDELAY_Delay
                0x00003a40       0x28 ./kit/BRD4104A/udelay.o
                0x00003a40                UDELAY_Delay
 .text.MX25_init
                0x00003a68       0xa4 ./kit_flashpwr/BRD4104A/mx25flash_spi.o
                0x00003a68                MX25_init
 .text.MX25_DP  0x00003b0c       0x5c ./kit_flashpwr/BRD4104A/mx25flash_spi.o
                0x00003b0c                MX25_DP
 .text.DISPLAY_Init
                0x00003b68       0x34 ./kit_lcd/BRD4104A/display.o
                0x00003b68                DISPLAY_Init
 .text.DISPLAY_DeviceGet
                0x00003b9c       0x38 ./kit_lcd/BRD4104A/display.o
                0x00003b9c                DISPLAY_DeviceGet
 .text.DISPLAY_DeviceRegister
                0x00003bd4       0x44 ./kit_lcd/BRD4104A/display.o
                0x00003bd4                DISPLAY_DeviceRegister
 .text.PixelMatrixAllocate
                0x00003c18       0x3c ./kit_lcd/BRD4104A/displayls013b7dh03.o
 .text.PixelMatrixFree
                0x00003c54        0x8 ./kit_lcd/BRD4104A/displayls013b7dh03.o
 .text.DriverRefresh
                0x00003c5c       0x10 ./kit_lcd/BRD4104A/displayls013b7dh03.o
 .text.PixelMatrixClear
                0x00003c6c       0x20 ./kit_lcd/BRD4104A/displayls013b7dh03.o
 .text.PixelMatrixDraw
                0x00003c8c       0x8c ./kit_lcd/BRD4104A/displayls013b7dh03.o
 .text.DisplayPolarityInverse
                0x00003d18       0x10 ./kit_lcd/BRD4104A/displayls013b7dh03.o
 .text.DisplayEnable
                0x00003d28       0x1c ./kit_lcd/BRD4104A/displayls013b7dh03.o
 .text.DISPLAY_Ls013b7dh03Init
                0x00003d44       0xf4 ./kit_lcd/BRD4104A/displayls013b7dh03.o
                0x00003d44                DISPLAY_Ls013b7dh03Init
 .text.PAL_SpiInit
                0x00003e38       0x50 ./kit_lcd/BRD4104A/displaypalemlib.o
                0x00003e38                PAL_SpiInit
 .text.PAL_SpiTransmit
                0x00003e88       0x40 ./kit_lcd/BRD4104A/displaypalemlib.o
                0x00003e88                PAL_SpiTransmit
 .text.PAL_TimerInit
                0x00003ec8        0xc ./kit_lcd/BRD4104A/displaypalemlib.o
                0x00003ec8                PAL_TimerInit
 .text.PAL_TimerMicroSecondsDelay
                0x00003ed4        0xc ./kit_lcd/BRD4104A/displaypalemlib.o
                0x00003ed4                PAL_TimerMicroSecondsDelay
 .text.PAL_TimerRepeat
                0x00003ee0       0x18 ./kit_lcd/BRD4104A/displaypalemlib.o
                0x00003ee0                PAL_TimerRepeat
 .text.PAL_GpioInit
                0x00003ef8       0x14 ./kit_lcd/BRD4104A/displaypalemlib.o
                0x00003ef8                PAL_GpioInit
 .text.PAL_GpioPinModeSet
                0x00003f0c       0x1c ./kit_lcd/BRD4104A/displaypalemlib.o
                0x00003f0c                PAL_GpioPinModeSet
 .text.PAL_GpioPinOutSet
                0x00003f28       0x1c ./kit_lcd/BRD4104A/displaypalemlib.o
                0x00003f28                PAL_GpioPinOutSet
 .text.PAL_GpioPinOutClear
                0x00003f44       0x1c ./kit_lcd/BRD4104A/displaypalemlib.o
                0x00003f44                PAL_GpioPinOutClear
 .text.PAL_GpioPinOutToggle
                0x00003f60       0x1c ./kit_lcd/BRD4104A/displaypalemlib.o
                0x00003f60                PAL_GpioPinOutToggle
 .text._close   0x00003f7c        0x4 ./serial_vcom/retargetio.o
                0x00003f7c                _close
 .text._exit    0x00003f80        0x4 ./serial_vcom/retargetio.o
                0x00003f80                _exit
 .text._fstat   0x00003f84        0xc ./serial_vcom/retargetio.o
                0x00003f84                _fstat
 .text._isatty  0x00003f90        0x4 ./serial_vcom/retargetio.o
                0x00003f90                _isatty
 .text._lseek   0x00003f94        0x4 ./serial_vcom/retargetio.o
                0x00003f94                _lseek
 .text._read    0x00003f98       0x30 ./serial_vcom/retargetio.o
                0x00003f98                _read
 .text._sbrk    0x00003fc8       0x1c ./serial_vcom/retargetio.o
                0x00003fc8                _sbrk
 .text._write   0x00003fe4       0x1c ./serial_vcom/retargetio.o
                0x00003fe4                _write
 .text.USART0_RX_IRQHandler
                0x00004000       0x58 ./serial_vcom/retargetserial.o
                0x00004000                USART0_RX_IRQHandler
 .text.RETARGET_SerialInit
                0x00004058       0xc8 ./serial_vcom/retargetserial.o
                0x00004058                RETARGET_SerialInit
 .text.RETARGET_ReadChar
                0x00004120       0x58 ./serial_vcom/retargetserial.o
                0x00004120                RETARGET_ReadChar
 .text.RETARGET_WriteChar
                0x00004178       0x58 ./serial_vcom/retargetserial.o
                0x00004178                RETARGET_WriteChar
 .text.EMU_enter_DefaultMode_from_RESET
                0x000041d0       0x8c ./src/InitDevice.o
                0x000041d0                EMU_enter_DefaultMode_from_RESET
 .text.CMU_enter_DefaultMode_from_RESET
                0x0000425c      0x118 ./src/InitDevice.o
                0x0000425c                CMU_enter_DefaultMode_from_RESET
 .text.RTCC_enter_DefaultMode_from_RESET
                0x00004374       0x48 ./src/InitDevice.o
                0x00004374                RTCC_enter_DefaultMode_from_RESET
 .text.enter_DefaultMode_from_RESET
                0x000043bc       0x64 ./src/InitDevice.o
                0x000043bc                enter_DefaultMode_from_RESET
 .text.mesh_lib_transition_time_to_ms
                0x00004420       0x2c ./stack/bt_mesh_stack/mesh_lib.o
                0x00004420                mesh_lib_transition_time_to_ms
 .text.deserialize_request
                0x0000444c      0x120 ./stack/bt_mesh_stack/mesh_lib.o
                0x0000444c                deserialize_request
 .text.serialize_state
                0x0000456c      0x164 ./stack/bt_mesh_stack/mesh_lib.o
                0x0000456c                serialize_state
 .text.mesh_lib_init
                0x000046d0       0x4c ./stack/bt_mesh_stack/mesh_lib.o
                0x000046d0                mesh_lib_init
 .text.mesh_lib_generic_server_register_handler
                0x0000471c       0x74 ./stack/bt_mesh_stack/mesh_lib.o
                0x0000471c                mesh_lib_generic_server_register_handler
 .text.mesh_lib_generic_server_event_handler
                0x00004790       0x98 ./stack/bt_mesh_stack/mesh_lib.o
                0x00004790                mesh_lib_generic_server_event_handler
 .text.mesh_lib_generic_server_response
                0x00004828       0x98 ./stack/bt_mesh_stack/mesh_lib.o
                0x00004828                mesh_lib_generic_server_response
 .text.mesh_lib_generic_server_update
                0x000048c0       0x84 ./stack/bt_mesh_stack/mesh_lib.o
                0x000048c0                mesh_lib_generic_server_update
 .text.mesh_lib_generic_server_publish
                0x00004944       0x30 ./stack/bt_mesh_stack/mesh_lib.o
                0x00004944                mesh_lib_generic_server_publish
 *fill*         0x00004974        0x4 
 .text          0x00004978    0x3e1d0 C:/SiliconLabs/SimplicityStudio/v4/developer/sdks/blemesh/v1.1//protocol/bluetooth_dev/lib/EFR32XG13X/GCC/\libbluetooth_mesh.a
                0x000049d4                gecko_init_alloc
                0x000050a4                vectors_init
                0x00005424                gecko_sleep_for_ms
                0x000054c4                bgapi_buffer_init
                0x00005538                register_message_handler
                0x0000566c                gecko_handle_library_packet
                0x000064d0                gecko_handle_command
                0x00006554                gecko_handle_command_noresponse
                0x00006584                gecko_external_signal
                0x000066a0                gecko_priority_handle
                0x00006768                gecko_register_bgapi_library
                0x000067c8                gecko_event_pending
                0x0000683c                gecko_peek_event
                0x00006840                gecko_wait_event
                0x00006860                gecko_can_sleep_ms
                0x00006fd8                gecko_stack_init
                0x000087dc                gecko_bgapi_class_mesh_prov_init
                0x000087e8                gecko_bgapi_class_mesh_node_init
                0x00008818                gecko_bgapi_class_mesh_generic_client_init
                0x00008824                gecko_bgapi_class_mesh_generic_server_init
                0x0000e058                gecko_bgapi_class_le_connection_init
                0x0000e064                gecko_bgapi_class_endpoint_init
                0x0000e070                gecko_bgapi_class_sm_init
                0x0000e088                gecko_bgapi_class_flash_init
                0x0000e0a0                gecko_bgapi_class_gatt_server_init
                0x0000e0ac                gecko_bgapi_class_gatt_init
                0x0000e0cc                gecko_bgapi_class_le_gap_init
                0x0000e0d8                gecko_bgapi_class_dfu_init
                0x0000e0e4                gecko_bgapi_class_test_init
                0x0000e0fc                gecko_bgapi_class_hardware_init
                0x0000e114                gecko_bgapi_class_system_init
                0x00021eee                RAIL_EnablePti
                0x00021ef4                RAIL_GetPtiConfig
                0x00021efa                RAIL_ConfigPti
                0x00038b20                bg_pool_size
                0x00038dbc                bg_pool_free_count
                0x00039386                bg_message_send
 .text.unlikely
                0x00042b48       0x3a C:/SiliconLabs/SimplicityStudio/v4/developer/sdks/blemesh/v1.1//protocol/bluetooth_dev/lib/EFR32XG13X/GCC/\libbluetooth_mesh.a
 *fill*         0x00042b82        0x2 
 .text          0x00042b84       0x38 c:/siliconlabs/simplicitystudio/v4/developer/toolchains/gnu_arm/4.9_2015q3/bin/../lib/gcc/arm-none-eabi/4.9.3/armv7e-m/softfp\libgcc.a(_aeabi_ldivmod.o)
                0x00042b84                __aeabi_ldivmod
 .text          0x00042bbc       0x30 c:/siliconlabs/simplicitystudio/v4/developer/toolchains/gnu_arm/4.9_2015q3/bin/../lib/gcc/arm-none-eabi/4.9.3/armv7e-m/softfp\libgcc.a(_aeabi_uldivmod.o)
                0x00042bbc                __aeabi_uldivmod
 .text          0x00042bec       0x60 c:/siliconlabs/simplicitystudio/v4/developer/toolchains/gnu_arm/4.9_2015q3/bin/../lib/gcc/arm-none-eabi/4.9.3/armv7e-m/softfp\libgcc.a(bpabi.o)
                0x00042bec                __gnu_ldivmod_helper
                0x00042c1c                __gnu_uldivmod_helper
 .text          0x00042c4c        0x4 c:/siliconlabs/simplicitystudio/v4/developer/toolchains/gnu_arm/4.9_2015q3/bin/../lib/gcc/arm-none-eabi/4.9.3/armv7e-m/softfp\libgcc.a(_dvmd_tls.o)
                0x00042c4c                __aeabi_idiv0
                0x00042c4c                __aeabi_ldiv0
 .text          0x00042c50      0x29c c:/siliconlabs/simplicitystudio/v4/developer/toolchains/gnu_arm/4.9_2015q3/bin/../lib/gcc/arm-none-eabi/4.9.3/armv7e-m/softfp\libgcc.a(_divdi3.o)
                0x00042c50                __divdi3
 .text          0x00042eec      0x26c c:/siliconlabs/simplicitystudio/v4/developer/toolchains/gnu_arm/4.9_2015q3/bin/../lib/gcc/arm-none-eabi/4.9.3/armv7e-m/softfp\libgcc.a(_udivdi3.o)
                0x00042eec                __udivdi3
 .text.exit     0x00043158       0x20 c:/siliconlabs/simplicitystudio/v4/developer/toolchains/gnu_arm/4.9_2015q3/bin/../lib/gcc/arm-none-eabi/4.9.3/../../../../arm-none-eabi/lib/armv7e-m/softfp\libc.a(lib_a-exit.o)
                0x00043158                exit
 .text.__libc_init_array
                0x00043178       0x50 c:/siliconlabs/simplicitystudio/v4/developer/toolchains/gnu_arm/4.9_2015q3/bin/../lib/gcc/arm-none-eabi/4.9.3/../../../../arm-none-eabi/lib/armv7e-m/softfp\libc.a(lib_a-init.o)
                0x00043178                __libc_init_array
 .text.malloc   0x000431c8       0x10 c:/siliconlabs/simplicitystudio/v4/developer/toolchains/gnu_arm/4.9_2015q3/bin/../lib/gcc/arm-none-eabi/4.9.3/../../../../arm-none-eabi/lib/armv7e-m/softfp\libc.a(lib_a-malloc.o)
                0x000431c8                malloc
 .text.free     0x000431d8       0x10 c:/siliconlabs/simplicitystudio/v4/developer/toolchains/gnu_arm/4.9_2015q3/bin/../lib/gcc/arm-none-eabi/4.9.3/../../../../arm-none-eabi/lib/armv7e-m/softfp\libc.a(lib_a-malloc.o)
                0x000431d8                free
 .text._malloc_r
                0x000431e8      0x524 c:/siliconlabs/simplicitystudio/v4/developer/toolchains/gnu_arm/4.9_2015q3/bin/../lib/gcc/arm-none-eabi/4.9.3/../../../../arm-none-eabi/lib/armv7e-m/softfp\libc.a(lib_a-mallocr.o)
                0x000431e8                _malloc_r
 .text.memcmp   0x0004370c       0x64 c:/siliconlabs/simplicitystudio/v4/developer/toolchains/gnu_arm/4.9_2015q3/bin/../lib/gcc/arm-none-eabi/4.9.3/../../../../arm-none-eabi/lib/armv7e-m/softfp\libc.a(lib_a-memcmp.o)
                0x0004370c                memcmp
 .text          0x00043770      0x134 c:/siliconlabs/simplicitystudio/v4/developer/toolchains/gnu_arm/4.9_2015q3/bin/../lib/gcc/arm-none-eabi/4.9.3/../../../../arm-none-eabi/lib/armv7e-m/softfp\libc.a(lib_a-memcpy.o)
                0x00043770                memcpy
 .text.memmove  0x000438a4       0xc8 c:/siliconlabs/simplicitystudio/v4/developer/toolchains/gnu_arm/4.9_2015q3/bin/../lib/gcc/arm-none-eabi/4.9.3/../../../../arm-none-eabi/lib/armv7e-m/softfp\libc.a(lib_a-memmove.o)
                0x000438a4                memmove
 .text.memset   0x0004396c       0x9c c:/siliconlabs/simplicitystudio/v4/developer/toolchains/gnu_arm/4.9_2015q3/bin/../lib/gcc/arm-none-eabi/4.9.3/../../../../arm-none-eabi/lib/armv7e-m/softfp\libc.a(lib_a-memset.o)
                0x0004396c                memset
 .text.__malloc_lock
                0x00043a08        0x4 c:/siliconlabs/simplicitystudio/v4/developer/toolchains/gnu_arm/4.9_2015q3/bin/../lib/gcc/arm-none-eabi/4.9.3/../../../../arm-none-eabi/lib/armv7e-m/softfp\libc.a(lib_a-mlock.o)
                0x00043a08                __malloc_lock
 .text.__malloc_unlock
                0x00043a0c        0x4 c:/siliconlabs/simplicitystudio/v4/developer/toolchains/gnu_arm/4.9_2015q3/bin/../lib/gcc/arm-none-eabi/4.9.3/../../../../arm-none-eabi/lib/armv7e-m/softfp\libc.a(lib_a-mlock.o)
                0x00043a0c                __malloc_unlock
 .text.printf   0x00043a10       0x28 c:/siliconlabs/simplicitystudio/v4/developer/toolchains/gnu_arm/4.9_2015q3/bin/../lib/gcc/arm-none-eabi/4.9.3/../../../../arm-none-eabi/lib/armv7e-m/softfp\libc.a(lib_a-printf.o)
                0x00043a10                printf
 .text._sbrk_r  0x00043a38       0x24 c:/siliconlabs/simplicitystudio/v4/developer/toolchains/gnu_arm/4.9_2015q3/bin/../lib/gcc/arm-none-eabi/4.9.3/../../../../arm-none-eabi/lib/armv7e-m/softfp\libc.a(lib_a-sbrkr.o)
                0x00043a38                _sbrk_r
 .text.setvbuf  0x00043a5c       0xf8 c:/siliconlabs/simplicitystudio/v4/developer/toolchains/gnu_arm/4.9_2015q3/bin/../lib/gcc/arm-none-eabi/4.9.3/../../../../arm-none-eabi/lib/armv7e-m/softfp\libc.a(lib_a-setvbuf.o)
                0x00043a5c                setvbuf
 .text.sprintf  0x00043b54       0x4c c:/siliconlabs/simplicitystudio/v4/developer/toolchains/gnu_arm/4.9_2015q3/bin/../lib/gcc/arm-none-eabi/4.9.3/../../../../arm-none-eabi/lib/armv7e-m/softfp\libc.a(lib_a-sprintf.o)
                0x00043b54                sprintf
 .text.strcat   0x00043ba0       0x40 c:/siliconlabs/simplicitystudio/v4/developer/toolchains/gnu_arm/4.9_2015q3/bin/../lib/gcc/arm-none-eabi/4.9.3/../../../../arm-none-eabi/lib/armv7e-m/softfp\libc.a(lib_a-strcat.o)
                0x00043ba0                strcat
 .text          0x00043be0      0x2dc c:/siliconlabs/simplicitystudio/v4/developer/toolchains/gnu_arm/4.9_2015q3/bin/../lib/gcc/arm-none-eabi/4.9.3/../../../../arm-none-eabi/lib/armv7e-m/softfp\libc.a(lib_a-strcmp.o)
                0x00043be8                strcmp
 .text.strcpy   0x00043ebc       0xbc c:/siliconlabs/simplicitystudio/v4/developer/toolchains/gnu_arm/4.9_2015q3/bin/../lib/gcc/arm-none-eabi/4.9.3/../../../../arm-none-eabi/lib/armv7e-m/softfp\libc.a(lib_a-strcpy.o)
                0x00043ebc                strcpy
 .text.strlen   0x00043f78       0x5c c:/siliconlabs/simplicitystudio/v4/developer/toolchains/gnu_arm/4.9_2015q3/bin/../lib/gcc/arm-none-eabi/4.9.3/../../../../arm-none-eabi/lib/armv7e-m/softfp\libc.a(lib_a-strlen.o)
                0x00043f78                strlen
 *fill*         0x00043fd4        0x4 
 .text._svfprintf_r
                0x00043fd8     0x14d0 c:/siliconlabs/simplicitystudio/v4/developer/toolchains/gnu_arm/4.9_2015q3/bin/../lib/gcc/arm-none-eabi/4.9.3/../../../../arm-none-eabi/lib/armv7e-m/softfp\libc.a(lib_a-svfprintf.o)
                0x00043fd8                _svfprintf_r
 .text._vfprintf_r
                0x000454a8     0x1428 c:/siliconlabs/simplicitystudio/v4/developer/toolchains/gnu_arm/4.9_2015q3/bin/../lib/gcc/arm-none-eabi/4.9.3/../../../../arm-none-eabi/lib/armv7e-m/softfp\libc.a(lib_a-vfprintf.o)
                0x000454a8                _vfprintf_r
 .text.__sbprintf
                0x000468d0       0x78 c:/siliconlabs/simplicitystudio/v4/developer/toolchains/gnu_arm/4.9_2015q3/bin/../lib/gcc/arm-none-eabi/4.9.3/../../../../arm-none-eabi/lib/armv7e-m/softfp\libc.a(lib_a-vfprintf.o)
 .text.__swsetup_r
                0x00046948       0xc4 c:/siliconlabs/simplicitystudio/v4/developer/toolchains/gnu_arm/4.9_2015q3/bin/../lib/gcc/arm-none-eabi/4.9.3/../../../../arm-none-eabi/lib/armv7e-m/softfp\libc.a(lib_a-wsetup.o)
                0x00046948                __swsetup_r
 .text.startup.register_fini
                0x00046a0c       0x14 c:/siliconlabs/simplicitystudio/v4/developer/toolchains/gnu_arm/4.9_2015q3/bin/../lib/gcc/arm-none-eabi/4.9.3/../../../../arm-none-eabi/lib/armv7e-m/softfp\libc.a(lib_a-__call_atexit.o)
 .text.__call_exitprocs
                0x00046a20       0xd4 c:/siliconlabs/simplicitystudio/v4/developer/toolchains/gnu_arm/4.9_2015q3/bin/../lib/gcc/arm-none-eabi/4.9.3/../../../../arm-none-eabi/lib/armv7e-m/softfp\libc.a(lib_a-__call_atexit.o)
                0x00046a20                __call_exitprocs
 .text.atexit   0x00046af4        0xc c:/siliconlabs/simplicitystudio/v4/developer/toolchains/gnu_arm/4.9_2015q3/bin/../lib/gcc/arm-none-eabi/4.9.3/../../../../arm-none-eabi/lib/armv7e-m/softfp\libc.a(lib_a-atexit.o)
                0x00046af4                atexit
 .text.quorem   0x00046b00      0x12c c:/siliconlabs/simplicitystudio/v4/developer/toolchains/gnu_arm/4.9_2015q3/bin/../lib/gcc/arm-none-eabi/4.9.3/../../../../arm-none-eabi/lib/armv7e-m/softfp\libc.a(lib_a-dtoa.o)
 *fill*         0x00046c2c        0x4 
 .text._dtoa_r  0x00046c30      0xe90 c:/siliconlabs/simplicitystudio/v4/developer/toolchains/gnu_arm/4.9_2015q3/bin/../lib/gcc/arm-none-eabi/4.9.3/../../../../arm-none-eabi/lib/armv7e-m/softfp\libc.a(lib_a-dtoa.o)
                0x00046c30                _dtoa_r
 .text.__sflush_r
                0x00047ac0      0x154 c:/siliconlabs/simplicitystudio/v4/developer/toolchains/gnu_arm/4.9_2015q3/bin/../lib/gcc/arm-none-eabi/4.9.3/../../../../arm-none-eabi/lib/armv7e-m/softfp\libc.a(lib_a-fflush.o)
                0x00047ac0                __sflush_r
 .text._fflush_r
                0x00047c14       0x2c c:/siliconlabs/simplicitystudio/v4/developer/toolchains/gnu_arm/4.9_2015q3/bin/../lib/gcc/arm-none-eabi/4.9.3/../../../../arm-none-eabi/lib/armv7e-m/softfp\libc.a(lib_a-fflush.o)
                0x00047c14                _fflush_r
 .text._cleanup_r
                0x00047c40        0xc c:/siliconlabs/simplicitystudio/v4/developer/toolchains/gnu_arm/4.9_2015q3/bin/../lib/gcc/arm-none-eabi/4.9.3/../../../../arm-none-eabi/lib/armv7e-m/softfp\libc.a(lib_a-findfp.o)
                0x00047c40                _cleanup_r
 .text.__sinit.part.1
                0x00047c4c       0xf0 c:/siliconlabs/simplicitystudio/v4/developer/toolchains/gnu_arm/4.9_2015q3/bin/../lib/gcc/arm-none-eabi/4.9.3/../../../../arm-none-eabi/lib/armv7e-m/softfp\libc.a(lib_a-findfp.o)
 .text.__sinit  0x00047d3c        0xc c:/siliconlabs/simplicitystudio/v4/developer/toolchains/gnu_arm/4.9_2015q3/bin/../lib/gcc/arm-none-eabi/4.9.3/../../../../arm-none-eabi/lib/armv7e-m/softfp\libc.a(lib_a-findfp.o)
                0x00047d3c                __sinit
 .text.__sfp_lock_acquire
                0x00047d48        0x4 c:/siliconlabs/simplicitystudio/v4/developer/toolchains/gnu_arm/4.9_2015q3/bin/../lib/gcc/arm-none-eabi/4.9.3/../../../../arm-none-eabi/lib/armv7e-m/softfp\libc.a(lib_a-findfp.o)
                0x00047d48                __sfp_lock_acquire
 .text.__sfp_lock_release
                0x00047d4c        0x4 c:/siliconlabs/simplicitystudio/v4/developer/toolchains/gnu_arm/4.9_2015q3/bin/../lib/gcc/arm-none-eabi/4.9.3/../../../../arm-none-eabi/lib/armv7e-m/softfp\libc.a(lib_a-findfp.o)
                0x00047d4c                __sfp_lock_release
 .text.__libc_fini_array
                0x00047d50       0x2c c:/siliconlabs/simplicitystudio/v4/developer/toolchains/gnu_arm/4.9_2015q3/bin/../lib/gcc/arm-none-eabi/4.9.3/../../../../arm-none-eabi/lib/armv7e-m/softfp\libc.a(lib_a-fini.o)
                0x00047d50                __libc_fini_array
 .text._malloc_trim_r
                0x00047d7c       0x9c c:/siliconlabs/simplicitystudio/v4/developer/toolchains/gnu_arm/4.9_2015q3/bin/../lib/gcc/arm-none-eabi/4.9.3/../../../../arm-none-eabi/lib/armv7e-m/softfp\libc.a(lib_a-freer.o)
                0x00047d7c                _malloc_trim_r
 .text._free_r  0x00047e18      0x1b0 c:/siliconlabs/simplicitystudio/v4/developer/toolchains/gnu_arm/4.9_2015q3/bin/../lib/gcc/arm-none-eabi/4.9.3/../../../../arm-none-eabi/lib/armv7e-m/softfp\libc.a(lib_a-freer.o)
                0x00047e18                _free_r
 .text._fwalk_reent
                0x00047fc8       0x54 c:/siliconlabs/simplicitystudio/v4/developer/toolchains/gnu_arm/4.9_2015q3/bin/../lib/gcc/arm-none-eabi/4.9.3/../../../../arm-none-eabi/lib/armv7e-m/softfp\libc.a(lib_a-fwalk.o)
                0x00047fc8                _fwalk_reent
 .text.__locale_charset
                0x0004801c        0x8 c:/siliconlabs/simplicitystudio/v4/developer/toolchains/gnu_arm/4.9_2015q3/bin/../lib/gcc/arm-none-eabi/4.9.3/../../../../arm-none-eabi/lib/armv7e-m/softfp\libc.a(lib_a-locale.o)
                0x0004801c                __locale_charset
 .text.__locale_mb_cur_max
                0x00048024        0xc c:/siliconlabs/simplicitystudio/v4/developer/toolchains/gnu_arm/4.9_2015q3/bin/../lib/gcc/arm-none-eabi/4.9.3/../../../../arm-none-eabi/lib/armv7e-m/softfp\libc.a(lib_a-locale.o)
                0x00048024                __locale_mb_cur_max
 .text._localeconv_r
                0x00048030        0x8 c:/siliconlabs/simplicitystudio/v4/developer/toolchains/gnu_arm/4.9_2015q3/bin/../lib/gcc/arm-none-eabi/4.9.3/../../../../arm-none-eabi/lib/armv7e-m/softfp\libc.a(lib_a-locale.o)
                0x00048030                _localeconv_r
 .text.__smakebuf_r
                0x00048038       0xe0 c:/siliconlabs/simplicitystudio/v4/developer/toolchains/gnu_arm/4.9_2015q3/bin/../lib/gcc/arm-none-eabi/4.9.3/../../../../arm-none-eabi/lib/armv7e-m/softfp\libc.a(lib_a-makebuf.o)
                0x00048038                __smakebuf_r
 .text.memchr   0x00048118       0x94 c:/siliconlabs/simplicitystudio/v4/developer/toolchains/gnu_arm/4.9_2015q3/bin/../lib/gcc/arm-none-eabi/4.9.3/../../../../arm-none-eabi/lib/armv7e-m/softfp\libc.a(lib_a-memchr.o)
                0x00048118                memchr
 .text._Balloc  0x000481ac       0x4c c:/siliconlabs/simplicitystudio/v4/developer/toolchains/gnu_arm/4.9_2015q3/bin/../lib/gcc/arm-none-eabi/4.9.3/../../../../arm-none-eabi/lib/armv7e-m/softfp\libc.a(lib_a-mprec.o)
                0x000481ac                _Balloc
 .text._Bfree   0x000481f8       0x14 c:/siliconlabs/simplicitystudio/v4/developer/toolchains/gnu_arm/4.9_2015q3/bin/../lib/gcc/arm-none-eabi/4.9.3/../../../../arm-none-eabi/lib/armv7e-m/softfp\libc.a(lib_a-mprec.o)
                0x000481f8                _Bfree
 .text.__multadd
                0x0004820c       0x84 c:/siliconlabs/simplicitystudio/v4/developer/toolchains/gnu_arm/4.9_2015q3/bin/../lib/gcc/arm-none-eabi/4.9.3/../../../../arm-none-eabi/lib/armv7e-m/softfp\libc.a(lib_a-mprec.o)
                0x0004820c                __multadd
 .text.__hi0bits
                0x00048290       0x40 c:/siliconlabs/simplicitystudio/v4/developer/toolchains/gnu_arm/4.9_2015q3/bin/../lib/gcc/arm-none-eabi/4.9.3/../../../../arm-none-eabi/lib/armv7e-m/softfp\libc.a(lib_a-mprec.o)
                0x00048290                __hi0bits
 .text.__lo0bits
                0x000482d0       0x5c c:/siliconlabs/simplicitystudio/v4/developer/toolchains/gnu_arm/4.9_2015q3/bin/../lib/gcc/arm-none-eabi/4.9.3/../../../../arm-none-eabi/lib/armv7e-m/softfp\libc.a(lib_a-mprec.o)
                0x000482d0                __lo0bits
 .text.__i2b    0x0004832c       0x14 c:/siliconlabs/simplicitystudio/v4/developer/toolchains/gnu_arm/4.9_2015q3/bin/../lib/gcc/arm-none-eabi/4.9.3/../../../../arm-none-eabi/lib/armv7e-m/softfp\libc.a(lib_a-mprec.o)
                0x0004832c                __i2b
 .text.__multiply
                0x00048340      0x134 c:/siliconlabs/simplicitystudio/v4/developer/toolchains/gnu_arm/4.9_2015q3/bin/../lib/gcc/arm-none-eabi/4.9.3/../../../../arm-none-eabi/lib/armv7e-m/softfp\libc.a(lib_a-mprec.o)
                0x00048340                __multiply
 .text.__pow5mult
                0x00048474       0xa0 c:/siliconlabs/simplicitystudio/v4/developer/toolchains/gnu_arm/4.9_2015q3/bin/../lib/gcc/arm-none-eabi/4.9.3/../../../../arm-none-eabi/lib/armv7e-m/softfp\libc.a(lib_a-mprec.o)
                0x00048474                __pow5mult
 .text.__lshift
                0x00048514       0xac c:/siliconlabs/simplicitystudio/v4/developer/toolchains/gnu_arm/4.9_2015q3/bin/../lib/gcc/arm-none-eabi/4.9.3/../../../../arm-none-eabi/lib/armv7e-m/softfp\libc.a(lib_a-mprec.o)
                0x00048514                __lshift
 .text.__mcmp   0x000485c0       0x48 c:/siliconlabs/simplicitystudio/v4/developer/toolchains/gnu_arm/4.9_2015q3/bin/../lib/gcc/arm-none-eabi/4.9.3/../../../../arm-none-eabi/lib/armv7e-m/softfp\libc.a(lib_a-mprec.o)
                0x000485c0                __mcmp
 .text.__mdiff  0x00048608       0xd4 c:/siliconlabs/simplicitystudio/v4/developer/toolchains/gnu_arm/4.9_2015q3/bin/../lib/gcc/arm-none-eabi/4.9.3/../../../../arm-none-eabi/lib/armv7e-m/softfp\libc.a(lib_a-mprec.o)
                0x00048608                __mdiff
 .text.__d2b    0x000486dc       0xb8 c:/siliconlabs/simplicitystudio/v4/developer/toolchains/gnu_arm/4.9_2015q3/bin/../lib/gcc/arm-none-eabi/4.9.3/../../../../arm-none-eabi/lib/armv7e-m/softfp\libc.a(lib_a-mprec.o)
                0x000486dc                __d2b
 .text.__fpclassifyd
                0x00048794       0x58 c:/siliconlabs/simplicitystudio/v4/developer/toolchains/gnu_arm/4.9_2015q3/bin/../lib/gcc/arm-none-eabi/4.9.3/../../../../arm-none-eabi/lib/armv7e-m/softfp\libc.a(lib_a-s_fpclassify.o)
                0x00048794                __fpclassifyd
 .text.__sread  0x000487ec       0x24 c:/siliconlabs/simplicitystudio/v4/developer/toolchains/gnu_arm/4.9_2015q3/bin/../lib/gcc/arm-none-eabi/4.9.3/../../../../arm-none-eabi/lib/armv7e-m/softfp\libc.a(lib_a-stdio.o)
                0x000487ec                __sread
 .text.__swrite
                0x00048810       0x38 c:/siliconlabs/simplicitystudio/v4/developer/toolchains/gnu_arm/4.9_2015q3/bin/../lib/gcc/arm-none-eabi/4.9.3/../../../../arm-none-eabi/lib/armv7e-m/softfp\libc.a(lib_a-stdio.o)
                0x00048810                __swrite
 .text.__sseek  0x00048848       0x20 c:/siliconlabs/simplicitystudio/v4/developer/toolchains/gnu_arm/4.9_2015q3/bin/../lib/gcc/arm-none-eabi/4.9.3/../../../../arm-none-eabi/lib/armv7e-m/softfp\libc.a(lib_a-stdio.o)
                0x00048848                __sseek
 .text.__sclose
                0x00048868        0x8 c:/siliconlabs/simplicitystudio/v4/developer/toolchains/gnu_arm/4.9_2015q3/bin/../lib/gcc/arm-none-eabi/4.9.3/../../../../arm-none-eabi/lib/armv7e-m/softfp\libc.a(lib_a-stdio.o)
                0x00048868                __sclose
 .text.__ssprint_r
                0x00048870      0x104 c:/siliconlabs/simplicitystudio/v4/developer/toolchains/gnu_arm/4.9_2015q3/bin/../lib/gcc/arm-none-eabi/4.9.3/../../../../arm-none-eabi/lib/armv7e-m/softfp\libc.a(lib_a-svfiprintf.o)
                0x00048870                __ssprint_r
 .text.__sprint_r.part.0
                0x00048974       0x78 c:/siliconlabs/simplicitystudio/v4/developer/toolchains/gnu_arm/4.9_2015q3/bin/../lib/gcc/arm-none-eabi/4.9.3/../../../../arm-none-eabi/lib/armv7e-m/softfp\libc.a(lib_a-vfiprintf.o)
 .text.__sprint_r
                0x000489ec       0x18 c:/siliconlabs/simplicitystudio/v4/developer/toolchains/gnu_arm/4.9_2015q3/bin/../lib/gcc/arm-none-eabi/4.9.3/../../../../arm-none-eabi/lib/armv7e-m/softfp\libc.a(lib_a-vfiprintf.o)
                0x000489ec                __sprint_r
 .text._write_r
                0x00048a04       0x28 c:/siliconlabs/simplicitystudio/v4/developer/toolchains/gnu_arm/4.9_2015q3/bin/../lib/gcc/arm-none-eabi/4.9.3/../../../../arm-none-eabi/lib/armv7e-m/softfp\libc.a(lib_a-writer.o)
                0x00048a04                _write_r
 .text.__register_exitproc
                0x00048a2c       0xa4 c:/siliconlabs/simplicitystudio/v4/developer/toolchains/gnu_arm/4.9_2015q3/bin/../lib/gcc/arm-none-eabi/4.9.3/../../../../arm-none-eabi/lib/armv7e-m/softfp\libc.a(lib_a-__atexit.o)
                0x00048a2c                __register_exitproc
 .text._calloc_r
                0x00048ad0       0x60 c:/siliconlabs/simplicitystudio/v4/developer/toolchains/gnu_arm/4.9_2015q3/bin/../lib/gcc/arm-none-eabi/4.9.3/../../../../arm-none-eabi/lib/armv7e-m/softfp\libc.a(lib_a-callocr.o)
                0x00048ad0                _calloc_r
 .text._close_r
                0x00048b30       0x24 c:/siliconlabs/simplicitystudio/v4/developer/toolchains/gnu_arm/4.9_2015q3/bin/../lib/gcc/arm-none-eabi/4.9.3/../../../../arm-none-eabi/lib/armv7e-m/softfp\libc.a(lib_a-closer.o)
                0x00048b30                _close_r
 .text._fclose_r
                0x00048b54       0x84 c:/siliconlabs/simplicitystudio/v4/developer/toolchains/gnu_arm/4.9_2015q3/bin/../lib/gcc/arm-none-eabi/4.9.3/../../../../arm-none-eabi/lib/armv7e-m/softfp\libc.a(lib_a-fclose.o)
                0x00048b54                _fclose_r
 .text.__fputwc
                0x00048bd8       0xb0 c:/siliconlabs/simplicitystudio/v4/developer/toolchains/gnu_arm/4.9_2015q3/bin/../lib/gcc/arm-none-eabi/4.9.3/../../../../arm-none-eabi/lib/armv7e-m/softfp\libc.a(lib_a-fputwc.o)
                0x00048bd8                __fputwc
 .text._fputwc_r
                0x00048c88       0x24 c:/siliconlabs/simplicitystudio/v4/developer/toolchains/gnu_arm/4.9_2015q3/bin/../lib/gcc/arm-none-eabi/4.9.3/../../../../arm-none-eabi/lib/armv7e-m/softfp\libc.a(lib_a-fputwc.o)
                0x00048c88                _fputwc_r
 .text._fstat_r
                0x00048cac       0x28 c:/siliconlabs/simplicitystudio/v4/developer/toolchains/gnu_arm/4.9_2015q3/bin/../lib/gcc/arm-none-eabi/4.9.3/../../../../arm-none-eabi/lib/armv7e-m/softfp\libc.a(lib_a-fstatr.o)
                0x00048cac                _fstat_r
 .text.__sfvwrite_r
                0x00048cd4      0x318 c:/siliconlabs/simplicitystudio/v4/developer/toolchains/gnu_arm/4.9_2015q3/bin/../lib/gcc/arm-none-eabi/4.9.3/../../../../arm-none-eabi/lib/armv7e-m/softfp\libc.a(lib_a-fvwrite.o)
                0x00048cd4                __sfvwrite_r
 .text._isatty_r
                0x00048fec       0x24 c:/siliconlabs/simplicitystudio/v4/developer/toolchains/gnu_arm/4.9_2015q3/bin/../lib/gcc/arm-none-eabi/4.9.3/../../../../arm-none-eabi/lib/armv7e-m/softfp\libc.a(lib_a-isattyr.o)
                0x00048fec                _isatty_r
 .text._lseek_r
                0x00049010       0x28 c:/siliconlabs/simplicitystudio/v4/developer/toolchains/gnu_arm/4.9_2015q3/bin/../lib/gcc/arm-none-eabi/4.9.3/../../../../arm-none-eabi/lib/armv7e-m/softfp\libc.a(lib_a-lseekr.o)
                0x00049010                _lseek_r
 .text._read_r  0x00049038       0x28 c:/siliconlabs/simplicitystudio/v4/developer/toolchains/gnu_arm/4.9_2015q3/bin/../lib/gcc/arm-none-eabi/4.9.3/../../../../arm-none-eabi/lib/armv7e-m/softfp\libc.a(lib_a-readr.o)
                0x00049038                _read_r
 .text._realloc_r
                0x00049060      0x3ec c:/siliconlabs/simplicitystudio/v4/developer/toolchains/gnu_arm/4.9_2015q3/bin/../lib/gcc/arm-none-eabi/4.9.3/../../../../arm-none-eabi/lib/armv7e-m/softfp\libc.a(lib_a-reallocr.o)
                0x00049060                _realloc_r
 .text.__swbuf_r
                0x0004944c       0xa8 c:/siliconlabs/simplicitystudio/v4/developer/toolchains/gnu_arm/4.9_2015q3/bin/../lib/gcc/arm-none-eabi/4.9.3/../../../../arm-none-eabi/lib/armv7e-m/softfp\libc.a(lib_a-wbuf.o)
                0x0004944c                __swbuf_r
 .text._wcrtomb_r
                0x000494f4       0x54 c:/siliconlabs/simplicitystudio/v4/developer/toolchains/gnu_arm/4.9_2015q3/bin/../lib/gcc/arm-none-eabi/4.9.3/../../../../arm-none-eabi/lib/armv7e-m/softfp\libc.a(lib_a-wcrtomb.o)
                0x000494f4                _wcrtomb_r
 .text.__ascii_wctomb
                0x00049548       0x1c c:/siliconlabs/simplicitystudio/v4/developer/toolchains/gnu_arm/4.9_2015q3/bin/../lib/gcc/arm-none-eabi/4.9.3/../../../../arm-none-eabi/lib/armv7e-m/softfp\libc.a(lib_a-wctomb_r.o)
                0x00049548                __ascii_wctomb
 .text          0x00049564      0x370 c:/siliconlabs/simplicitystudio/v4/developer/toolchains/gnu_arm/4.9_2015q3/bin/../lib/gcc/arm-none-eabi/4.9.3/armv7e-m/softfp\libgcc.a(_arm_addsubdf3.o)
                0x00049564                __aeabi_drsub
                0x0004956c                __aeabi_dsub
                0x0004956c                __subdf3
                0x00049570                __aeabi_dadd
                0x00049570                __adddf3
                0x000497e8                __floatunsidf
                0x000497e8                __aeabi_ui2d
                0x00049808                __floatsidf
                0x00049808                __aeabi_i2d
                0x0004982c                __aeabi_f2d
                0x0004982c                __extendsfdf2
                0x00049868                __floatundidf
                0x00049868                __aeabi_ul2d
                0x00049878                __floatdidf
                0x00049878                __aeabi_l2d
 .text          0x000498d4      0x424 c:/siliconlabs/simplicitystudio/v4/developer/toolchains/gnu_arm/4.9_2015q3/bin/../lib/gcc/arm-none-eabi/4.9.3/armv7e-m/softfp\libgcc.a(_arm_muldivdf3.o)
                0x000498d4                __aeabi_dmul
                0x000498d4                __muldf3
                0x00049b28                __divdf3
                0x00049b28                __aeabi_ddiv
 .text          0x00049cf8      0x110 c:/siliconlabs/simplicitystudio/v4/developer/toolchains/gnu_arm/4.9_2015q3/bin/../lib/gcc/arm-none-eabi/4.9.3/armv7e-m/softfp\libgcc.a(_arm_cmpdf2.o)
                0x00049cf8                __gtdf2
                0x00049cf8                __gedf2
                0x00049d00                __ltdf2
                0x00049d00                __ledf2
                0x00049d08                __nedf2
                0x00049d08                __eqdf2
                0x00049d08                __cmpdf2
                0x00049d84                __aeabi_cdrcmple
                0x00049d94                __aeabi_cdcmpeq
                0x00049d94                __aeabi_cdcmple
                0x00049da4                __aeabi_dcmpeq
                0x00049db8                __aeabi_dcmplt
                0x00049dcc                __aeabi_dcmple
                0x00049de0                __aeabi_dcmpge
                0x00049df4                __aeabi_dcmpgt
 .text          0x00049e08       0x50 c:/siliconlabs/simplicitystudio/v4/developer/toolchains/gnu_arm/4.9_2015q3/bin/../lib/gcc/arm-none-eabi/4.9.3/armv7e-m/softfp\libgcc.a(_arm_fixdfsi.o)
                0x00049e08                __aeabi_d2iz
                0x00049e08                __fixdfsi
 *(.init)
 .init          0x00049e58        0x4 c:/siliconlabs/simplicitystudio/v4/developer/toolchains/gnu_arm/4.9_2015q3/bin/../lib/gcc/arm-none-eabi/4.9.3/armv7e-m/softfp/crti.o
                0x00049e58                _init
 .init          0x00049e5c        0x8 c:/siliconlabs/simplicitystudio/v4/developer/toolchains/gnu_arm/4.9_2015q3/bin/../lib/gcc/arm-none-eabi/4.9.3/armv7e-m/softfp/crtn.o
 *(.fini)
 .fini          0x00049e64        0x4 c:/siliconlabs/simplicitystudio/v4/developer/toolchains/gnu_arm/4.9_2015q3/bin/../lib/gcc/arm-none-eabi/4.9.3/armv7e-m/softfp/crti.o
                0x00049e64                _fini
 .fini          0x00049e68        0x8 c:/siliconlabs/simplicitystudio/v4/developer/toolchains/gnu_arm/4.9_2015q3/bin/../lib/gcc/arm-none-eabi/4.9.3/armv7e-m/softfp/crtn.o
 .fini.__stub   0x00049e70       0x20 linker stubs
 *crtbegin.o(.ctors)
 *crtbegin?.o(.ctors)
 *(EXCLUDE_FILE(*crtend.o *crtend?.o) .ctors)
 *(SORT(.ctors.*))
 *(.ctors)
 *crtbegin.o(.dtors)
 *crtbegin?.o(.dtors)
 *(EXCLUDE_FILE(*crtend.o *crtend?.o) .dtors)
 *(SORT(.dtors.*))
 *(.dtors)
 *(.rodata*)
 .rodata.__mesh_dcd
                0x00049e90       0x18 ./dcd_light.o
                0x00049e90                __mesh_dcd
 .rodata.__mesh_dcd_len
                0x00049ea8        0x4 ./dcd_light.o
                0x00049ea8                __mesh_dcd_len
 .rodata.config
                0x00049eac       0x38 ./main.o
                0x00049eac                config
 .rodata.str1.4
                0x00049ee4      0x5f8 ./main.o
                                0x608 (size before relaxing)
 .rodata        0x0004a4dc       0x14 ./pti.o
 .rodata.CSWTCH.50
                0x0004a4f0        0x5 ./emlib/em_cmu.o
 *fill*         0x0004a4f5        0x3 
 .rodata.CSWTCH.51
                0x0004a4f8        0x5 ./emlib/em_cmu.o
 *fill*         0x0004a4fd        0x3 
 .rodata.CSWTCH.52
                0x0004a500        0x5 ./emlib/em_cmu.o
 *fill*         0x0004a505        0x3 
 .rodata.CSWTCH.49
                0x0004a508        0x3 ./emlib/em_cmu.o
 *fill*         0x0004a50b        0x1 
 .rodata.flashWsTable
                0x0004a50c       0x28 ./emlib/em_cmu.o
 .rodata.resetCauseMasks
                0x0004a534       0x48 ./emlib/em_rmu.o
 .rodata.GLIB_FontNormal8x8
                0x0004a57c       0x10 ./glib/BRD4104A/glib_font_normal_8x8.o
                0x0004a57c                GLIB_FontNormal8x8
 .rodata.GLIB_FontNormal8x8PixMap
                0x0004a58c      0x320 ./glib/BRD4104A/glib_font_normal_8x8.o
 .rodata        0x0004a8ac        0x9 ./kit/BRD4104A/udelay.o
 *fill*         0x0004a8b5        0x3 
 .rodata        0x0004a8b8       0x18 ./kit_flashpwr/BRD4104A/mx25flash_spi.o
 .rodata.str1.4
                0x0004a8d0       0x15 ./kit_lcd/BRD4104A/displayls013b7dh03.o
 *fill*         0x0004a8e5        0x3 
 .rodata        0x0004a8e8       0x18 ./kit_lcd/BRD4104A/displaypalemlib.o
 .rodata        0x0004a900       0x1c ./serial_vcom/retargetserial.o
 .rodata        0x0004a91c       0x31 ./src/InitDevice.o
 *fill*         0x0004a94d        0x3 
 .rodata        0x0004a950       0x10 ./stack/bt_mesh_stack/mesh_lib.o
 .rodata        0x0004a960     0x26a8 C:/SiliconLabs/SimplicityStudio/v4/developer/sdks/blemesh/v1.1//protocol/bluetooth_dev/lib/EFR32XG13X/GCC/\libbluetooth_mesh.a
 .rodata.str1.1
                0x0004d008      0x359 C:/SiliconLabs/SimplicityStudio/v4/developer/sdks/blemesh/v1.1//protocol/bluetooth_dev/lib/EFR32XG13X/GCC/\libbluetooth_mesh.a
                                0x46c (size before relaxing)
 *fill*         0x0004d361        0x1 
 .rodata.ll_timingEfr32xg13Timing
                0x0004d362       0x28 C:/SiliconLabs/SimplicityStudio/v4/developer/sdks/blemesh/v1.1//protocol/bluetooth_dev/lib/EFR32XG13X/GCC/\libbluetooth_mesh.a
 *fill*         0x0004d38a        0x2 
 .rodata.ll_radioScaToPpm
                0x0004d38c       0x24 C:/SiliconLabs/SimplicityStudio/v4/developer/sdks/blemesh/v1.1//protocol/bluetooth_dev/lib/EFR32XG13X/GCC/\libbluetooth_mesh.a
 .rodata.ble_1M_irCalConfig
                0x0004d3b0       0x19 C:/SiliconLabs/SimplicityStudio/v4/developer/sdks/blemesh/v1.1//protocol/bluetooth_dev/lib/EFR32XG13X/GCC/\libbluetooth_mesh.a
 *fill*         0x0004d3c9        0x3 
 .rodata.ble_1M_timing
                0x0004d3cc       0x18 C:/SiliconLabs/SimplicityStudio/v4/developer/sdks/blemesh/v1.1//protocol/bluetooth_dev/lib/EFR32XG13X/GCC/\libbluetooth_mesh.a
 *fill*         0x0004d3e4       0x1c 
 .rodata.genericSeqProg
                0x0004d400     0x115c C:/SiliconLabs/SimplicityStudio/v4/developer/sdks/blemesh/v1.1//protocol/bluetooth_dev/lib/EFR32XG13X/GCC/\libbluetooth_mesh.a
 .rodata.mbedtls_cipher_definitions
                0x0004e55c       0x50 C:/SiliconLabs/SimplicityStudio/v4/developer/sdks/blemesh/v1.1//protocol/bluetooth_dev/lib/EFR32XG13X/GCC/\libbluetooth_mesh.a
 .rodata.curvesSgDcdc
                0x0004e5ac        0x8 C:/SiliconLabs/SimplicityStudio/v4/developer/sdks/blemesh/v1.1//protocol/bluetooth_dev/lib/EFR32XG13X/GCC/\libbluetooth_mesh.a
 .rodata.curvesSgVbat
                0x0004e5b4        0x8 C:/SiliconLabs/SimplicityStudio/v4/developer/sdks/blemesh/v1.1//protocol/bluetooth_dev/lib/EFR32XG13X/GCC/\libbluetooth_mesh.a
 .rodata.curves24LpVbat
                0x0004e5bc        0xe C:/SiliconLabs/SimplicityStudio/v4/developer/sdks/blemesh/v1.1//protocol/bluetooth_dev/lib/EFR32XG13X/GCC/\libbluetooth_mesh.a
 *fill*         0x0004e5ca        0x2 
 .rodata.curves24HpVbat
                0x0004e5cc        0x8 C:/SiliconLabs/SimplicityStudio/v4/developer/sdks/blemesh/v1.1//protocol/bluetooth_dev/lib/EFR32XG13X/GCC/\libbluetooth_mesh.a
 .rodata.curves24LpDcdc
                0x0004e5d4        0xe C:/SiliconLabs/SimplicityStudio/v4/developer/sdks/blemesh/v1.1//protocol/bluetooth_dev/lib/EFR32XG13X/GCC/\libbluetooth_mesh.a
 *fill*         0x0004e5e2        0x2 
 .rodata.curves24HpDcdc
                0x0004e5e4        0x8 C:/SiliconLabs/SimplicityStudio/v4/developer/sdks/blemesh/v1.1//protocol/bluetooth_dev/lib/EFR32XG13X/GCC/\libbluetooth_mesh.a
 .rodata.str1.4
                0x0004e5ec        0x2 c:/siliconlabs/simplicitystudio/v4/developer/toolchains/gnu_arm/4.9_2015q3/bin/../lib/gcc/arm-none-eabi/4.9.3/../../../../arm-none-eabi/lib/armv7e-m/softfp\libc.a(lib_a-impure.o)
 *fill*         0x0004e5ee        0x2 
 .rodata._global_impure_ptr
                0x0004e5f0        0x4 c:/siliconlabs/simplicitystudio/v4/developer/toolchains/gnu_arm/4.9_2015q3/bin/../lib/gcc/arm-none-eabi/4.9.3/../../../../arm-none-eabi/lib/armv7e-m/softfp\libc.a(lib_a-impure.o)
                0x0004e5f0                _global_impure_ptr
 .rodata.zeroes.6911
                0x0004e5f4       0x10 c:/siliconlabs/simplicitystudio/v4/developer/toolchains/gnu_arm/4.9_2015q3/bin/../lib/gcc/arm-none-eabi/4.9.3/../../../../arm-none-eabi/lib/armv7e-m/softfp\libc.a(lib_a-svfprintf.o)
 .rodata.blanks.6910
                0x0004e604       0x10 c:/siliconlabs/simplicitystudio/v4/developer/toolchains/gnu_arm/4.9_2015q3/bin/../lib/gcc/arm-none-eabi/4.9.3/../../../../arm-none-eabi/lib/armv7e-m/softfp\libc.a(lib_a-svfprintf.o)
 .rodata.str1.4
                0x0004e614       0x42 c:/siliconlabs/simplicitystudio/v4/developer/toolchains/gnu_arm/4.9_2015q3/bin/../lib/gcc/arm-none-eabi/4.9.3/../../../../arm-none-eabi/lib/armv7e-m/softfp\libc.a(lib_a-svfprintf.o)
 *fill*         0x0004e656        0x2 
 .rodata.zeroes.6926
                0x0004e658       0x10 c:/siliconlabs/simplicitystudio/v4/developer/toolchains/gnu_arm/4.9_2015q3/bin/../lib/gcc/arm-none-eabi/4.9.3/../../../../arm-none-eabi/lib/armv7e-m/softfp\libc.a(lib_a-vfprintf.o)
 .rodata.str1.4
                0x00000000       0x42 c:/siliconlabs/simplicitystudio/v4/developer/toolchains/gnu_arm/4.9_2015q3/bin/../lib/gcc/arm-none-eabi/4.9.3/../../../../arm-none-eabi/lib/armv7e-m/softfp\libc.a(lib_a-vfprintf.o)
 .rodata.blanks.6925
                0x0004e668       0x10 c:/siliconlabs/simplicitystudio/v4/developer/toolchains/gnu_arm/4.9_2015q3/bin/../lib/gcc/arm-none-eabi/4.9.3/../../../../arm-none-eabi/lib/armv7e-m/softfp\libc.a(lib_a-vfprintf.o)
 .rodata.str1.4
                0x0004e678       0x10 c:/siliconlabs/simplicitystudio/v4/developer/toolchains/gnu_arm/4.9_2015q3/bin/../lib/gcc/arm-none-eabi/4.9.3/../../../../arm-none-eabi/lib/armv7e-m/softfp\libc.a(lib_a-dtoa.o)
                                 0x12 (size before relaxing)
 .rodata.str1.4
                0x0004e688        0xc c:/siliconlabs/simplicitystudio/v4/developer/toolchains/gnu_arm/4.9_2015q3/bin/../lib/gcc/arm-none-eabi/4.9.3/../../../../arm-none-eabi/lib/armv7e-m/softfp\libc.a(lib_a-locale.o)
                                 0x12 (size before relaxing)
 *fill*         0x0004e694        0x4 
 .rodata.__mprec_tens
                0x0004e698       0xc8 c:/siliconlabs/simplicitystudio/v4/developer/toolchains/gnu_arm/4.9_2015q3/bin/../lib/gcc/arm-none-eabi/4.9.3/../../../../arm-none-eabi/lib/armv7e-m/softfp\libc.a(lib_a-mprec.o)
                0x0004e698                __mprec_tens
 .rodata.p05.5302
                0x0004e760        0xc c:/siliconlabs/simplicitystudio/v4/developer/toolchains/gnu_arm/4.9_2015q3/bin/../lib/gcc/arm-none-eabi/4.9.3/../../../../arm-none-eabi/lib/armv7e-m/softfp\libc.a(lib_a-mprec.o)
 *fill*         0x0004e76c        0x4 
 .rodata.__mprec_bigtens
                0x0004e770       0x28 c:/siliconlabs/simplicitystudio/v4/developer/toolchains/gnu_arm/4.9_2015q3/bin/../lib/gcc/arm-none-eabi/4.9.3/../../../../arm-none-eabi/lib/armv7e-m/softfp\libc.a(lib_a-mprec.o)
                0x0004e770                __mprec_bigtens
 *(.eh_frame*)
 .eh_frame      0x0004e798        0x0 c:/siliconlabs/simplicitystudio/v4/developer/toolchains/gnu_arm/4.9_2015q3/bin/../lib/gcc/arm-none-eabi/4.9.3/armv7e-m/softfp/crtbegin.o
 .eh_frame      0x0004e798       0x70 c:/siliconlabs/simplicitystudio/v4/developer/toolchains/gnu_arm/4.9_2015q3/bin/../lib/gcc/arm-none-eabi/4.9.3/../../../../arm-none-eabi/lib/armv7e-m/softfp\libc.a(lib_a-strcmp.o)
 .eh_frame      0x0004e808        0x4 c:/siliconlabs/simplicitystudio/v4/developer/toolchains/gnu_arm/4.9_2015q3/bin/../lib/gcc/arm-none-eabi/4.9.3/armv7e-m/softfp/crtend.o

.gatt_data      0x0004e80c      0x1aa
 .gatt_data     0x0004e80c      0x1aa ./gatt_db.o
                0x0004e80c                bg_gattdb_data_adv_uuid128_map
                0x0004e810                bg_gattdb_data_adv_uuid16_map
                0x0004e814                bg_gattdb_data_attributes_dynamic_mapping_map
                0x0004e820                bg_gattdb_data_attributes_map
                0x0004e910                bg_gattdb_data_attribute_field_0
                0x0004e914                bg_gattdb_data_attribute_field_1
                0x0004e91c                bg_gattdb_data_attribute_field_2
                0x0004e924                bg_gattdb_data_attribute_field_3
                0x0004e92c                bg_gattdb_data_attribute_field_4
                0x0004e930                bg_gattdb_data_attribute_field_5
                0x0004e934                bg_gattdb_data_attribute_field_6
                0x0004e93c                bg_gattdb_data_attribute_field_7
                0x0004e94c                bg_gattdb_data_attribute_field_8
                0x0004e950                bg_gattdb_data_attribute_field_9
                0x0004e958                bg_gattdb_data_attribute_field_10
                0x0004e960                bg_gattdb_data_attribute_field_11
                0x0004e968                bg_gattdb_data_attribute_field_12
                0x0004e970                bg_gattdb_data_attribute_field_14
                0x0004e974                bg_gattdb_data_attribute_field_15
                0x0004e97c                bg_gattdb_data_attribute_field_16
                0x0004e984                bg_gattdb_data_attribute_field_17
                0x0004e98c                bg_gattdb_data_attribute_field_18
                0x0004e994                bg_gattdb_data_uuidtable_128_map
                0x0004e998                bg_gattdb_data_uuidtable_16_map

.gatt_header    0x0004e9b8       0x34
 .gatt_header   0x0004e9b8       0x34 ./gatt_db.o
                0x0004e9b8                bg_gattdb_data

.glue_7         0x0004e9ec        0x0
 .glue_7        0x00000000        0x0 linker stubs

.glue_7t        0x0004e9ec        0x0
 .glue_7t       0x00000000        0x0 linker stubs

.vfp11_veneer   0x0004e9ec        0x0
 .vfp11_veneer  0x00000000        0x0 linker stubs

.v4_bx          0x0004e9ec        0x0
 .v4_bx         0x00000000        0x0 linker stubs

.iplt           0x0004e9ec        0x0
 .iplt          0x00000000        0x0 c:/siliconlabs/simplicitystudio/v4/developer/toolchains/gnu_arm/4.9_2015q3/bin/../lib/gcc/arm-none-eabi/4.9.3/armv7e-m/softfp/crtbegin.o

.ARM.extab
 *(.ARM.extab* .gnu.linkonce.armextab.*)
                0x0004e9ec                __exidx_start = .

.ARM.exidx      0x0004e9ec        0x8
 *(.ARM.exidx* .gnu.linkonce.armexidx.*)
 .ARM.exidx     0x0004e9ec        0x8 c:/siliconlabs/simplicitystudio/v4/developer/toolchains/gnu_arm/4.9_2015q3/bin/../lib/gcc/arm-none-eabi/4.9.3/../../../../arm-none-eabi/lib/armv7e-m/softfp/crt0.o
 .ARM.exidx     0x0004e9f4        0x0 c:/siliconlabs/simplicitystudio/v4/developer/toolchains/gnu_arm/4.9_2015q3/bin/../lib/gcc/arm-none-eabi/4.9.3/armv7e-m/softfp\libgcc.a(_divdi3.o)
                                  0x8 (size before relaxing)
 .ARM.exidx     0x0004e9f4        0x0 c:/siliconlabs/simplicitystudio/v4/developer/toolchains/gnu_arm/4.9_2015q3/bin/../lib/gcc/arm-none-eabi/4.9.3/armv7e-m/softfp\libgcc.a(_udivdi3.o)
                                  0x8 (size before relaxing)
                0x0004e9f4                __exidx_end = .
                0x0004e9f4                __etext = .

.rel.dyn        0x0004e9f4        0x0
 .rel.iplt      0x00000000        0x0 c:/siliconlabs/simplicitystudio/v4/developer/toolchains/gnu_arm/4.9_2015q3/bin/../lib/gcc/arm-none-eabi/4.9.3/armv7e-m/softfp/crtbegin.o

.data           0x20000000     0x1040 load address 0x0004e9f4
                0x20000000                __data_start__ = .
 *(vtable)
 *(.data*)
 .data.__mesh_dcd_ptr
                0x20000000        0x4 ./dcd_light.o
                0x20000000                __mesh_dcd_ptr
 .data.bg_gattdb_data_attribute_field_2_data
                0x20000004       0x16 ./gatt_db.o
                0x20000004                bg_gattdb_data_attribute_field_2_data
 *fill*         0x2000001a        0x2 
 .data.bg_gattdb
                0x2000001c        0x4 ./gatt_db.o
                0x2000001c                bg_gattdb
 .data.conn_handle
                0x20000020        0x1 ./main.o
 *fill*         0x20000021        0x1 
 .data._my_index
                0x20000022        0x2 ./main.o
 .data.SystemLFXOClock
                0x20000024        0x4 ./device/EFR32_B_1_3_P/system_efr32bg13p.o
 .data.SystemHFXOClock
                0x20000028        0x4 ./device/EFR32_B_1_3_P/system_efr32bg13p.o
 .data.SystemCoreClock
                0x2000002c        0x4 ./device/EFR32_B_1_3_P/system_efr32bg13p.o
                0x2000002c                SystemCoreClock
 .data.SystemHfrcoFreq
                0x20000030        0x4 ./device/EFR32_B_1_3_P/system_efr32bg13p.o
                0x20000030                SystemHfrcoFreq
 .data.auxHfrcoFreq
                0x20000034        0x4 ./emlib/em_cmu.o
 .data.loops_per_jiffy
                0x20000038        0x4 ./kit/BRD4104A/udelay.o
                0x20000038                loops_per_jiffy
 .data.pDisplayDeviceDriverInitFunctions
                0x2000003c        0x8 ./kit_lcd/BRD4104A/display.o
 .data.pixelMatrixPool
                0x20000044        0x4 ./kit_lcd/BRD4104A/displayls013b7dh03.o
 .data          0x20000048      0x4f4 C:/SiliconLabs/SimplicityStudio/v4/developer/sdks/blemesh/v1.1//protocol/bluetooth_dev/lib/EFR32XG13X/GCC/\libbluetooth_mesh.a
 .data.pa_voltmode_config
                0x2000053c        0x2 C:/SiliconLabs/SimplicityStudio/v4/developer/sdks/blemesh/v1.1//protocol/bluetooth_dev/lib/EFR32XG13X/GCC/\libbluetooth_mesh.a
 .data.current_db
                0x2000053e        0x1 C:/SiliconLabs/SimplicityStudio/v4/developer/sdks/blemesh/v1.1//protocol/bluetooth_dev/lib/EFR32XG13X/GCC/\libbluetooth_mesh.a
 *fill*         0x2000053f        0x1 
 .data.sar_config
                0x20000540       0x18 C:/SiliconLabs/SimplicityStudio/v4/developer/sdks/blemesh/v1.1//protocol/bluetooth_dev/lib/EFR32XG13X/GCC/\libbluetooth_mesh.a
 .data.RFSENSE_RfOscFreqHz
                0x20000558        0x4 C:/SiliconLabs/SimplicityStudio/v4/developer/sdks/blemesh/v1.1//protocol/bluetooth_dev/lib/EFR32XG13X/GCC/\libbluetooth_mesh.a
 .data.gatt_max_mtu_config
                0x2000055c        0x2 C:/SiliconLabs/SimplicityStudio/v4/developer/sdks/blemesh/v1.1//protocol/bluetooth_dev/lib/EFR32XG13X/GCC/\libbluetooth_mesh.a
 *fill*         0x2000055e        0x2 
 .data.impure_data
                0x20000560      0x428 c:/siliconlabs/simplicitystudio/v4/developer/toolchains/gnu_arm/4.9_2015q3/bin/../lib/gcc/arm-none-eabi/4.9.3/../../../../arm-none-eabi/lib/armv7e-m/softfp\libc.a(lib_a-impure.o)
 .data._impure_ptr
                0x20000988        0x4 c:/siliconlabs/simplicitystudio/v4/developer/toolchains/gnu_arm/4.9_2015q3/bin/../lib/gcc/arm-none-eabi/4.9.3/../../../../arm-none-eabi/lib/armv7e-m/softfp\libc.a(lib_a-impure.o)
                0x20000988                _impure_ptr
 .data.__malloc_av_
                0x2000098c      0x408 c:/siliconlabs/simplicitystudio/v4/developer/toolchains/gnu_arm/4.9_2015q3/bin/../lib/gcc/arm-none-eabi/4.9.3/../../../../arm-none-eabi/lib/armv7e-m/softfp\libc.a(lib_a-mallocr.o)
                0x2000098c                __malloc_av_
 .data.__malloc_trim_threshold
                0x20000d94        0x4 c:/siliconlabs/simplicitystudio/v4/developer/toolchains/gnu_arm/4.9_2015q3/bin/../lib/gcc/arm-none-eabi/4.9.3/../../../../arm-none-eabi/lib/armv7e-m/softfp\libc.a(lib_a-mallocr.o)
                0x20000d94                __malloc_trim_threshold
 .data.__malloc_sbrk_base
                0x20000d98        0x4 c:/siliconlabs/simplicitystudio/v4/developer/toolchains/gnu_arm/4.9_2015q3/bin/../lib/gcc/arm-none-eabi/4.9.3/../../../../arm-none-eabi/lib/armv7e-m/softfp\libc.a(lib_a-mallocr.o)
                0x20000d98                __malloc_sbrk_base
 .data.lconv    0x20000d9c       0x38 c:/siliconlabs/simplicitystudio/v4/developer/toolchains/gnu_arm/4.9_2015q3/bin/../lib/gcc/arm-none-eabi/4.9.3/../../../../arm-none-eabi/lib/armv7e-m/softfp\libc.a(lib_a-locale.o)
 .data.lc_ctype_charset
                0x20000dd4       0x20 c:/siliconlabs/simplicitystudio/v4/developer/toolchains/gnu_arm/4.9_2015q3/bin/../lib/gcc/arm-none-eabi/4.9.3/../../../../arm-none-eabi/lib/armv7e-m/softfp\libc.a(lib_a-locale.o)
 .data.__mb_cur_max
                0x20000df4        0x4 c:/siliconlabs/simplicitystudio/v4/developer/toolchains/gnu_arm/4.9_2015q3/bin/../lib/gcc/arm-none-eabi/4.9.3/../../../../arm-none-eabi/lib/armv7e-m/softfp\libc.a(lib_a-locale.o)
                0x20000df4                __mb_cur_max
 .data.__wctomb
                0x20000df8        0x4 c:/siliconlabs/simplicitystudio/v4/developer/toolchains/gnu_arm/4.9_2015q3/bin/../lib/gcc/arm-none-eabi/4.9.3/../../../../arm-none-eabi/lib/armv7e-m/softfp\libc.a(lib_a-wctomb_r.o)
                0x20000df8                __wctomb
                0x20000dfc                . = ALIGN (0x4)
 *(.ram)
 .ram           0x20000dfc      0x234 ./emlib/em_msc.o
                0x20000dfc                mscRfAssertEFM
                0x20000e00                MSC_LoadVerifyAddress
                0x20000e50                MSC_LoadWriteData
                0x20000ef8                MSC_WriteWordI
                0x20000f74                MSC_ErasePage
                0x20000ff4                MSC_WriteWord
                0x20000ffc                MSC_WriteWordFast
                0x20001004                MSC_MassErase
                0x20001030                . = ALIGN (0x4)
                0x20001030                PROVIDE (__preinit_array_start, .)
 *(.preinit_array)
                0x20001030                PROVIDE (__preinit_array_end, .)
                0x20001030                . = ALIGN (0x4)
                0x20001030                PROVIDE (__init_array_start, .)
 *(SORT(.init_array.*))
 .init_array.00000
                0x20001030        0x4 c:/siliconlabs/simplicitystudio/v4/developer/toolchains/gnu_arm/4.9_2015q3/bin/../lib/gcc/arm-none-eabi/4.9.3/../../../../arm-none-eabi/lib/armv7e-m/softfp\libc.a(lib_a-__call_atexit.o)
 *(.init_array)
 .init_array    0x20001034        0x4 c:/siliconlabs/simplicitystudio/v4/developer/toolchains/gnu_arm/4.9_2015q3/bin/../lib/gcc/arm-none-eabi/4.9.3/armv7e-m/softfp/crtbegin.o
                0x20001038                PROVIDE (__init_array_end, .)
                0x20001038                . = ALIGN (0x4)
                0x20001038                PROVIDE (__fini_array_start, .)
 *(SORT(.fini_array.*))
 *(.fini_array)
 .fini_array    0x20001038        0x4 c:/siliconlabs/simplicitystudio/v4/developer/toolchains/gnu_arm/4.9_2015q3/bin/../lib/gcc/arm-none-eabi/4.9.3/armv7e-m/softfp/crtbegin.o
                0x2000103c                PROVIDE (__fini_array_end, .)
 *(.jcr*)
 .jcr           0x2000103c        0x0 c:/siliconlabs/simplicitystudio/v4/developer/toolchains/gnu_arm/4.9_2015q3/bin/../lib/gcc/arm-none-eabi/4.9.3/armv7e-m/softfp/crtbegin.o
 .jcr           0x2000103c        0x4 c:/siliconlabs/simplicitystudio/v4/developer/toolchains/gnu_arm/4.9_2015q3/bin/../lib/gcc/arm-none-eabi/4.9.3/armv7e-m/softfp/crtend.o
                0x20001040                . = ALIGN (0x4)
                0x20001040                __data_end__ = .

.igot.plt       0x20001040        0x0 load address 0x0004fa34
 .igot.plt      0x00000000        0x0 c:/siliconlabs/simplicitystudio/v4/developer/toolchains/gnu_arm/4.9_2015q3/bin/../lib/gcc/arm-none-eabi/4.9.3/armv7e-m/softfp/crtbegin.o

.bss            0x20001100     0x5bb8 load address 0x0004fb00
                0x20001100                . = ALIGN (0x4)
                0x20001100                __bss_start__ = .
 *(.bss*)
 .bss           0x20001100       0x1c c:/siliconlabs/simplicitystudio/v4/developer/toolchains/gnu_arm/4.9_2015q3/bin/../lib/gcc/arm-none-eabi/4.9.3/armv7e-m/softfp/crtbegin.o
 .bss.deviceHeader
                0x2000111c        0x4 ./graphics.o
 .bss.glibContext
                0x20001120       0x2c ./graphics.o
 .bss.graphLineNum
                0x2000114c        0x1 ./graphics.o
 *fill*         0x2000114d        0x1 
 .bss._my_address
                0x2000114e        0x2 ./main.o
 .bss.LCD_data  0x20001150       0xe0 ./main.o
 .bss.lightbulb_state
                0x20001230        0x4 ./main.o
 .bss.num_connections
                0x20001234        0x1 ./main.o
 *fill*         0x20001235        0x3 
 .bss.chTable   0x20001238       0x80 ./emdrv/dmadrv.o
 .bss.dmaXfer   0x200012b8      0x100 ./emdrv/dmadrv.o
 .bss.gpioCallbacks
                0x200013b8       0x40 ./emdrv/gpiointerrupt.o
 .bss.sleepCallback
                0x200013f8        0x4 ./emdrv/sleep.o
 .bss.sleepBlockCnt
                0x200013fc        0x2 ./emdrv/sleep.o
 *fill*         0x200013fe        0x2 
 .bss.sleepContext
                0x20001400        0xc ./emdrv/sleep.o
 .bss.highCallback
                0x2000140c        0x4 ./emdrv/tempdrv.o
 .bss.calibrationTEMP
                0x20001410        0x4 ./emdrv/tempdrv.o
 .bss.nullCallback
                0x20001414        0x8 ./emdrv/tempdrv.o
 .bss.lowCallback
                0x2000141c        0x4 ./emdrv/tempdrv.o
 .bss.calibrationEMU
                0x20001420        0x4 ./emdrv/tempdrv.o
 .bss.tempdrvHighCallbacks
                0x20001424       0x28 ./emdrv/tempdrv.o
 .bss.tempdrvLowCallbacks
                0x2000144c       0x28 ./emdrv/tempdrv.o
 .bss.TEMPDRV_InitState
                0x20001474        0x1 ./emdrv/tempdrv.o
 *fill*         0x20001475        0x1 
 .bss.dcdcEm01LoadCurrent_mA
                0x20001476        0x2 ./emlib/em_emu.o
 .bss.dcdcReverseCurrentControl
                0x20001478        0x2 ./emlib/em_emu.o
 *fill*         0x2000147a        0x2 
 .bss.vScaleEM01Config
                0x2000147c        0x1 ./emlib/em_emu.o
 *fill*         0x2000147d        0x1 
 .bss.dcdcMaxCurrent_mA
                0x2000147e        0x2 ./emlib/em_emu.o
 .bss.cmuStatus.6241
                0x20001480        0x4 ./emlib/em_emu.o
 .bss.vScaleStatus.6243
                0x20001484        0x1 ./emlib/em_emu.o
 .bss.hfClock.6242
                0x20001485        0x1 ./emlib/em_emu.o
 *fill*         0x20001486        0x2 
 .bss.pixelMatrixBuffer
                0x20001488        0x4 ./glib/BRD4104A/dmd_display.o
 .bss.displayDevice
                0x2000148c       0x2c ./glib/BRD4104A/dmd_display.o
 .bss.dimensions
                0x200014b8        0xc ./glib/BRD4104A/dmd_display.o
 .bss.moduleInitialized
                0x200014c4        0x1 ./glib/BRD4104A/dmd_display.o
 *fill*         0x200014c5        0x3 
 .bss.devicesRegistered
                0x200014c8        0x4 ./kit_lcd/BRD4104A/display.o
 .bss.deviceTable
                0x200014cc       0x2c ./kit_lcd/BRD4104A/display.o
 .bss.moduleInitialized
                0x200014f8        0x1 ./kit_lcd/BRD4104A/display.o
 *fill*         0x200014f9        0x3 
 .bss.pixelMatrixPoolBase
                0x200014fc      0x800 ./kit_lcd/BRD4104A/displayls013b7dh03.o
 .bss.heap_end.6883
                0x20001cfc        0x4 ./serial_vcom/retargetio.o
 .bss.LFtoCRLF  0x20001d00        0x1 ./serial_vcom/retargetserial.o
 *fill*         0x20001d01        0x3 
 .bss.rxBuffer  0x20001d04        0x8 ./serial_vcom/retargetserial.o
 .bss.initialized
                0x20001d0c        0x1 ./serial_vcom/retargetserial.o
 *fill*         0x20001d0d        0x3 
 .bss.rxWriteIndex
                0x20001d10        0x4 ./serial_vcom/retargetserial.o
 .bss.rxReadIndex
                0x20001d14        0x4 ./serial_vcom/retargetserial.o
 .bss.rxCount   0x20001d18        0x4 ./serial_vcom/retargetserial.o
 .bss.reg       0x20001d1c        0x4 ./stack/bt_mesh_stack/mesh_lib.o
 .bss.regs      0x20001d20        0x4 ./stack/bt_mesh_stack/mesh_lib.o
 .bss.lib_malloc_fn
                0x20001d24        0x4 ./stack/bt_mesh_stack/mesh_lib.o
 .bss.lib_free_fn
                0x20001d28        0x4 ./stack/bt_mesh_stack/mesh_lib.o
 *fill*         0x20001d2c        0x4 
 .bss           0x20001d30     0x115c C:/SiliconLabs/SimplicityStudio/v4/developer/sdks/blemesh/v1.1//protocol/bluetooth_dev/lib/EFR32XG13X/GCC/\libbluetooth_mesh.a
                0x20001d40                bgapi_ep_cmd_buf
                0x20001df4                gecko_cmd_msg
                0x20001df8                gecko_rsp_msg
 .bss.gecko_evt_msgs
                0x20002e8c        0x4 C:/SiliconLabs/SimplicityStudio/v4/developer/sdks/blemesh/v1.1//protocol/bluetooth_dev/lib/EFR32XG13X/GCC/\libbluetooth_mesh.a
 *fill*         0x20002e90       0x70 
 .bss.gecko_vector_table
                0x20002f00       0xfc C:/SiliconLabs/SimplicityStudio/v4/developer/sdks/blemesh/v1.1//protocol/bluetooth_dev/lib/EFR32XG13X/GCC/\libbluetooth_mesh.a
 .bss.ll_to_hci_buf
                0x20002ffc        0x4 C:/SiliconLabs/SimplicityStudio/v4/developer/sdks/blemesh/v1.1//protocol/bluetooth_dev/lib/EFR32XG13X/GCC/\libbluetooth_mesh.a
 .bss.stack_update_callback
                0x20003000        0x4 C:/SiliconLabs/SimplicityStudio/v4/developer/sdks/blemesh/v1.1//protocol/bluetooth_dev/lib/EFR32XG13X/GCC/\libbluetooth_mesh.a
 .bss.suppress_bgapi_adv_reports
                0x20003004        0x1 C:/SiliconLabs/SimplicityStudio/v4/developer/sdks/blemesh/v1.1//protocol/bluetooth_dev/lib/EFR32XG13X/GCC/\libbluetooth_mesh.a
 *fill*         0x20003005        0x1 
 .bss.legacy_maxadv_events
                0x20003006        0x2 C:/SiliconLabs/SimplicityStudio/v4/developer/sdks/blemesh/v1.1//protocol/bluetooth_dev/lib/EFR32XG13X/GCC/\libbluetooth_mesh.a
 .bss.fcds      0x20003008        0x1 C:/SiliconLabs/SimplicityStudio/v4/developer/sdks/blemesh/v1.1//protocol/bluetooth_dev/lib/EFR32XG13X/GCC/\libbluetooth_mesh.a
 *fill*         0x20003009        0x3 
 .bss.currRfFrequency
                0x2000300c        0x4 C:/SiliconLabs/SimplicityStudio/v4/developer/sdks/blemesh/v1.1//protocol/bluetooth_dev/lib/EFR32XG13X/GCC/\libbluetooth_mesh.a
 .bss.wrapCntOverflows
                0x20003010        0x1 C:/SiliconLabs/SimplicityStudio/v4/developer/sdks/blemesh/v1.1//protocol/bluetooth_dev/lib/EFR32XG13X/GCC/\libbluetooth_mesh.a
 *fill*         0x20003011        0x3 
 .bss.__malloc_max_total_mem
                0x20003014        0x4 c:/siliconlabs/simplicitystudio/v4/developer/toolchains/gnu_arm/4.9_2015q3/bin/../lib/gcc/arm-none-eabi/4.9.3/../../../../arm-none-eabi/lib/armv7e-m/softfp\libc.a(lib_a-mallocr.o)
                0x20003014                __malloc_max_total_mem
 .bss.__malloc_max_sbrked_mem
                0x20003018        0x4 c:/siliconlabs/simplicitystudio/v4/developer/toolchains/gnu_arm/4.9_2015q3/bin/../lib/gcc/arm-none-eabi/4.9.3/../../../../arm-none-eabi/lib/armv7e-m/softfp\libc.a(lib_a-mallocr.o)
                0x20003018                __malloc_max_sbrked_mem
 .bss.__malloc_top_pad
                0x2000301c        0x4 c:/siliconlabs/simplicitystudio/v4/developer/toolchains/gnu_arm/4.9_2015q3/bin/../lib/gcc/arm-none-eabi/4.9.3/../../../../arm-none-eabi/lib/armv7e-m/softfp\libc.a(lib_a-mallocr.o)
                0x2000301c                __malloc_top_pad
 .bss.__malloc_current_mallinfo
                0x20003020       0x28 c:/siliconlabs/simplicitystudio/v4/developer/toolchains/gnu_arm/4.9_2015q3/bin/../lib/gcc/arm-none-eabi/4.9.3/../../../../arm-none-eabi/lib/armv7e-m/softfp\libc.a(lib_a-mallocr.o)
                0x20003020                __malloc_current_mallinfo
 *(COMMON)
 COMMON         0x20003048     0x3590 ./main.o
                0x20003048                current
                0x20003058                bluetooth_stack_heap
                0x200065c8                target
 COMMON         0x200065d8       0x10 ./glib/BRD4104A/dmd_display.o
                0x200065d8                dirtyRows
 COMMON         0x200065e8      0x6cc C:/SiliconLabs/SimplicityStudio/v4/developer/sdks/blemesh/v1.1//protocol/bluetooth_dev/lib/EFR32XG13X/GCC/\libbluetooth_mesh.a
                0x200065e8                txPower24LpCurves
                0x200065ec                user_signals
                0x200065f0                mbedtls_cipher_supported
                0x20006618                bg_gap
                0x20006644                ll_events
                0x20006648                msg_sender
                0x2000664c                ll_hci
                0x20006650                deferred_event_sender
                0x20006654                txPower24HpCurves
                0x20006658                btlePublicDevAddr
                0x2000665e                ll_channelmap
                0x20006684                db_store
                0x2000668c                bg_pool_pools
                0x2000676c                ubt_callback
                0x20006770                ll_radioHandle
                0x20006774                ll_adv_state
                0x20006780                PROTIMER_scheduledRxEnable
                0x20006788                convDecodeBuffer
                0x200067c8                ll_radio
                0x200067f0                prov_caps
                0x200067f4                ll
                0x20006814                used_acls
                0x20006818                gecko_apihandler_rsp
                0x20006848                PROTIMER_softwareTimerTimeout
                0x20006850                test_lib_handler
                0x20006854                bg_store_sender
                0x20006858                ll_dtm
                0x2000688c                BUFC_RxBuffer
                0x20006a8c                mesh_sender
                0x20006a90                rcIrCalData
                0x20006aa2                PROTIMER_scheduledOverflows
                0x20006aa8                txPowerSgCurves
                0x20006aac                ll_to_hci_data_event_sender
                0x20006ab0                usch
                0x20006ac0                current_bg_gattdb
                0x20006ac4                bg_event_handlers
                0x20006aec                node_handle
                0x20006af0                ll_scan
                0x20006b44                hci_status
                0x20006b6c                address_resolver
                0x20006b74                smp
                0x20006ca8                piecewiseSegments
                0x20006cac                timer_overflow
                0x20006cb0                ll_task_callback
 COMMON         0x20006cb4        0x4 c:/siliconlabs/simplicitystudio/v4/developer/toolchains/gnu_arm/4.9_2015q3/bin/../lib/gcc/arm-none-eabi/4.9.3/../../../../arm-none-eabi/lib/armv7e-m/softfp\libc.a(lib_a-reent.o)
                0x20006cb4                errno
                0x20006cb8                . = ALIGN (0x4)
                0x20006cb8                __bss_end__ = .

.heap           0x20006cb8     0x1200