Archive member included because of file (symbol)

c:/siliconlabs/simplicitystudio/v4/developer/toolchains/gnu_arm/4.9_2015q3/bin/../lib/gcc/arm-none-eabi/4.9.3/../../../../arm-none-eabi/lib/armv7e-m/softfp\libm.a(lib_a-w_pow.o)
                              ./src/i2c.o (pow)
c:/siliconlabs/simplicitystudio/v4/developer/toolchains/gnu_arm/4.9_2015q3/bin/../lib/gcc/arm-none-eabi/4.9.3/../../../../arm-none-eabi/lib/armv7e-m/softfp\libm.a(lib_a-e_pow.o)
                              c:/siliconlabs/simplicitystudio/v4/developer/toolchains/gnu_arm/4.9_2015q3/bin/../lib/gcc/arm-none-eabi/4.9.3/../../../../arm-none-eabi/lib/armv7e-m/softfp\libm.a(lib_a-w_pow.o) (__ieee754_pow)
c:/siliconlabs/simplicitystudio/v4/developer/toolchains/gnu_arm/4.9_2015q3/bin/../lib/gcc/arm-none-eabi/4.9.3/../../../../arm-none-eabi/lib/armv7e-m/softfp\libm.a(lib_a-e_sqrt.o)
                              c:/siliconlabs/simplicitystudio/v4/developer/toolchains/gnu_arm/4.9_2015q3/bin/../lib/gcc/arm-none-eabi/4.9.3/../../../../arm-none-eabi/lib/armv7e-m/softfp\libm.a(lib_a-e_pow.o) (__ieee754_sqrt)
c:/siliconlabs/simplicitystudio/v4/developer/toolchains/gnu_arm/4.9_2015q3/bin/../lib/gcc/arm-none-eabi/4.9.3/../../../../arm-none-eabi/lib/armv7e-m/softfp\libm.a(lib_a-s_fabs.o)
                              c:/siliconlabs/simplicitystudio/v4/developer/toolchains/gnu_arm/4.9_2015q3/bin/../lib/gcc/arm-none-eabi/4.9.3/../../../../arm-none-eabi/lib/armv7e-m/softfp\libm.a(lib_a-e_pow.o) (fabs)
c:/siliconlabs/simplicitystudio/v4/developer/toolchains/gnu_arm/4.9_2015q3/bin/../lib/gcc/arm-none-eabi/4.9.3/../../../../arm-none-eabi/lib/armv7e-m/softfp\libm.a(lib_a-s_finite.o)
                              c:/siliconlabs/simplicitystudio/v4/developer/toolchains/gnu_arm/4.9_2015q3/bin/../lib/gcc/arm-none-eabi/4.9.3/../../../../arm-none-eabi/lib/armv7e-m/softfp\libm.a(lib_a-w_pow.o) (finite)
c:/siliconlabs/simplicitystudio/v4/developer/toolchains/gnu_arm/4.9_2015q3/bin/../lib/gcc/arm-none-eabi/4.9.3/../../../../arm-none-eabi/lib/armv7e-m/softfp\libm.a(lib_a-s_fpclassify.o)
                              c:/siliconlabs/simplicitystudio/v4/developer/toolchains/gnu_arm/4.9_2015q3/bin/../lib/gcc/arm-none-eabi/4.9.3/../../../../arm-none-eabi/lib/armv7e-m/softfp\libm.a(lib_a-w_pow.o) (__fpclassifyd)
c:/siliconlabs/simplicitystudio/v4/developer/toolchains/gnu_arm/4.9_2015q3/bin/../lib/gcc/arm-none-eabi/4.9.3/../../../../arm-none-eabi/lib/armv7e-m/softfp\libm.a(lib_a-s_lib_ver.o)
                              c:/siliconlabs/simplicitystudio/v4/developer/toolchains/gnu_arm/4.9_2015q3/bin/../lib/gcc/arm-none-eabi/4.9.3/../../../../arm-none-eabi/lib/armv7e-m/softfp\libm.a(lib_a-w_pow.o) (__fdlib_version)
c:/siliconlabs/simplicitystudio/v4/developer/toolchains/gnu_arm/4.9_2015q3/bin/../lib/gcc/arm-none-eabi/4.9.3/../../../../arm-none-eabi/lib/armv7e-m/softfp\libm.a(lib_a-s_matherr.o)
                              c:/siliconlabs/simplicitystudio/v4/developer/toolchains/gnu_arm/4.9_2015q3/bin/../lib/gcc/arm-none-eabi/4.9.3/../../../../arm-none-eabi/lib/armv7e-m/softfp\libm.a(lib_a-w_pow.o) (matherr)
c:/siliconlabs/simplicitystudio/v4/developer/toolchains/gnu_arm/4.9_2015q3/bin/../lib/gcc/arm-none-eabi/4.9.3/../../../../arm-none-eabi/lib/armv7e-m/softfp\libm.a(lib_a-s_nan.o)
                              c:/siliconlabs/simplicitystudio/v4/developer/toolchains/gnu_arm/4.9_2015q3/bin/../lib/gcc/arm-none-eabi/4.9.3/../../../../arm-none-eabi/lib/armv7e-m/softfp\libm.a(lib_a-e_pow.o) (nan)
c:/siliconlabs/simplicitystudio/v4/developer/toolchains/gnu_arm/4.9_2015q3/bin/../lib/gcc/arm-none-eabi/4.9.3/../../../../arm-none-eabi/lib/armv7e-m/softfp\libm.a(lib_a-s_rint.o)
                              c:/siliconlabs/simplicitystudio/v4/developer/toolchains/gnu_arm/4.9_2015q3/bin/../lib/gcc/arm-none-eabi/4.9.3/../../../../arm-none-eabi/lib/armv7e-m/softfp\libm.a(lib_a-w_pow.o) (rint)
c:/siliconlabs/simplicitystudio/v4/developer/toolchains/gnu_arm/4.9_2015q3/bin/../lib/gcc/arm-none-eabi/4.9.3/../../../../arm-none-eabi/lib/armv7e-m/softfp\libm.a(lib_a-s_scalbn.o)
                              c:/siliconlabs/simplicitystudio/v4/developer/toolchains/gnu_arm/4.9_2015q3/bin/../lib/gcc/arm-none-eabi/4.9.3/../../../../arm-none-eabi/lib/armv7e-m/softfp\libm.a(lib_a-e_pow.o) (scalbn)
c:/siliconlabs/simplicitystudio/v4/developer/toolchains/gnu_arm/4.9_2015q3/bin/../lib/gcc/arm-none-eabi/4.9.3/../../../../arm-none-eabi/lib/armv7e-m/softfp\libm.a(lib_a-s_copysign.o)
                              c:/siliconlabs/simplicitystudio/v4/developer/toolchains/gnu_arm/4.9_2015q3/bin/../lib/gcc/arm-none-eabi/4.9.3/../../../../arm-none-eabi/lib/armv7e-m/softfp\libm.a(lib_a-s_scalbn.o) (copysign)
c:/siliconlabs/simplicitystudio/v4/developer/toolchains/gnu_arm/4.9_2015q3/bin/../lib/gcc/arm-none-eabi/4.9.3/armv7e-m/softfp\libgcc.a(_arm_addsubdf3.o)
                              ./src/i2c.o (__aeabi_dsub)
[...]
Memory Configuration

Name             Origin             Length             Attributes
FLASH            0x00000000         0x00080000         xr
RAM              0x20000000         0x00010000         xrw
*default*        0x00000000         0xffffffff

Linker script and memory map

LOAD c:/siliconlabs/simplicitystudio/v4/developer/toolchains/gnu_arm/4.9_2015q3/bin/../lib/gcc/arm-none-eabi/4.9.3/armv7e-m/softfp/crti.o
LOAD c:/siliconlabs/simplicitystudio/v4/developer/toolchains/gnu_arm/4.9_2015q3/bin/../lib/gcc/arm-none-eabi/4.9.3/armv7e-m/softfp/crtbegin.o
LOAD c:/siliconlabs/simplicitystudio/v4/developer/toolchains/gnu_arm/4.9_2015q3/bin/../lib/gcc/arm-none-eabi/4.9.3/../../../../arm-none-eabi/lib/armv7e-m/softfp/crt0.o
START GROUP
LOAD ./dcd_switch.o
LOAD ./gatt_db.o
LOAD ./graphics.o
LOAD ./main.o
LOAD ./pti.o
LOAD ./device/EFR32_B_1_3_P/gcc/startup_efr32bg13p.o
LOAD ./device/EFR32_B_1_3_P/system_efr32bg13p.o
LOAD ./emdrv/dmadrv.o
LOAD ./emdrv/gpiointerrupt.o
LOAD ./emdrv/sleep.o
LOAD ./emdrv/tempdrv.o
LOAD ./emdrv/uartdrv.o
LOAD ./emlib/em_adc.o
LOAD ./emlib/em_cmu.o
LOAD ./emlib/em_core.o
LOAD ./emlib/em_crypto.o
LOAD ./emlib/em_emu.o
LOAD ./emlib/em_gpio.o
LOAD ./emlib/em_i2c.o
LOAD ./emlib/em_ldma.o
LOAD ./emlib/em_leuart.o
LOAD ./emlib/em_msc.o
LOAD ./emlib/em_rmu.o
LOAD ./emlib/em_rtcc.o
LOAD ./emlib/em_system.o
LOAD ./emlib/em_usart.o
LOAD ./glib/BRD4104A/bmp.o
LOAD ./glib/BRD4104A/dmd_display.o
LOAD ./glib/BRD4104A/glib.o
LOAD ./glib/BRD4104A/glib_bitmap.o
LOAD ./glib/BRD4104A/glib_circle.o
LOAD ./glib/BRD4104A/glib_font_narrow_6x8.o
LOAD ./glib/BRD4104A/glib_font_normal_8x8.o
LOAD ./glib/BRD4104A/glib_font_number_16x20.o
LOAD ./glib/BRD4104A/glib_line.o
LOAD ./glib/BRD4104A/glib_polygon.o
LOAD ./glib/BRD4104A/glib_rectangle.o
LOAD ./glib/BRD4104A/glib_string.o
LOAD ./kit/BRD4104A/bsp_bcc.o
LOAD ./kit/BRD4104A/bsp_stk.o
LOAD ./kit/BRD4104A/bsp_stk_leds.o
LOAD ./kit/BRD4104A/i2cspm.o
LOAD ./kit/BRD4104A/si7013.o
LOAD ./kit/BRD4104A/tempsens.o
LOAD ./kit/BRD4104A/udelay.o
LOAD ./kit_flashpwr/BRD4104A/mx25flash_spi.o
LOAD ./kit_lcd/BRD4104A/display.o
LOAD ./kit_lcd/BRD4104A/displayls013b7dh03.o
LOAD ./kit_lcd/BRD4104A/displaypalemlib.o
LOAD ./serial_vcom/retargetio.o
LOAD ./serial_vcom/retargetserial.o
LOAD ./src/InitDevice.o
LOAD ./src/cmu.o
LOAD ./src/i2c.o
LOAD ./src/timer0.o
LOAD ./stack/bt_mesh_stack/mesh_lib.o
LOAD c:/siliconlabs/simplicitystudio/v4/developer/toolchains/gnu_arm/4.9_2015q3/bin/../lib/gcc/arm-none-eabi/4.9.3/../../../../arm-none-eabi/lib/armv7e-m/softfp\libm.a
LOAD C:/SiliconLabs/SimplicityStudio/v4/developer/sdks/blemesh/v1.1//protocol/bluetooth_dev/lib/EFR32XG13X/GCC/\libbluetooth_mesh.a
END GROUP
START GROUP
LOAD c:/siliconlabs/simplicitystudio/v4/developer/toolchains/gnu_arm/4.9_2015q3/bin/../lib/gcc/arm-none-eabi/4.9.3/armv7e-m/softfp\libgcc.a
LOAD c:/siliconlabs/simplicitystudio/v4/developer/toolchains/gnu_arm/4.9_2015q3/bin/../lib/gcc/arm-none-eabi/4.9.3/../../../../arm-none-eabi/lib/armv7e-m/softfp\libc.a
LOAD c:/siliconlabs/simplicitystudio/v4/developer/toolchains/gnu_arm/4.9_2015q3/bin/../lib/gcc/arm-none-eabi/4.9.3/../../../../arm-none-eabi/lib/armv7e-m/softfp\libnosys.a
END GROUP
START GROUP
LOAD c:/siliconlabs/simplicitystudio/v4/developer/toolchains/gnu_arm/4.9_2015q3/bin/../lib/gcc/arm-none-eabi/4.9.3/armv7e-m/softfp\libgcc.a
LOAD c:/siliconlabs/simplicitystudio/v4/developer/toolchains/gnu_arm/4.9_2015q3/bin/../lib/gcc/arm-none-eabi/4.9.3/../../../../arm-none-eabi/lib/armv7e-m/softfp\libg.a
LOAD c:/siliconlabs/simplicitystudio/v4/developer/toolchains/gnu_arm/4.9_2015q3/bin/../lib/gcc/arm-none-eabi/4.9.3/../../../../arm-none-eabi/lib/armv7e-m/softfp\libc.a
END GROUP
LOAD c:/siliconlabs/simplicitystudio/v4/developer/toolchains/gnu_arm/4.9_2015q3/bin/../lib/gcc/arm-none-eabi/4.9.3/armv7e-m/softfp/crtend.o
LOAD c:/siliconlabs/simplicitystudio/v4/developer/toolchains/gnu_arm/4.9_2015q3/bin/../lib/gcc/arm-none-eabi/4.9.3/armv7e-m/softfp/crtn.o

.text           0x00000000    0x5050c
 *(.vectors)
 .vectors       0x00000000       0xfc ./device/EFR32_B_1_3_P/gcc/startup_efr32bg13p.o
                0x00000000                __Vectors
                0x000000fc                __Vectors_End = .
                0x000000fc                __Vectors_Size = (__Vectors_End - __Vectors)
                0x000000fc                __end__ = .
 *(.text*)
 .text          0x000000fc       0x5c c:/siliconlabs/simplicitystudio/v4/developer/toolchains/gnu_arm/4.9_2015q3/bin/../lib/gcc/arm-none-eabi/4.9.3/armv7e-m/softfp/crtbegin.o
 .text          0x00000158       0x74 c:/siliconlabs/simplicitystudio/v4/developer/toolchains/gnu_arm/4.9_2015q3/bin/../lib/gcc/arm-none-eabi/4.9.3/../../../../arm-none-eabi/lib/armv7e-m/softfp/crt0.o
                0x00000158                _start
                0x00000158                _mainCRTStartup
 .text.graphPrintCenter.constprop.0
                0x000001cc       0x94 ./graphics.o
 .text.graphInit
                0x00000260       0x44 ./graphics.o
                0x00000260                graphInit
 .text.graphWriteString
                0x000002a4       0x40 ./graphics.o
                0x000002a4                graphWriteString
 .text.onoff_change
                0x000002e4        0x4 ./main.o
 .text.power_onoff_change
                0x000002e8        0x4 ./main.o
 .text.transtime_change
                0x000002ec        0x4 ./main.o
 .text.onoff_update
                0x000002f0       0x2c ./main.o
 .text.power_onoff_update
                0x0000031c       0x2c ./main.o
 .text.gpioint  0x00000348       0x18 ./main.o
                0x00000348                gpioint
 .text.led_init
                0x00000360       0x20 ./main.o
 .text.onoff_update_and_publish
                0x00000380       0x1c ./main.o
 .text.LCD_write.part.1
                0x0000039c       0x48 ./main.o
 .text.lightbulb_state_store
                0x000003e4       0x50 ./main.o
 .text.transtime_request
                0x00000434       0xa4 ./main.o
 .text.power_onoff_request
                0x000004d8       0xb4 ./main.o
 .text.onoff_request
                0x0000058c      0x148 ./main.o
 .text.transition_complete
                0x000006d4       0x68 ./main.o
                0x000006d4                transition_complete
 .text.enable_button_interrupts
                0x0000073c       0x48 ./main.o
                0x0000073c                enable_button_interrupts
 .text.send_onoff_request
                0x00000784       0xd0 ./main.o
                0x00000784                send_onoff_request
 .text.lightbulb_state_init
                0x00000854      0x1ac ./main.o
                0x00000854                lightbulb_state_init
 .text.handle_button_press
                0x00000a00       0x6c ./main.o
                0x00000a00                handle_button_press
 .text.rtcIntCallbackRegister
                0x00000a6c        0x4 ./main.o
                0x00000a6c                rtcIntCallbackRegister
 .text.LCD_init
                0x00000a70       0x2c ./main.o
                0x00000a70                LCD_init
 .text.set_device_name
                0x00000a9c       0x9c ./main.o
                0x00000a9c                set_device_name
 .text.initiate_factory_reset
                0x00000b38       0x74 ./main.o
                0x00000b38                initiate_factory_reset
 .text.startup.main
                0x00000bac      0x68c ./main.o
                0x00000bac                main
 .text.APP_ConfigEnablePti
                0x00001238       0x30 ./pti.o
                0x00001238                APP_ConfigEnablePti
 .text.Default_Handler
                0x00001268        0x4 ./device/EFR32_B_1_3_P/gcc/startup_efr32bg13p.o
                0x00001268                DebugMon_Handler
                0x00001268                USART0_TX_IRQHandler
                0x00001268                PRORTC_IRQHandler
                0x00001268                I2C0_IRQHandler
                0x00001268                HardFault_Handler
                0x00001268                SysTick_Handler
                0x00001268                USART1_RX_IRQHandler
                0x00001268                PendSV_Handler
                0x00001268                NMI_Handler
                0x00001268                SYNTH_IRQHandler
                0x00001268                I2C1_IRQHandler
                0x00001268                WTIMER0_IRQHandler
                0x00001268                CRYPTO0_IRQHandler
                0x00001268                WDOG0_IRQHandler
                0x00001268                USART1_TX_IRQHandler
                0x00001268                SMU_IRQHandler
                0x00001268                MSC_IRQHandler
                0x00001268                ADC0_IRQHandler
                0x00001268                UsageFault_Handler
                0x00001268                WDOG1_IRQHandler
                0x00001268                LEUART0_IRQHandler
                0x00001268                FPUEH_IRQHandler
                0x00001268                VDAC0_IRQHandler
                0x00001268                CSEN_IRQHandler
                0x00001268                CRYPTO1_IRQHandler
                0x00001268                LETIMER0_IRQHandler
                0x00001268                TIMER1_IRQHandler
                0x00001268                TRNG0_IRQHandler
                0x00001268                RFSENSE_IRQHandler
                0x00001268                BUFC_IRQHandler
                0x00001268                MODEM_IRQHandler
                0x00001268                USART2_RX_IRQHandler
                0x00001268                Default_Handler
                0x00001268                RAC_SEQ_IRQHandler
                0x00001268                FRC_PRI_IRQHandler
                0x00001268                FRC_IRQHandler
                0x00001268                CRYOTIMER_IRQHandler
                0x00001268                PCNT0_IRQHandler
                0x00001268                AGC_IRQHandler
                0x00001268                ACMP0_IRQHandler
                0x00001268                MemManage_Handler
                0x00001268                SVC_Handler
                0x00001268                RTCC_IRQHandler
                0x00001268                CMU_IRQHandler
                0x00001268                RAC_RSM_IRQHandler
                0x00001268                LESENSE_IRQHandler
                0x00001268                PROTIMER_IRQHandler
                0x00001268                BusFault_Handler
                0x00001268                USART2_TX_IRQHandler
                0x00001268                IDAC0_IRQHandler
 .text.Reset_Handler
                0x0000126c       0x38 ./device/EFR32_B_1_3_P/gcc/startup_efr32bg13p.o
                0x0000126c                Reset_Handler
 .text.SystemMaxCoreClockGet
                0x000012a4        0x8 ./device/EFR32_B_1_3_P/system_efr32bg13p.o
                0x000012a4                SystemMaxCoreClockGet
 .text.SystemHFClockGet
                0x000012ac       0x50 ./device/EFR32_B_1_3_P/system_efr32bg13p.o
                0x000012ac                SystemHFClockGet
 .text.SystemCoreClockGet
                0x000012fc       0x24 ./device/EFR32_B_1_3_P/system_efr32bg13p.o
                0x000012fc                SystemCoreClockGet
 .text.SystemHFXOClockGet
                0x00001320        0xc ./device/EFR32_B_1_3_P/system_efr32bg13p.o
                0x00001320                SystemHFXOClockGet
 .text.SystemHFXOClockSet
                0x0000132c       0x20 ./device/EFR32_B_1_3_P/system_efr32bg13p.o
                0x0000132c                SystemHFXOClockSet
 .text.SystemInit
                0x0000134c       0x14 ./device/EFR32_B_1_3_P/system_efr32bg13p.o
                0x0000134c                SystemInit
 .text.SystemLFRCOClockGet
                0x00001360        0x8 ./device/EFR32_B_1_3_P/system_efr32bg13p.o
                0x00001360                SystemLFRCOClockGet
 .text.SystemULFRCOClockGet
                0x00001368        0x8 ./device/EFR32_B_1_3_P/system_efr32bg13p.o
                0x00001368                SystemULFRCOClockGet
 .text.SystemLFXOClockGet
                0x00001370        0xc ./device/EFR32_B_1_3_P/system_efr32bg13p.o
                0x00001370                SystemLFXOClockGet
 .text.SystemLFXOClockSet
                0x0000137c       0x20 ./device/EFR32_B_1_3_P/system_efr32bg13p.o
                0x0000137c                SystemLFXOClockSet
 .text.LDMA_IRQHandler
                0x0000139c       0x7c ./emdrv/dmadrv.o
                0x0000139c                LDMA_IRQHandler
 .text.GPIOINT_IRQDispatcher
                0x00001418       0x2c ./emdrv/gpiointerrupt.o
 .text.GPIOINT_Init
                0x00001444       0x1c ./emdrv/gpiointerrupt.o
                0x00001444                GPIOINT_Init
 .text.GPIOINT_CallbackRegister
                0x00001460       0x1c ./emdrv/gpiointerrupt.o
                0x00001460                GPIOINT_CallbackRegister
 .text.GPIO_EVEN_IRQHandler
                0x0000147c       0x20 ./emdrv/gpiointerrupt.o
                0x0000147c                GPIO_EVEN_IRQHandler
 .text.GPIO_ODD_IRQHandler
                0x0000149c       0x20 ./emdrv/gpiointerrupt.o
                0x0000149c                GPIO_ODD_IRQHandler
 .text.sleepCallbackWrapper
                0x000014bc       0x14 ./emdrv/sleep.o
 .text.enterEMx
                0x000014d0       0x70 ./emdrv/sleep.o
 .text.SLEEP_Init
                0x00001540       0x44 ./emdrv/sleep.o
                0x00001540                SLEEP_Init
 .text.SLEEP_Sleep
                0x00001584       0x70 ./emdrv/sleep.o
                0x00001584                SLEEP_Sleep
 .text.SLEEP_SleepBlockBegin
                0x000015f4       0x28 ./emdrv/sleep.o
                0x000015f4                SLEEP_SleepBlockBegin
 .text.SLEEP_SleepBlockEnd
                0x0000161c       0x2c ./emdrv/sleep.o
                0x0000161c                SLEEP_SleepBlockEnd
 .text.SLEEP_LowestEnergyModeGet
                0x00001648       0x1c ./emdrv/sleep.o
                0x00001648                SLEEP_LowestEnergyModeGet
 .text.updateInterrupts
                0x00001664       0xdc ./emdrv/tempdrv.o
 .text.TEMPDRV_IRQHandler
                0x00001740       0xa0 ./emdrv/tempdrv.o
                0x00001740                TEMPDRV_IRQHandler
 .text.EMU_IRQHandler
                0x000017e0        0x4 ./emdrv/tempdrv.o
                0x000017e0                EMU_IRQHandler
 .text.TEMPDRV_Init
                0x000017e4       0xb0 ./emdrv/tempdrv.o
                0x000017e4                TEMPDRV_Init
 .text.flashWaitStateControl
                0x00001894       0x60 ./emlib/em_cmu.o
 .text.CMU_HFRCODevinfoGet
                0x000018f4       0xb4 ./emlib/em_cmu.o
 .text.flashWaitStateMax
                0x000019a8       0x10 ./emlib/em_cmu.o
 .text.CMU_OscillatorTuningSet.part.1
                0x000019b8       0x3c ./emlib/em_cmu.o
 .text.CMU_UpdateWaitStates
                0x000019f4        0x4 ./emlib/em_cmu.o
                0x000019f4                CMU_UpdateWaitStates
 .text.CMU_ClockEnable
                0x000019f8       0x8c ./emlib/em_cmu.o
                0x000019f8                CMU_ClockEnable
 .text.CMU_ClockPrescGet
                0x00001a84       0xd0 ./emlib/em_cmu.o
                0x00001a84                CMU_ClockPrescGet
 .text.CMU_ClockDivGet
                0x00001b54        0xc ./emlib/em_cmu.o
                0x00001b54                CMU_ClockDivGet
 .text.CMU_ClockSelectGet
                0x00001b60       0xc4 ./emlib/em_cmu.o
                0x00001b60                CMU_ClockSelectGet
 .text.lfClkGet
                0x00001c24       0x94 ./emlib/em_cmu.o
 .text.CMU_ClockFreqGet
                0x00001cb8      0x1a4 ./emlib/em_cmu.o
                0x00001cb8                CMU_ClockFreqGet
 .text.CMU_ClockPrescSet
                0x00001e5c      0x298 ./emlib/em_cmu.o
                0x00001e5c                CMU_ClockPrescSet
 .text.CMU_ClockDivSet
                0x000020f4        0x8 ./emlib/em_cmu.o
                0x000020f4                CMU_ClockDivSet
 .text.CMU_HFRCOBandSet
                0x000020fc      0x148 ./emlib/em_cmu.o
                0x000020fc                CMU_HFRCOBandSet
 .text.CMU_HFXOAutostartEnable
                0x00002244       0x8c ./emlib/em_cmu.o
                0x00002244                CMU_HFXOAutostartEnable
 .text.CMU_OscillatorTuningWait
                0x000022d0       0x5c ./emlib/em_cmu.o
                0x000022d0                CMU_OscillatorTuningWait
 .text.CMU_OscillatorEnable
                0x0000232c      0x12c ./emlib/em_cmu.o
                0x0000232c                CMU_OscillatorEnable
 .text.CMU_ClockSelectSet
                0x00002458      0x2bc ./emlib/em_cmu.o
                0x00002458                CMU_ClockSelectSet
 .text.CMU_HFXOInit
                0x00002714       0x7c ./emlib/em_cmu.o
                0x00002714                CMU_HFXOInit
 .text.CMU_LFXOInit
                0x00002790       0x40 ./emlib/em_cmu.o
                0x00002790                CMU_LFXOInit
 .text.CORE_EnterCritical
                0x000027d0        0x8 ./emlib/em_core.o
                0x000027d0                CORE_EnterCritical
 .text.CORE_ExitCritical
                0x000027d8        0x8 ./emlib/em_core.o
                0x000027d8                CORE_ExitCritical
 .text.CORE_EnterAtomic
                0x000027e0        0x8 ./emlib/em_core.o
                0x000027e0                CORE_EnterAtomic
 .text.CORE_ExitAtomic
                0x000027e8        0x8 ./emlib/em_core.o
                0x000027e8                CORE_ExitAtomic
 .text.CORE_SetNvicRamTableHandler
                0x000027f0       0x10 ./emlib/em_core.o
                0x000027f0                CORE_SetNvicRamTableHandler
 .text.CORE_InitNvicVectorTable
                0x00002800       0x48 ./emlib/em_core.o
                0x00002800                CORE_InitNvicVectorTable
 .text.CRYPTO_ModulusSet
                0x00002848       0x38 ./emlib/em_crypto.o
                0x00002848                CRYPTO_ModulusSet
 .text.CRYPTO_KeyRead
                0x00002880       0x2c ./emlib/em_crypto.o
                0x00002880                CRYPTO_KeyRead
 .text.lpGetDevinfoVrefLowHigh
                0x000028ac       0xdc ./emlib/em_emu.o
 .text.lpCmpHystCalibrationLoad.isra.0
                0x00002988       0x78 ./emlib/em_emu.o
 .text.vScaleDownEM23Setup
                0x00002a00       0x60 ./emlib/em_emu.o
 .text.emState.part.2
                0x00002a60       0x7c ./emlib/em_emu.o
 .text.emState  0x00002adc       0x50 ./emlib/em_emu.o
 .text.EMU_EnterEM2
                0x00002b2c       0x34 ./emlib/em_emu.o
                0x00002b2c                EMU_EnterEM2
 .text.EMU_EnterEM3
                0x00002b60       0x58 ./emlib/em_emu.o
                0x00002b60                EMU_EnterEM3
 .text.EMU_Save
                0x00002bb8        0x8 ./emlib/em_emu.o
                0x00002bb8                EMU_Save
 .text.EMU_Restore
                0x00002bc0        0x4 ./emlib/em_emu.o
                0x00002bc0                EMU_Restore
 .text.EMU_VScaleEM01
                0x00002bc4       0x68 ./emlib/em_emu.o
                0x00002bc4                EMU_VScaleEM01
 .text.EMU_VScaleEM01ByClock
                0x00002c2c       0x50 ./emlib/em_emu.o
                0x00002c2c                EMU_VScaleEM01ByClock
 .text.EMU_EM01Init
                0x00002c7c       0x14 ./emlib/em_emu.o
                0x00002c7c                EMU_EM01Init
 .text.EMU_EM23Init
                0x00002c90       0x18 ./emlib/em_emu.o
                0x00002c90                EMU_EM23Init
 .text.EMU_EM4Init
                0x00002ca8       0x5c ./emlib/em_emu.o
                0x00002ca8                EMU_EM4Init
 .text.EMU_DCDCModeSet
                0x00002d04       0x84 ./emlib/em_emu.o
                0x00002d04                EMU_DCDCModeSet
 .text.EMU_EnterEM4
                0x00002d88       0x50 ./emlib/em_emu.o
                0x00002d88                EMU_EnterEM4
 .text.EMU_DCDCOutputVoltageSet
                0x00002dd8      0x160 ./emlib/em_emu.o
                0x00002dd8                EMU_DCDCOutputVoltageSet
 .text.EMU_DCDCOptimizeSlice
                0x00002f38       0xf8 ./emlib/em_emu.o
                0x00002f38                EMU_DCDCOptimizeSlice
 .text.EMU_DCDCLnRcoBandSet
                0x00003030       0x24 ./emlib/em_emu.o
                0x00003030                EMU_DCDCLnRcoBandSet
 .text.EMU_DCDCInit
                0x00003054       0xec ./emlib/em_emu.o
                0x00003054                EMU_DCDCInit
 .text.GPIO_ExtIntConfig
                0x00003140       0xb0 ./emlib/em_gpio.o
                0x00003140                GPIO_ExtIntConfig
 .text.GPIO_PinModeSet
                0x000031f0       0x84 ./emlib/em_gpio.o
                0x000031f0                GPIO_PinModeSet
 .text.I2C_BusFreqSet.part.0
                0x00003274       0x60 ./emlib/em_i2c.o
 .text.I2C_Enable
                0x000032d4        0xc ./emlib/em_i2c.o
                0x000032d4                I2C_Enable
 .text.I2C_Init
                0x000032e0       0x3c ./emlib/em_i2c.o
                0x000032e0                I2C_Init
 .text.MSC_Init
                0x0000331c       0x20 ./emlib/em_msc.o
                0x0000331c                MSC_Init
 .text.MSC_Deinit
                0x0000333c       0x14 ./emlib/em_msc.o
                0x0000333c                MSC_Deinit
 .text.RMU_ResetCauseClear
                0x00003350        0xc ./emlib/em_rmu.o
                0x00003350                RMU_ResetCauseClear
 .text.RMU_ResetCauseGet
                0x0000335c       0x60 ./emlib/em_rmu.o
                0x0000335c                RMU_ResetCauseGet
 .text.RTCC_Enable
                0x000033bc        0xc ./emlib/em_rtcc.o
                0x000033bc                RTCC_Enable
 .text.RTCC_Init
                0x000033c8       0x48 ./emlib/em_rtcc.o
                0x000033c8                RTCC_Init
 .text.SYSTEM_ChipRevisionGet
                0x00003410       0x34 ./emlib/em_system.o
                0x00003410                SYSTEM_ChipRevisionGet
 .text.USART_BaudrateAsyncSet
                0x00003444       0x68 ./emlib/em_usart.o
                0x00003444                USART_BaudrateAsyncSet
 .text.USART_BaudrateSyncSet
                0x000034ac       0x24 ./emlib/em_usart.o
                0x000034ac                USART_BaudrateSyncSet
 .text.USART_Enable
                0x000034d0       0x10 ./emlib/em_usart.o
                0x000034d0                USART_Enable
 .text.USART_Reset
                0x000034e0       0x58 ./emlib/em_usart.o
                0x000034e0                USART_Reset
 .text.USART_InitAsync
                0x00003538       0x70 ./emlib/em_usart.o
                0x00003538                USART_InitAsync
 .text.USART_InitSync
                0x000035a8       0x88 ./emlib/em_usart.o
                0x000035a8                USART_InitSync
 .text.USART_Rx
                0x00003630        0xc ./emlib/em_usart.o
                0x00003630                USART_Rx
 .text.USART_SpiTransfer
                0x0000363c       0x14 ./emlib/em_usart.o
                0x0000363c                USART_SpiTransfer
 .text.USART_Tx
                0x00003650        0xc ./emlib/em_usart.o
                0x00003650                USART_Tx
 .text.USART_TxDouble
                0x0000365c        0xc ./emlib/em_usart.o
                0x0000365c                USART_TxDouble
 .text.DMD_writeColor.part.0
                0x00003668      0x190 ./glib/BRD4104A/dmd_display.o
 .text.DMD_getDisplayGeometry
                0x000037f8       0x1c ./glib/BRD4104A/dmd_display.o
                0x000037f8                DMD_getDisplayGeometry
 .text.DMD_setClippingArea
                0x00003814       0x44 ./glib/BRD4104A/dmd_display.o
                0x00003814                DMD_setClippingArea
 .text.DMD_writeColor
                0x00003858       0x20 ./glib/BRD4104A/dmd_display.o
                0x00003858                DMD_writeColor
 .text.DMD_allocateFramebuffer
                0x00003878       0x38 ./glib/BRD4104A/dmd_display.o
                0x00003878                DMD_allocateFramebuffer
 .text.DMD_init
                0x000038b0       0x78 ./glib/BRD4104A/dmd_display.o
                0x000038b0                DMD_init
 .text.DMD_updateDisplay
                0x00003928       0xbc ./glib/BRD4104A/dmd_display.o
                0x00003928                DMD_updateDisplay
 .text.GLIB_applyClippingRegion.part.1
                0x000039e4       0x1c ./glib/BRD4104A/glib.o
 .text.GLIB_setClippingRegion.part.2
                0x00003a00       0x48 ./glib/BRD4104A/glib.o
 .text.GLIB_contextInit
                0x00003a48       0x58 ./glib/BRD4104A/glib.o
                0x00003a48                GLIB_contextInit
 .text.GLIB_clear
                0x00003aa0       0x48 ./glib/BRD4104A/glib.o
                0x00003aa0                GLIB_clear
 .text.GLIB_drawPixel
                0x00003ae8       0x40 ./glib/BRD4104A/glib.o
                0x00003ae8                GLIB_drawPixel
 .text.GLIB_drawPixelColor
                0x00003b28       0x3c ./glib/BRD4104A/glib.o
                0x00003b28                GLIB_drawPixelColor
 .text.GLIB_rectContainsPoint
                0x00003b64       0x24 ./glib/BRD4104A/glib_rectangle.o
                0x00003b64                GLIB_rectContainsPoint
 .text.GLIB_drawChar.part.0
                0x00003b88      0x164 ./glib/BRD4104A/glib_string.o
 .text.GLIB_drawString
                0x00003cec       0x90 ./glib/BRD4104A/glib_string.o
                0x00003cec                GLIB_drawString
 .text.GLIB_setFont
                0x00003d7c       0x20 ./glib/BRD4104A/glib_string.o
                0x00003d7c                GLIB_setFont
 .text.UDELAY_Calibrate
                0x00003d9c      0x1c0 ./kit/BRD4104A/udelay.o
                0x00003d9c                UDELAY_Calibrate
 .text.UDELAY_Delay
                0x00003f5c       0x28 ./kit/BRD4104A/udelay.o
                0x00003f5c                UDELAY_Delay
 .text.MX25_init
                0x00003f84       0xa4 ./kit_flashpwr/BRD4104A/mx25flash_spi.o
                0x00003f84                MX25_init
 .text.MX25_DP  0x00004028       0x5c ./kit_flashpwr/BRD4104A/mx25flash_spi.o
                0x00004028                MX25_DP
 .text.DISPLAY_Init
                0x00004084       0x34 ./kit_lcd/BRD4104A/display.o
                0x00004084                DISPLAY_Init
 .text.DISPLAY_DeviceGet
                0x000040b8       0x38 ./kit_lcd/BRD4104A/display.o
                0x000040b8                DISPLAY_DeviceGet
 .text.DISPLAY_DeviceRegister
                0x000040f0       0x44 ./kit_lcd/BRD4104A/display.o
                0x000040f0                DISPLAY_DeviceRegister
 .text.PixelMatrixAllocate
                0x00004134       0x3c ./kit_lcd/BRD4104A/displayls013b7dh03.o
 .text.PixelMatrixFree
                0x00004170        0x8 ./kit_lcd/BRD4104A/displayls013b7dh03.o
 .text.DriverRefresh
                0x00004178       0x10 ./kit_lcd/BRD4104A/displayls013b7dh03.o
 .text.PixelMatrixClear
                0x00004188       0x20 ./kit_lcd/BRD4104A/displayls013b7dh03.o
 .text.PixelMatrixDraw
                0x000041a8       0x8c ./kit_lcd/BRD4104A/displayls013b7dh03.o
 .text.DisplayPolarityInverse
                0x00004234       0x10 ./kit_lcd/BRD4104A/displayls013b7dh03.o
 .text.DisplayEnable
                0x00004244       0x1c ./kit_lcd/BRD4104A/displayls013b7dh03.o
 .text.DISPLAY_Ls013b7dh03Init
                0x00004260       0xf4 ./kit_lcd/BRD4104A/displayls013b7dh03.o
                0x00004260                DISPLAY_Ls013b7dh03Init
 .text.PAL_SpiInit
                0x00004354       0x50 ./kit_lcd/BRD4104A/displaypalemlib.o
                0x00004354                PAL_SpiInit
 .text.PAL_SpiTransmit
                0x000043a4       0x40 ./kit_lcd/BRD4104A/displaypalemlib.o
                0x000043a4                PAL_SpiTransmit
 .text.PAL_TimerInit
                0x000043e4        0xc ./kit_lcd/BRD4104A/displaypalemlib.o
                0x000043e4                PAL_TimerInit
 .text.PAL_TimerMicroSecondsDelay
                0x000043f0        0xc ./kit_lcd/BRD4104A/displaypalemlib.o
                0x000043f0                PAL_TimerMicroSecondsDelay
 .text.PAL_TimerRepeat
                0x000043fc       0x18 ./kit_lcd/BRD4104A/displaypalemlib.o
                0x000043fc                PAL_TimerRepeat
 .text.PAL_GpioInit
                0x00004414       0x14 ./kit_lcd/BRD4104A/displaypalemlib.o
                0x00004414                PAL_GpioInit
 .text.PAL_GpioPinModeSet
                0x00004428       0x1c ./kit_lcd/BRD4104A/displaypalemlib.o
                0x00004428                PAL_GpioPinModeSet
 .text.PAL_GpioPinOutSet
                0x00004444       0x1c ./kit_lcd/BRD4104A/displaypalemlib.o
                0x00004444                PAL_GpioPinOutSet
 .text.PAL_GpioPinOutClear
                0x00004460       0x1c ./kit_lcd/BRD4104A/displaypalemlib.o
                0x00004460                PAL_GpioPinOutClear
 .text.PAL_GpioPinOutToggle
                0x0000447c       0x1c ./kit_lcd/BRD4104A/displaypalemlib.o
                0x0000447c                PAL_GpioPinOutToggle
 .text._close   0x00004498        0x4 ./serial_vcom/retargetio.o
                0x00004498                _close
 .text._exit    0x0000449c        0x4 ./serial_vcom/retargetio.o
                0x0000449c                _exit
 .text._fstat   0x000044a0        0xc ./serial_vcom/retargetio.o
                0x000044a0                _fstat
 .text._isatty  0x000044ac        0x4 ./serial_vcom/retargetio.o
                0x000044ac                _isatty
 .text._lseek   0x000044b0        0x4 ./serial_vcom/retargetio.o
                0x000044b0                _lseek
 .text._read    0x000044b4       0x30 ./serial_vcom/retargetio.o
                0x000044b4                _read
 .text._sbrk    0x000044e4       0x1c ./serial_vcom/retargetio.o
                0x000044e4                _sbrk
 .text._write   0x00004500       0x1c ./serial_vcom/retargetio.o
                0x00004500                _write
 .text.USART0_RX_IRQHandler
                0x0000451c       0x58 ./serial_vcom/retargetserial.o
                0x0000451c                USART0_RX_IRQHandler
 .text.RETARGET_SerialInit
                0x00004574       0xc8 ./serial_vcom/retargetserial.o
                0x00004574                RETARGET_SerialInit
 .text.RETARGET_ReadChar
                0x0000463c       0x58 ./serial_vcom/retargetserial.o
                0x0000463c                RETARGET_ReadChar
 .text.RETARGET_WriteChar
                0x00004694       0x58 ./serial_vcom/retargetserial.o
                0x00004694                RETARGET_WriteChar
 .text.EMU_enter_DefaultMode_from_RESET
                0x000046ec       0x8c ./src/InitDevice.o
                0x000046ec                EMU_enter_DefaultMode_from_RESET
 .text.CMU_enter_DefaultMode_from_RESET
                0x00004778      0x118 ./src/InitDevice.o
                0x00004778                CMU_enter_DefaultMode_from_RESET
 .text.RTCC_enter_DefaultMode_from_RESET
                0x00004890       0x48 ./src/InitDevice.o
                0x00004890                RTCC_enter_DefaultMode_from_RESET
 .text.enter_DefaultMode_from_RESET
                0x000048d8       0x64 ./src/InitDevice.o
                0x000048d8                enter_DefaultMode_from_RESET
 .text.i2c_init
                0x0000493c       0x9c ./src/i2c.o
                0x0000493c                i2c_init
 .text.i2c_readByte
                0x000049d8       0x84 ./src/i2c.o
                0x000049d8                i2c_readByte
 .text.i2c_writeByte
                0x00004a5c       0x48 ./src/i2c.o
                0x00004a5c                i2c_writeByte
 .text.lum_enable
                0x00004aa4       0x1c ./src/i2c.o
                0x00004aa4                lum_enable
 .text.getLuminosityValue
                0x00004ac0      0x1fc ./src/i2c.o
                0x00004ac0                getLuminosityValue
 .text.TIMER0_IRQHandler
                0x00004cbc       0x20 ./src/timer0.o
                0x00004cbc                TIMER0_IRQHandler
 .text.mesh_lib_transition_time_to_ms
                0x00004cdc       0x2c ./stack/bt_mesh_stack/mesh_lib.o
                0x00004cdc                mesh_lib_transition_time_to_ms
 .text.deserialize_request
                0x00004d08      0x120 ./stack/bt_mesh_stack/mesh_lib.o
                0x00004d08                deserialize_request
 .text.serialize_state
                0x00004e28      0x164 ./stack/bt_mesh_stack/mesh_lib.o
                0x00004e28                serialize_state
 .text.mesh_lib_init
                0x00004f8c       0x4c ./stack/bt_mesh_stack/mesh_lib.o
                0x00004f8c                mesh_lib_init
 .text.mesh_lib_generic_server_register_handler
                0x00004fd8       0x74 ./stack/bt_mesh_stack/mesh_lib.o
                0x00004fd8                mesh_lib_generic_server_register_handler
 .text.mesh_lib_generic_server_event_handler
                0x0000504c       0x98 ./stack/bt_mesh_stack/mesh_lib.o
                0x0000504c                mesh_lib_generic_server_event_handler
 .text.mesh_lib_generic_server_response
                0x000050e4       0x98 ./stack/bt_mesh_stack/mesh_lib.o
                0x000050e4                mesh_lib_generic_server_response
 .text.mesh_lib_generic_server_update
                0x0000517c       0x84 ./stack/bt_mesh_stack/mesh_lib.o
                0x0000517c                mesh_lib_generic_server_update
 .text.mesh_lib_generic_server_publish
                0x00005200       0x30 ./stack/bt_mesh_stack/mesh_lib.o
                0x00005200                mesh_lib_generic_server_publish
 .text.pow      0x00005230      0x2f8 c:/siliconlabs/simplicitystudio/v4/developer/toolchains/gnu_arm/4.9_2015q3/bin/../lib/gcc/arm-none-eabi/4.9.3/../../../../arm-none-eabi/lib/armv7e-m/softfp\libm.a(lib_a-w_pow.o)
                0x00005230                pow
 .text.__ieee754_pow
                0x00005528      0xa98 c:/siliconlabs/simplicitystudio/v4/developer/toolchains/gnu_arm/4.9_2015q3/bin/../lib/gcc/arm-none-eabi/4.9.3/../../../../arm-none-eabi/lib/armv7e-m/softfp\libm.a(lib_a-e_pow.o)
                0x00005528                __ieee754_pow
 .text.__ieee754_sqrt
                0x00005fc0      0x188 c:/siliconlabs/simplicitystudio/v4/developer/toolchains/gnu_arm/4.9_2015q3/bin/../lib/gcc/arm-none-eabi/4.9.3/../../../../arm-none-eabi/lib/armv7e-m/softfp\libm.a(lib_a-e_sqrt.o)
                0x00005fc0                __ieee754_sqrt
 .text.fabs     0x00006148        0x8 c:/siliconlabs/simplicitystudio/v4/developer/toolchains/gnu_arm/4.9_2015q3/bin/../lib/gcc/arm-none-eabi/4.9.3/../../../../arm-none-eabi/lib/armv7e-m/softfp\libm.a(lib_a-s_fabs.o)
                0x00006148                fabs
 .text.finite   0x00006150        0xc c:/siliconlabs/simplicitystudio/v4/developer/toolchains/gnu_arm/4.9_2015q3/bin/../lib/gcc/arm-none-eabi/4.9.3/../../../../arm-none-eabi/lib/armv7e-m/softfp\libm.a(lib_a-s_finite.o)
                0x00006150                finite
 .text.__fpclassifyd
                0x0000615c       0x58 c:/siliconlabs/simplicitystudio/v4/developer/toolchains/gnu_arm/4.9_2015q3/bin/../lib/gcc/arm-none-eabi/4.9.3/../../../../arm-none-eabi/lib/armv7e-m/softfp\libm.a(lib_a-s_fpclassify.o)
                0x0000615c                __fpclassifyd
 .text.matherr  0x000061b4        0x4 c:/siliconlabs/simplicitystudio/v4/developer/toolchains/gnu_arm/4.9_2015q3/bin/../lib/gcc/arm-none-eabi/4.9.3/../../../../arm-none-eabi/lib/armv7e-m/softfp\libm.a(lib_a-s_matherr.o)
                0x000061b4                matherr
 .text.nan      0x000061b8        0xc c:/siliconlabs/simplicitystudio/v4/developer/toolchains/gnu_arm/4.9_2015q3/bin/../lib/gcc/arm-none-eabi/4.9.3/../../../../arm-none-eabi/lib/armv7e-m/softfp\libm.a(lib_a-s_nan.o)
                0x000061b8                nan
 .text.rint     0x000061c4      0x118 c:/siliconlabs/simplicitystudio/v4/developer/toolchains/gnu_arm/4.9_2015q3/bin/../lib/gcc/arm-none-eabi/4.9.3/../../../../arm-none-eabi/lib/armv7e-m/softfp\libm.a(lib_a-s_rint.o)
                0x000061c4                rint
 *fill*         0x000062dc        0x4 
 .text.scalbn   0x000062e0      0x104 c:/siliconlabs/simplicitystudio/v4/developer/toolchains/gnu_arm/4.9_2015q3/bin/../lib/gcc/arm-none-eabi/4.9.3/../../../../arm-none-eabi/lib/armv7e-m/softfp\libm.a(lib_a-s_scalbn.o)
                0x000062e0                scalbn
 .text.copysign
                0x000063e4       0x10 c:/siliconlabs/simplicitystudio/v4/developer/toolchains/gnu_arm/4.9_2015q3/bin/../lib/gcc/arm-none-eabi/4.9.3/../../../../arm-none-eabi/lib/armv7e-m/softfp\libm.a(lib_a-s_copysign.o)
                0x000063e4                copysign
 *fill*         0x000063f4        0x4 
 .text          0x000063f8    0x3e1d0 C:/SiliconLabs/SimplicityStudio/v4/developer/sdks/blemesh/v1.1//protocol/bluetooth_dev/lib/EFR32XG13X/GCC/\libbluetooth_mesh.a
                0x00006454                gecko_init_alloc
                0x00006b24                vectors_init
                0x00006ea4                gecko_sleep_for_ms
                0x00006f44                bgapi_buffer_init
                0x00006fb8                register_message_handler
                0x000070ec                gecko_handle_library_packet
                0x00007f50                gecko_handle_command
                0x00007fd4                gecko_handle_command_noresponse
                0x00008004                gecko_external_signal
                0x00008120                gecko_priority_handle
                0x000081e8                gecko_register_bgapi_library
                0x00008248                gecko_event_pending
                0x000082bc                gecko_peek_event
                0x000082c0                gecko_wait_event
                0x000082e0                gecko_can_sleep_ms
                0x00008a58                gecko_stack_init
                0x0000a25c                gecko_bgapi_class_mesh_prov_init
                0x0000a268                gecko_bgapi_class_mesh_node_init
                0x0000a298                gecko_bgapi_class_mesh_generic_client_init
                0x0000a2a4                gecko_bgapi_class_mesh_generic_server_init
                0x0000fad8                gecko_bgapi_class_le_connection_init
                0x0000fae4                gecko_bgapi_class_endpoint_init
                0x0000faf0                gecko_bgapi_class_sm_init
                0x0000fb08                gecko_bgapi_class_flash_init
                0x0000fb20                gecko_bgapi_class_gatt_server_init
                0x0000fb2c                gecko_bgapi_class_gatt_init
                0x0000fb4c                gecko_bgapi_class_le_gap_init
                0x0000fb58                gecko_bgapi_class_dfu_init
                0x0000fb64                gecko_bgapi_class_test_init
                0x0000fb7c                gecko_bgapi_class_hardware_init
                0x0000fb94                gecko_bgapi_class_system_init
                0x0002396e                RAIL_EnablePti
                0x00023974                RAIL_GetPtiConfig
                0x0002397a                RAIL_ConfigPti
                0x0003a5a0                bg_pool_size
                0x0003a83c                bg_pool_free_count
                0x0003ae06                bg_message_send
 .text.unlikely
                0x000445c8       0x3a C:/SiliconLabs/SimplicityStudio/v4/developer/sdks/blemesh/v1.1//protocol/bluetooth_dev/lib/EFR32XG13X/GCC/\libbluetooth_mesh.a
 *fill*         0x00044602        0x2 
 .text          0x00044604      0x370 c:/siliconlabs/simplicitystudio/v4/developer/toolchains/gnu_arm/4.9_2015q3/bin/../lib/gcc/arm-none-eabi/4.9.3/armv7e-m/softfp\libgcc.a(_arm_addsubdf3.o)
                0x00044604                __aeabi_drsub
                0x0004460c                __aeabi_dsub
                0x0004460c                __subdf3
                0x00044610                __aeabi_dadd
                0x00044610                __adddf3
                0x00044888                __floatunsidf
                0x00044888                __aeabi_ui2d
                0x000448a8                __floatsidf
                0x000448a8                __aeabi_i2d
                0x000448cc                __aeabi_f2d
                0x000448cc                __extendsfdf2
                0x00044908                __floatundidf
                0x00044908                __aeabi_ul2d
                0x00044918                __floatdidf
                0x00044918                __aeabi_l2d
 .text          0x00044974      0x424 c:/siliconlabs/simplicitystudio/v4/developer/toolchains/gnu_arm/4.9_2015q3/bin/../lib/gcc/arm-none-eabi/4.9.3/armv7e-m/softfp\libgcc.a(_arm_muldivdf3.o)
                0x00044974                __aeabi_dmul
                0x00044974                __muldf3
                0x00044bc8                __divdf3
                0x00044bc8                __aeabi_ddiv
 .text          0x00044d98      0x110 c:/siliconlabs/simplicitystudio/v4/developer/toolchains/gnu_arm/4.9_2015q3/bin/../lib/gcc/arm-none-eabi/4.9.3/armv7e-m/softfp\libgcc.a(_arm_cmpdf2.o)
                0x00044d98                __gtdf2
                0x00044d98                __gedf2
                0x00044da0                __ltdf2
                0x00044da0                __ledf2
                0x00044da8                __nedf2
                0x00044da8                __eqdf2
                0x00044da8                __cmpdf2
                0x00044e24                __aeabi_cdrcmple
                0x00044e34                __aeabi_cdcmpeq
                0x00044e34                __aeabi_cdcmple
                0x00044e44                __aeabi_dcmpeq
                0x00044e58                __aeabi_dcmplt
                0x00044e6c                __aeabi_dcmple
                0x00044e80                __aeabi_dcmpge
                0x00044e94                __aeabi_dcmpgt
 .text          0x00044ea8       0x38 c:/siliconlabs/simplicitystudio/v4/developer/toolchains/gnu_arm/4.9_2015q3/bin/../lib/gcc/arm-none-eabi/4.9.3/armv7e-m/softfp\libgcc.a(_aeabi_ldivmod.o)
                0x00044ea8                __aeabi_ldivmod
 .text          0x00044ee0       0x30 c:/siliconlabs/simplicitystudio/v4/developer/toolchains/gnu_arm/4.9_2015q3/bin/../lib/gcc/arm-none-eabi/4.9.3/armv7e-m/softfp\libgcc.a(_aeabi_uldivmod.o)
                0x00044ee0                __aeabi_uldivmod
 .text          0x00044f10       0x60 c:/siliconlabs/simplicitystudio/v4/developer/toolchains/gnu_arm/4.9_2015q3/bin/../lib/gcc/arm-none-eabi/4.9.3/armv7e-m/softfp\libgcc.a(bpabi.o)
                0x00044f10                __gnu_ldivmod_helper
                0x00044f40                __gnu_uldivmod_helper
 .text          0x00044f70        0x4 c:/siliconlabs/simplicitystudio/v4/developer/toolchains/gnu_arm/4.9_2015q3/bin/../lib/gcc/arm-none-eabi/4.9.3/armv7e-m/softfp\libgcc.a(_dvmd_tls.o)
                0x00044f70                __aeabi_idiv0
                0x00044f70                __aeabi_ldiv0
 .text          0x00044f74      0x29c c:/siliconlabs/simplicitystudio/v4/developer/toolchains/gnu_arm/4.9_2015q3/bin/../lib/gcc/arm-none-eabi/4.9.3/armv7e-m/softfp\libgcc.a(_divdi3.o)
                0x00044f74                __divdi3
 .text          0x00045210      0x26c c:/siliconlabs/simplicitystudio/v4/developer/toolchains/gnu_arm/4.9_2015q3/bin/../lib/gcc/arm-none-eabi/4.9.3/armv7e-m/softfp\libgcc.a(_udivdi3.o)
                0x00045210                __udivdi3
 .text.__errno  0x0004547c        0xc c:/siliconlabs/simplicitystudio/v4/developer/toolchains/gnu_arm/4.9_2015q3/bin/../lib/gcc/arm-none-eabi/4.9.3/../../../../arm-none-eabi/lib/armv7e-m/softfp\libc.a(lib_a-errno.o)
                0x0004547c                __errno
 .text.exit     0x00045488       0x20 c:/siliconlabs/simplicitystudio/v4/developer/toolchains/gnu_arm/4.9_2015q3/bin/../lib/gcc/arm-none-eabi/4.9.3/../../../../arm-none-eabi/lib/armv7e-m/softfp\libc.a(lib_a-exit.o)
                0x00045488                exit
 .text.__libc_init_array
                0x000454a8       0x50 c:/siliconlabs/simplicitystudio/v4/developer/toolchains/gnu_arm/4.9_2015q3/bin/../lib/gcc/arm-none-eabi/4.9.3/../../../../arm-none-eabi/lib/armv7e-m/softfp\libc.a(lib_a-init.o)
                0x000454a8                __libc_init_array
 .text.malloc   0x000454f8       0x10 c:/siliconlabs/simplicitystudio/v4/developer/toolchains/gnu_arm/4.9_2015q3/bin/../lib/gcc/arm-none-eabi/4.9.3/../../../../arm-none-eabi/lib/armv7e-m/softfp\libc.a(lib_a-malloc.o)
                0x000454f8                malloc
 .text.free     0x00045508       0x10 c:/siliconlabs/simplicitystudio/v4/developer/toolchains/gnu_arm/4.9_2015q3/bin/../lib/gcc/arm-none-eabi/4.9.3/../../../../arm-none-eabi/lib/armv7e-m/softfp\libc.a(lib_a-malloc.o)
                0x00045508                free
 .text._malloc_r
                0x00045518      0x524 c:/siliconlabs/simplicitystudio/v4/developer/toolchains/gnu_arm/4.9_2015q3/bin/../lib/gcc/arm-none-eabi/4.9.3/../../../../arm-none-eabi/lib/armv7e-m/softfp\libc.a(lib_a-mallocr.o)
                0x00045518                _malloc_r
 .text.memcmp   0x00045a3c       0x64 c:/siliconlabs/simplicitystudio/v4/developer/toolchains/gnu_arm/4.9_2015q3/bin/../lib/gcc/arm-none-eabi/4.9.3/../../../../arm-none-eabi/lib/armv7e-m/softfp\libc.a(lib_a-memcmp.o)
                0x00045a3c                memcmp
 .text          0x00045aa0      0x134 c:/siliconlabs/simplicitystudio/v4/developer/toolchains/gnu_arm/4.9_2015q3/bin/../lib/gcc/arm-none-eabi/4.9.3/../../../../arm-none-eabi/lib/armv7e-m/softfp\libc.a(lib_a-memcpy.o)
                0x00045aa0                memcpy
 .text.memmove  0x00045bd4       0xc8 c:/siliconlabs/simplicitystudio/v4/developer/toolchains/gnu_arm/4.9_2015q3/bin/../lib/gcc/arm-none-eabi/4.9.3/../../../../arm-none-eabi/lib/armv7e-m/softfp\libc.a(lib_a-memmove.o)
                0x00045bd4                memmove
 .text.memset   0x00045c9c       0x9c c:/siliconlabs/simplicitystudio/v4/developer/toolchains/gnu_arm/4.9_2015q3/bin/../lib/gcc/arm-none-eabi/4.9.3/../../../../arm-none-eabi/lib/armv7e-m/softfp\libc.a(lib_a-memset.o)
                0x00045c9c                memset
 .text.__malloc_lock
                0x00045d38        0x4 c:/siliconlabs/simplicitystudio/v4/developer/toolchains/gnu_arm/4.9_2015q3/bin/../lib/gcc/arm-none-eabi/4.9.3/../../../../arm-none-eabi/lib/armv7e-m/softfp\libc.a(lib_a-mlock.o)
                0x00045d38                __malloc_lock
 .text.__malloc_unlock
                0x00045d3c        0x4 c:/siliconlabs/simplicitystudio/v4/developer/toolchains/gnu_arm/4.9_2015q3/bin/../lib/gcc/arm-none-eabi/4.9.3/../../../../arm-none-eabi/lib/armv7e-m/softfp\libc.a(lib_a-mlock.o)
                0x00045d3c                __malloc_unlock
 .text.printf   0x00045d40       0x28 c:/siliconlabs/simplicitystudio/v4/developer/toolchains/gnu_arm/4.9_2015q3/bin/../lib/gcc/arm-none-eabi/4.9.3/../../../../arm-none-eabi/lib/armv7e-m/softfp\libc.a(lib_a-printf.o)
                0x00045d40                printf
 .text._sbrk_r  0x00045d68       0x24 c:/siliconlabs/simplicitystudio/v4/developer/toolchains/gnu_arm/4.9_2015q3/bin/../lib/gcc/arm-none-eabi/4.9.3/../../../../arm-none-eabi/lib/armv7e-m/softfp\libc.a(lib_a-sbrkr.o)
                0x00045d68                _sbrk_r
 .text.setvbuf  0x00045d8c       0xf8 c:/siliconlabs/simplicitystudio/v4/developer/toolchains/gnu_arm/4.9_2015q3/bin/../lib/gcc/arm-none-eabi/4.9.3/../../../../arm-none-eabi/lib/armv7e-m/softfp\libc.a(lib_a-setvbuf.o)
                0x00045d8c                setvbuf
 .text.sprintf  0x00045e84       0x4c c:/siliconlabs/simplicitystudio/v4/developer/toolchains/gnu_arm/4.9_2015q3/bin/../lib/gcc/arm-none-eabi/4.9.3/../../../../arm-none-eabi/lib/armv7e-m/softfp\libc.a(lib_a-sprintf.o)
                0x00045e84                sprintf
 .text.strcat   0x00045ed0       0x40 c:/siliconlabs/simplicitystudio/v4/developer/toolchains/gnu_arm/4.9_2015q3/bin/../lib/gcc/arm-none-eabi/4.9.3/../../../../arm-none-eabi/lib/armv7e-m/softfp\libc.a(lib_a-strcat.o)
                0x00045ed0                strcat
 *fill*         0x00045f10       0x10 
 .text          0x00045f20      0x2dc c:/siliconlabs/simplicitystudio/v4/developer/toolchains/gnu_arm/4.9_2015q3/bin/../lib/gcc/arm-none-eabi/4.9.3/../../../../arm-none-eabi/lib/armv7e-m/softfp\libc.a(lib_a-strcmp.o)
                0x00045f28                strcmp
 .text.strcpy   0x000461fc       0xbc c:/siliconlabs/simplicitystudio/v4/developer/toolchains/gnu_arm/4.9_2015q3/bin/../lib/gcc/arm-none-eabi/4.9.3/../../../../arm-none-eabi/lib/armv7e-m/softfp\libc.a(lib_a-strcpy.o)
                0x000461fc                strcpy
 .text.strlen   0x000462b8       0x5c c:/siliconlabs/simplicitystudio/v4/developer/toolchains/gnu_arm/4.9_2015q3/bin/../lib/gcc/arm-none-eabi/4.9.3/../../../../arm-none-eabi/lib/armv7e-m/softfp\libc.a(lib_a-strlen.o)
                0x000462b8                strlen
 *fill*         0x00046314        0x4 
 .text._svfprintf_r
                0x00046318     0x14d0 c:/siliconlabs/simplicitystudio/v4/developer/toolchains/gnu_arm/4.9_2015q3/bin/../lib/gcc/arm-none-eabi/4.9.3/../../../../arm-none-eabi/lib/armv7e-m/softfp\libc.a(lib_a-svfprintf.o)
                0x00046318                _svfprintf_r
 .text._vfprintf_r
                0x000477e8     0x1428 c:/siliconlabs/simplicitystudio/v4/developer/toolchains/gnu_arm/4.9_2015q3/bin/../lib/gcc/arm-none-eabi/4.9.3/../../../../arm-none-eabi/lib/armv7e-m/softfp\libc.a(lib_a-vfprintf.o)
                0x000477e8                _vfprintf_r
 .text.__sbprintf
                0x00048c10       0x78 c:/siliconlabs/simplicitystudio/v4/developer/toolchains/gnu_arm/4.9_2015q3/bin/../lib/gcc/arm-none-eabi/4.9.3/../../../../arm-none-eabi/lib/armv7e-m/softfp\libc.a(lib_a-vfprintf.o)
 .text.__swsetup_r
                0x00048c88       0xc4 c:/siliconlabs/simplicitystudio/v4/developer/toolchains/gnu_arm/4.9_2015q3/bin/../lib/gcc/arm-none-eabi/4.9.3/../../../../arm-none-eabi/lib/armv7e-m/softfp\libc.a(lib_a-wsetup.o)
                0x00048c88                __swsetup_r
 .text.startup.register_fini
                0x00048d4c       0x14 c:/siliconlabs/simplicitystudio/v4/developer/toolchains/gnu_arm/4.9_2015q3/bin/../lib/gcc/arm-none-eabi/4.9.3/../../../../arm-none-eabi/lib/armv7e-m/softfp\libc.a(lib_a-__call_atexit.o)
 .text.__call_exitprocs
                0x00048d60       0xd4 c:/siliconlabs/simplicitystudio/v4/developer/toolchains/gnu_arm/4.9_2015q3/bin/../lib/gcc/arm-none-eabi/4.9.3/../../../../arm-none-eabi/lib/armv7e-m/softfp\libc.a(lib_a-__call_atexit.o)
                0x00048d60                __call_exitprocs
 .text.atexit   0x00048e34        0xc c:/siliconlabs/simplicitystudio/v4/developer/toolchains/gnu_arm/4.9_2015q3/bin/../lib/gcc/arm-none-eabi/4.9.3/../../../../arm-none-eabi/lib/armv7e-m/softfp\libc.a(lib_a-atexit.o)
                0x00048e34                atexit
 .text.quorem   0x00048e40      0x12c c:/siliconlabs/simplicitystudio/v4/developer/toolchains/gnu_arm/4.9_2015q3/bin/../lib/gcc/arm-none-eabi/4.9.3/../../../../arm-none-eabi/lib/armv7e-m/softfp\libc.a(lib_a-dtoa.o)
 *fill*         0x00048f6c        0x4 
 .text._dtoa_r  0x00048f70      0xe90 c:/siliconlabs/simplicitystudio/v4/developer/toolchains/gnu_arm/4.9_2015q3/bin/../lib/gcc/arm-none-eabi/4.9.3/../../../../arm-none-eabi/lib/armv7e-m/softfp\libc.a(lib_a-dtoa.o)
                0x00048f70                _dtoa_r
 .text.__sflush_r
                0x00049e00      0x154 c:/siliconlabs/simplicitystudio/v4/developer/toolchains/gnu_arm/4.9_2015q3/bin/../lib/gcc/arm-none-eabi/4.9.3/../../../../arm-none-eabi/lib/armv7e-m/softfp\libc.a(lib_a-fflush.o)
                0x00049e00                __sflush_r
 .text._fflush_r
                0x00049f54       0x2c c:/siliconlabs/simplicitystudio/v4/developer/toolchains/gnu_arm/4.9_2015q3/bin/../lib/gcc/arm-none-eabi/4.9.3/../../../../arm-none-eabi/lib/armv7e-m/softfp\libc.a(lib_a-fflush.o)
                0x00049f54                _fflush_r
 .text._cleanup_r
                0x00049f80        0xc c:/siliconlabs/simplicitystudio/v4/developer/toolchains/gnu_arm/4.9_2015q3/bin/../lib/gcc/arm-none-eabi/4.9.3/../../../../arm-none-eabi/lib/armv7e-m/softfp\libc.a(lib_a-findfp.o)
                0x00049f80                _cleanup_r
 .text.__sinit.part.1
                0x00049f8c       0xf0 c:/siliconlabs/simplicitystudio/v4/developer/toolchains/gnu_arm/4.9_2015q3/bin/../lib/gcc/arm-none-eabi/4.9.3/../../../../arm-none-eabi/lib/armv7e-m/softfp\libc.a(lib_a-findfp.o)
 .text.__sinit  0x0004a07c        0xc c:/siliconlabs/simplicitystudio/v4/developer/toolchains/gnu_arm/4.9_2015q3/bin/../lib/gcc/arm-none-eabi/4.9.3/../../../../arm-none-eabi/lib/armv7e-m/softfp\libc.a(lib_a-findfp.o)
                0x0004a07c                __sinit
 .text.__sfp_lock_acquire
                0x0004a088        0x4 c:/siliconlabs/simplicitystudio/v4/developer/toolchains/gnu_arm/4.9_2015q3/bin/../lib/gcc/arm-none-eabi/4.9.3/../../../../arm-none-eabi/lib/armv7e-m/softfp\libc.a(lib_a-findfp.o)
                0x0004a088                __sfp_lock_acquire
 .text.__sfp_lock_release
                0x0004a08c        0x4 c:/siliconlabs/simplicitystudio/v4/developer/toolchains/gnu_arm/4.9_2015q3/bin/../lib/gcc/arm-none-eabi/4.9.3/../../../../arm-none-eabi/lib/armv7e-m/softfp\libc.a(lib_a-findfp.o)
                0x0004a08c                __sfp_lock_release
 .text.__libc_fini_array
                0x0004a090       0x2c c:/siliconlabs/simplicitystudio/v4/developer/toolchains/gnu_arm/4.9_2015q3/bin/../lib/gcc/arm-none-eabi/4.9.3/../../../../arm-none-eabi/lib/armv7e-m/softfp\libc.a(lib_a-fini.o)
                0x0004a090                __libc_fini_array
 .text._malloc_trim_r
                0x0004a0bc       0x9c c:/siliconlabs/simplicitystudio/v4/developer/toolchains/gnu_arm/4.9_2015q3/bin/../lib/gcc/arm-none-eabi/4.9.3/../../../../arm-none-eabi/lib/armv7e-m/softfp\libc.a(lib_a-freer.o)
                0x0004a0bc                _malloc_trim_r
 .text._free_r  0x0004a158      0x1b0 c:/siliconlabs/simplicitystudio/v4/developer/toolchains/gnu_arm/4.9_2015q3/bin/../lib/gcc/arm-none-eabi/4.9.3/../../../../arm-none-eabi/lib/armv7e-m/softfp\libc.a(lib_a-freer.o)
                0x0004a158                _free_r
 .text._fwalk_reent
                0x0004a308       0x54 c:/siliconlabs/simplicitystudio/v4/developer/toolchains/gnu_arm/4.9_2015q3/bin/../lib/gcc/arm-none-eabi/4.9.3/../../../../arm-none-eabi/lib/armv7e-m/softfp\libc.a(lib_a-fwalk.o)
                0x0004a308                _fwalk_reent
 .text.__locale_charset
                0x0004a35c        0x8 c:/siliconlabs/simplicitystudio/v4/developer/toolchains/gnu_arm/4.9_2015q3/bin/../lib/gcc/arm-none-eabi/4.9.3/../../../../arm-none-eabi/lib/armv7e-m/softfp\libc.a(lib_a-locale.o)
                0x0004a35c                __locale_charset
 .text.__locale_mb_cur_max
                0x0004a364        0xc c:/siliconlabs/simplicitystudio/v4/developer/toolchains/gnu_arm/4.9_2015q3/bin/../lib/gcc/arm-none-eabi/4.9.3/../../../../arm-none-eabi/lib/armv7e-m/softfp\libc.a(lib_a-locale.o)
                0x0004a364                __locale_mb_cur_max
 .text._localeconv_r
                0x0004a370        0x8 c:/siliconlabs/simplicitystudio/v4/developer/toolchains/gnu_arm/4.9_2015q3/bin/../lib/gcc/arm-none-eabi/4.9.3/../../../../arm-none-eabi/lib/armv7e-m/softfp\libc.a(lib_a-locale.o)
                0x0004a370                _localeconv_r
 .text.__smakebuf_r
                0x0004a378       0xe0 c:/siliconlabs/simplicitystudio/v4/developer/toolchains/gnu_arm/4.9_2015q3/bin/../lib/gcc/arm-none-eabi/4.9.3/../../../../arm-none-eabi/lib/armv7e-m/softfp\libc.a(lib_a-makebuf.o)
                0x0004a378                __smakebuf_r
 .text.memchr   0x0004a458       0x94 c:/siliconlabs/simplicitystudio/v4/developer/toolchains/gnu_arm/4.9_2015q3/bin/../lib/gcc/arm-none-eabi/4.9.3/../../../../arm-none-eabi/lib/armv7e-m/softfp\libc.a(lib_a-memchr.o)
                0x0004a458                memchr
 .text._Balloc  0x0004a4ec       0x4c c:/siliconlabs/simplicitystudio/v4/developer/toolchains/gnu_arm/4.9_2015q3/bin/../lib/gcc/arm-none-eabi/4.9.3/../../../../arm-none-eabi/lib/armv7e-m/softfp\libc.a(lib_a-mprec.o)
                0x0004a4ec                _Balloc
 .text._Bfree   0x0004a538       0x14 c:/siliconlabs/simplicitystudio/v4/developer/toolchains/gnu_arm/4.9_2015q3/bin/../lib/gcc/arm-none-eabi/4.9.3/../../../../arm-none-eabi/lib/armv7e-m/softfp\libc.a(lib_a-mprec.o)
                0x0004a538                _Bfree
 .text.__multadd
                0x0004a54c       0x84 c:/siliconlabs/simplicitystudio/v4/developer/toolchains/gnu_arm/4.9_2015q3/bin/../lib/gcc/arm-none-eabi/4.9.3/../../../../arm-none-eabi/lib/armv7e-m/softfp\libc.a(lib_a-mprec.o)
                0x0004a54c                __multadd
 .text.__hi0bits
                0x0004a5d0       0x40 c:/siliconlabs/simplicitystudio/v4/developer/toolchains/gnu_arm/4.9_2015q3/bin/../lib/gcc/arm-none-eabi/4.9.3/../../../../arm-none-eabi/lib/armv7e-m/softfp\libc.a(lib_a-mprec.o)
                0x0004a5d0                __hi0bits
 .text.__lo0bits
                0x0004a610       0x5c c:/siliconlabs/simplicitystudio/v4/developer/toolchains/gnu_arm/4.9_2015q3/bin/../lib/gcc/arm-none-eabi/4.9.3/../../../../arm-none-eabi/lib/armv7e-m/softfp\libc.a(lib_a-mprec.o)
                0x0004a610                __lo0bits
 .text.__i2b    0x0004a66c       0x14 c:/siliconlabs/simplicitystudio/v4/developer/toolchains/gnu_arm/4.9_2015q3/bin/../lib/gcc/arm-none-eabi/4.9.3/../../../../arm-none-eabi/lib/armv7e-m/softfp\libc.a(lib_a-mprec.o)
                0x0004a66c                __i2b
 .text.__multiply
                0x0004a680      0x134 c:/siliconlabs/simplicitystudio/v4/developer/toolchains/gnu_arm/4.9_2015q3/bin/../lib/gcc/arm-none-eabi/4.9.3/../../../../arm-none-eabi/lib/armv7e-m/softfp\libc.a(lib_a-mprec.o)
                0x0004a680                __multiply
 .text.__pow5mult
                0x0004a7b4       0xa0 c:/siliconlabs/simplicitystudio/v4/developer/toolchains/gnu_arm/4.9_2015q3/bin/../lib/gcc/arm-none-eabi/4.9.3/../../../../arm-none-eabi/lib/armv7e-m/softfp\libc.a(lib_a-mprec.o)
                0x0004a7b4                __pow5mult
 .text.__lshift
                0x0004a854       0xac c:/siliconlabs/simplicitystudio/v4/developer/toolchains/gnu_arm/4.9_2015q3/bin/../lib/gcc/arm-none-eabi/4.9.3/../../../../arm-none-eabi/lib/armv7e-m/softfp\libc.a(lib_a-mprec.o)
                0x0004a854                __lshift
 .text.__mcmp   0x0004a900       0x48 c:/siliconlabs/simplicitystudio/v4/developer/toolchains/gnu_arm/4.9_2015q3/bin/../lib/gcc/arm-none-eabi/4.9.3/../../../../arm-none-eabi/lib/armv7e-m/softfp\libc.a(lib_a-mprec.o)
                0x0004a900                __mcmp
 .text.__mdiff  0x0004a948       0xd4 c:/siliconlabs/simplicitystudio/v4/developer/toolchains/gnu_arm/4.9_2015q3/bin/../lib/gcc/arm-none-eabi/4.9.3/../../../../arm-none-eabi/lib/armv7e-m/softfp\libc.a(lib_a-mprec.o)
                0x0004a948                __mdiff
 .text.__d2b    0x0004aa1c       0xb8 c:/siliconlabs/simplicitystudio/v4/developer/toolchains/gnu_arm/4.9_2015q3/bin/../lib/gcc/arm-none-eabi/4.9.3/../../../../arm-none-eabi/lib/armv7e-m/softfp\libc.a(lib_a-mprec.o)
                0x0004aa1c                __d2b
 .text.__sread  0x0004aad4       0x24 c:/siliconlabs/simplicitystudio/v4/developer/toolchains/gnu_arm/4.9_2015q3/bin/../lib/gcc/arm-none-eabi/4.9.3/../../../../arm-none-eabi/lib/armv7e-m/softfp\libc.a(lib_a-stdio.o)
                0x0004aad4                __sread
 .text.__swrite
                0x0004aaf8       0x38 c:/siliconlabs/simplicitystudio/v4/developer/toolchains/gnu_arm/4.9_2015q3/bin/../lib/gcc/arm-none-eabi/4.9.3/../../../../arm-none-eabi/lib/armv7e-m/softfp\libc.a(lib_a-stdio.o)
                0x0004aaf8                __swrite
 .text.__sseek  0x0004ab30       0x20 c:/siliconlabs/simplicitystudio/v4/developer/toolchains/gnu_arm/4.9_2015q3/bin/../lib/gcc/arm-none-eabi/4.9.3/../../../../arm-none-eabi/lib/armv7e-m/softfp\libc.a(lib_a-stdio.o)
                0x0004ab30                __sseek
 .text.__sclose
                0x0004ab50        0x8 c:/siliconlabs/simplicitystudio/v4/developer/toolchains/gnu_arm/4.9_2015q3/bin/../lib/gcc/arm-none-eabi/4.9.3/../../../../arm-none-eabi/lib/armv7e-m/softfp\libc.a(lib_a-stdio.o)
                0x0004ab50                __sclose
 .text.__ssprint_r
                0x0004ab58      0x104 c:/siliconlabs/simplicitystudio/v4/developer/toolchains/gnu_arm/4.9_2015q3/bin/../lib/gcc/arm-none-eabi/4.9.3/../../../../arm-none-eabi/lib/armv7e-m/softfp\libc.a(lib_a-svfiprintf.o)
                0x0004ab58                __ssprint_r
 .text.__sprint_r.part.0
                0x0004ac5c       0x78 c:/siliconlabs/simplicitystudio/v4/developer/toolchains/gnu_arm/4.9_2015q3/bin/../lib/gcc/arm-none-eabi/4.9.3/../../../../arm-none-eabi/lib/armv7e-m/softfp\libc.a(lib_a-vfiprintf.o)
 .text.__sprint_r
                0x0004acd4       0x18 c:/siliconlabs/simplicitystudio/v4/developer/toolchains/gnu_arm/4.9_2015q3/bin/../lib/gcc/arm-none-eabi/4.9.3/../../../../arm-none-eabi/lib/armv7e-m/softfp\libc.a(lib_a-vfiprintf.o)
                0x0004acd4                __sprint_r
 .text._write_r
                0x0004acec       0x28 c:/siliconlabs/simplicitystudio/v4/developer/toolchains/gnu_arm/4.9_2015q3/bin/../lib/gcc/arm-none-eabi/4.9.3/../../../../arm-none-eabi/lib/armv7e-m/softfp\libc.a(lib_a-writer.o)
                0x0004acec                _write_r
 .text.__register_exitproc
                0x0004ad14       0xa4 c:/siliconlabs/simplicitystudio/v4/developer/toolchains/gnu_arm/4.9_2015q3/bin/../lib/gcc/arm-none-eabi/4.9.3/../../../../arm-none-eabi/lib/armv7e-m/softfp\libc.a(lib_a-__atexit.o)
                0x0004ad14                __register_exitproc
 .text._calloc_r
                0x0004adb8       0x60 c:/siliconlabs/simplicitystudio/v4/developer/toolchains/gnu_arm/4.9_2015q3/bin/../lib/gcc/arm-none-eabi/4.9.3/../../../../arm-none-eabi/lib/armv7e-m/softfp\libc.a(lib_a-callocr.o)
                0x0004adb8                _calloc_r
 .text._close_r
                0x0004ae18       0x24 c:/siliconlabs/simplicitystudio/v4/developer/toolchains/gnu_arm/4.9_2015q3/bin/../lib/gcc/arm-none-eabi/4.9.3/../../../../arm-none-eabi/lib/armv7e-m/softfp\libc.a(lib_a-closer.o)
                0x0004ae18                _close_r
 .text._fclose_r
                0x0004ae3c       0x84 c:/siliconlabs/simplicitystudio/v4/developer/toolchains/gnu_arm/4.9_2015q3/bin/../lib/gcc/arm-none-eabi/4.9.3/../../../../arm-none-eabi/lib/armv7e-m/softfp\libc.a(lib_a-fclose.o)
                0x0004ae3c                _fclose_r
 .text.__fputwc
                0x0004aec0       0xb0 c:/siliconlabs/simplicitystudio/v4/developer/toolchains/gnu_arm/4.9_2015q3/bin/../lib/gcc/arm-none-eabi/4.9.3/../../../../arm-none-eabi/lib/armv7e-m/softfp\libc.a(lib_a-fputwc.o)
                0x0004aec0                __fputwc
 .text._fputwc_r
                0x0004af70       0x24 c:/siliconlabs/simplicitystudio/v4/developer/toolchains/gnu_arm/4.9_2015q3/bin/../lib/gcc/arm-none-eabi/4.9.3/../../../../arm-none-eabi/lib/armv7e-m/softfp\libc.a(lib_a-fputwc.o)
                0x0004af70                _fputwc_r
 .text._fstat_r
                0x0004af94       0x28 c:/siliconlabs/simplicitystudio/v4/developer/toolchains/gnu_arm/4.9_2015q3/bin/../lib/gcc/arm-none-eabi/4.9.3/../../../../arm-none-eabi/lib/armv7e-m/softfp\libc.a(lib_a-fstatr.o)
                0x0004af94                _fstat_r
 .text.__sfvwrite_r
                0x0004afbc      0x318 c:/siliconlabs/simplicitystudio/v4/developer/toolchains/gnu_arm/4.9_2015q3/bin/../lib/gcc/arm-none-eabi/4.9.3/../../../../arm-none-eabi/lib/armv7e-m/softfp\libc.a(lib_a-fvwrite.o)
                0x0004afbc                __sfvwrite_r
 .text._isatty_r
                0x0004b2d4       0x24 c:/siliconlabs/simplicitystudio/v4/developer/toolchains/gnu_arm/4.9_2015q3/bin/../lib/gcc/arm-none-eabi/4.9.3/../../../../arm-none-eabi/lib/armv7e-m/softfp\libc.a(lib_a-isattyr.o)
                0x0004b2d4                _isatty_r
 .text._lseek_r
                0x0004b2f8       0x28 c:/siliconlabs/simplicitystudio/v4/developer/toolchains/gnu_arm/4.9_2015q3/bin/../lib/gcc/arm-none-eabi/4.9.3/../../../../arm-none-eabi/lib/armv7e-m/softfp\libc.a(lib_a-lseekr.o)
                0x0004b2f8                _lseek_r
 .text._read_r  0x0004b320       0x28 c:/siliconlabs/simplicitystudio/v4/developer/toolchains/gnu_arm/4.9_2015q3/bin/../lib/gcc/arm-none-eabi/4.9.3/../../../../arm-none-eabi/lib/armv7e-m/softfp\libc.a(lib_a-readr.o)
                0x0004b320                _read_r
 .text._realloc_r
                0x0004b348      0x3ec c:/siliconlabs/simplicitystudio/v4/developer/toolchains/gnu_arm/4.9_2015q3/bin/../lib/gcc/arm-none-eabi/4.9.3/../../../../arm-none-eabi/lib/armv7e-m/softfp\libc.a(lib_a-reallocr.o)
                0x0004b348                _realloc_r
 .text.__swbuf_r
                0x0004b734       0xa8 c:/siliconlabs/simplicitystudio/v4/developer/toolchains/gnu_arm/4.9_2015q3/bin/../lib/gcc/arm-none-eabi/4.9.3/../../../../arm-none-eabi/lib/armv7e-m/softfp\libc.a(lib_a-wbuf.o)
                0x0004b734                __swbuf_r
 .text._wcrtomb_r
                0x0004b7dc       0x54 c:/siliconlabs/simplicitystudio/v4/developer/toolchains/gnu_arm/4.9_2015q3/bin/../lib/gcc/arm-none-eabi/4.9.3/../../../../arm-none-eabi/lib/armv7e-m/softfp\libc.a(lib_a-wcrtomb.o)
                0x0004b7dc                _wcrtomb_r
 .text.__ascii_wctomb
                0x0004b830       0x1c c:/siliconlabs/simplicitystudio/v4/developer/toolchains/gnu_arm/4.9_2015q3/bin/../lib/gcc/arm-none-eabi/4.9.3/../../../../arm-none-eabi/lib/armv7e-m/softfp\libc.a(lib_a-wctomb_r.o)
                0x0004b830                __ascii_wctomb
 .text          0x0004b84c       0x50 c:/siliconlabs/simplicitystudio/v4/developer/toolchains/gnu_arm/4.9_2015q3/bin/../lib/gcc/arm-none-eabi/4.9.3/armv7e-m/softfp\libgcc.a(_arm_fixdfsi.o)
                0x0004b84c                __aeabi_d2iz
                0x0004b84c                __fixdfsi
 *(.init)
 .init          0x0004b89c        0x4 c:/siliconlabs/simplicitystudio/v4/developer/toolchains/gnu_arm/4.9_2015q3/bin/../lib/gcc/arm-none-eabi/4.9.3/armv7e-m/softfp/crti.o
                0x0004b89c                _init
 .init          0x0004b8a0        0x8 c:/siliconlabs/simplicitystudio/v4/developer/toolchains/gnu_arm/4.9_2015q3/bin/../lib/gcc/arm-none-eabi/4.9.3/armv7e-m/softfp/crtn.o
 *(.fini)
 .fini          0x0004b8a8        0x4 c:/siliconlabs/simplicitystudio/v4/developer/toolchains/gnu_arm/4.9_2015q3/bin/../lib/gcc/arm-none-eabi/4.9.3/armv7e-m/softfp/crti.o
                0x0004b8a8                _fini
 .fini          0x0004b8ac        0x8 c:/siliconlabs/simplicitystudio/v4/developer/toolchains/gnu_arm/4.9_2015q3/bin/../lib/gcc/arm-none-eabi/4.9.3/armv7e-m/softfp/crtn.o
 *fill*         0x0004b8b4        0x4 
 .fini.__stub   0x0004b8b8       0x20 linker stubs
 *crtbegin.o(.ctors)
 *crtbegin?.o(.ctors)
 *(EXCLUDE_FILE(*crtend.o *crtend?.o) .ctors)
 *(SORT(.ctors.*))
 *(.ctors)
 *crtbegin.o(.dtors)
 *crtbegin?.o(.dtors)
 *(EXCLUDE_FILE(*crtend.o *crtend?.o) .dtors)
 *(SORT(.dtors.*))
 *(.dtors)
 *(.rodata*)
 .rodata.__mesh_dcd
                0x0004b8d8       0x1a ./dcd_switch.o
                0x0004b8d8                __mesh_dcd
 *fill*         0x0004b8f2        0x2 
 .rodata.__mesh_dcd_len
                0x0004b8f4        0x4 ./dcd_switch.o
                0x0004b8f4                __mesh_dcd_len
 .rodata.config
                0x0004b8f8       0x38 ./main.o
                0x0004b8f8                config
 .rodata.str1.4
                0x0004b930      0x800 ./main.o
                                0x814 (size before relaxing)
 .rodata        0x0004c130       0x14 ./pti.o
 .rodata.CSWTCH.50
                0x0004c144        0x5 ./emlib/em_cmu.o
 *fill*         0x0004c149        0x3 
 .rodata.CSWTCH.51
                0x0004c14c        0x5 ./emlib/em_cmu.o
 *fill*         0x0004c151        0x3 
 .rodata.CSWTCH.52
                0x0004c154        0x5 ./emlib/em_cmu.o
 *fill*         0x0004c159        0x3 
 .rodata.CSWTCH.49
                0x0004c15c        0x3 ./emlib/em_cmu.o
 *fill*         0x0004c15f        0x1 
 .rodata.flashWsTable
                0x0004c160       0x28 ./emlib/em_cmu.o
 .rodata.i2cNSum
                0x0004c188        0x4 ./emlib/em_i2c.o
 .rodata.resetCauseMasks
                0x0004c18c       0x48 ./emlib/em_rmu.o
 .rodata.GLIB_FontNormal8x8
                0x0004c1d4       0x10 ./glib/BRD4104A/glib_font_normal_8x8.o
                0x0004c1d4                GLIB_FontNormal8x8
 .rodata.GLIB_FontNormal8x8PixMap
                0x0004c1e4      0x320 ./glib/BRD4104A/glib_font_normal_8x8.o
 .rodata        0x0004c504        0x9 ./kit/BRD4104A/udelay.o
 *fill*         0x0004c50d        0x3 
 .rodata        0x0004c510       0x18 ./kit_flashpwr/BRD4104A/mx25flash_spi.o
 .rodata.str1.4
                0x0004c528       0x15 ./kit_lcd/BRD4104A/displayls013b7dh03.o
 *fill*         0x0004c53d        0x3 
 .rodata        0x0004c540       0x18 ./kit_lcd/BRD4104A/displaypalemlib.o
 .rodata        0x0004c558       0x1c ./serial_vcom/retargetserial.o
 .rodata        0x0004c574       0x31 ./src/InitDevice.o
 *fill*         0x0004c5a5        0x3 
 .rodata        0x0004c5a8       0x10 ./src/i2c.o
 .rodata        0x0004c5b8       0x10 ./stack/bt_mesh_stack/mesh_lib.o
 .rodata.str1.4
                0x0004c5c8        0x4 c:/siliconlabs/simplicitystudio/v4/developer/toolchains/gnu_arm/4.9_2015q3/bin/../lib/gcc/arm-none-eabi/4.9.3/../../../../arm-none-eabi/lib/armv7e-m/softfp\libm.a(lib_a-w_pow.o)
 *fill*         0x0004c5cc        0x4 
 .rodata.dp_h   0x0004c5d0       0x10 c:/siliconlabs/simplicitystudio/v4/developer/toolchains/gnu_arm/4.9_2015q3/bin/../lib/gcc/arm-none-eabi/4.9.3/../../../../arm-none-eabi/lib/armv7e-m/softfp\libm.a(lib_a-e_pow.o)
 .rodata.dp_l   0x0004c5e0       0x10 c:/siliconlabs/simplicitystudio/v4/developer/toolchains/gnu_arm/4.9_2015q3/bin/../lib/gcc/arm-none-eabi/4.9.3/../../../../arm-none-eabi/lib/armv7e-m/softfp\libm.a(lib_a-e_pow.o)
 .rodata.bp     0x0004c5f0       0x10 c:/siliconlabs/simplicitystudio/v4/developer/toolchains/gnu_arm/4.9_2015q3/bin/../lib/gcc/arm-none-eabi/4.9.3/../../../../arm-none-eabi/lib/armv7e-m/softfp\libm.a(lib_a-e_pow.o)
 .rodata.str1.4
                0x00000000        0x1 c:/siliconlabs/simplicitystudio/v4/developer/toolchains/gnu_arm/4.9_2015q3/bin/../lib/gcc/arm-none-eabi/4.9.3/../../../../arm-none-eabi/lib/armv7e-m/softfp\libm.a(lib_a-e_pow.o)
 .rodata.TWO52  0x0004c600       0x10 c:/siliconlabs/simplicitystudio/v4/developer/toolchains/gnu_arm/4.9_2015q3/bin/../lib/gcc/arm-none-eabi/4.9.3/../../../../arm-none-eabi/lib/armv7e-m/softfp\libm.a(lib_a-s_rint.o)
 .rodata        0x0004c610     0x26a8 C:/SiliconLabs/SimplicityStudio/v4/developer/sdks/blemesh/v1.1//protocol/bluetooth_dev/lib/EFR32XG13X/GCC/\libbluetooth_mesh.a
 .rodata.str1.1
                0x0004ecb8      0x359 C:/SiliconLabs/SimplicityStudio/v4/developer/sdks/blemesh/v1.1//protocol/bluetooth_dev/lib/EFR32XG13X/GCC/\libbluetooth_mesh.a
                                0x46c (size before relaxing)
 *fill*         0x0004f011        0x1 
 .rodata.ll_timingEfr32xg13Timing
                0x0004f012       0x28 C:/SiliconLabs/SimplicityStudio/v4/developer/sdks/blemesh/v1.1//protocol/bluetooth_dev/lib/EFR32XG13X/GCC/\libbluetooth_mesh.a
 *fill*         0x0004f03a        0x2 
 .rodata.ll_radioScaToPpm
                0x0004f03c       0x24 C:/SiliconLabs/SimplicityStudio/v4/developer/sdks/blemesh/v1.1//protocol/bluetooth_dev/lib/EFR32XG13X/GCC/\libbluetooth_mesh.a
 .rodata.ble_1M_irCalConfig
                0x0004f060       0x19 C:/SiliconLabs/SimplicityStudio/v4/developer/sdks/blemesh/v1.1//protocol/bluetooth_dev/lib/EFR32XG13X/GCC/\libbluetooth_mesh.a
 *fill*         0x0004f079        0x3 
 .rodata.ble_1M_timing
                0x0004f07c       0x18 C:/SiliconLabs/SimplicityStudio/v4/developer/sdks/blemesh/v1.1//protocol/bluetooth_dev/lib/EFR32XG13X/GCC/\libbluetooth_mesh.a
 *fill*         0x0004f094       0x6c 
 .rodata.genericSeqProg
                0x0004f100     0x115c C:/SiliconLabs/SimplicityStudio/v4/developer/sdks/blemesh/v1.1//protocol/bluetooth_dev/lib/EFR32XG13X/GCC/\libbluetooth_mesh.a
 .rodata.mbedtls_cipher_definitions
                0x0005025c       0x50 C:/SiliconLabs/SimplicityStudio/v4/developer/sdks/blemesh/v1.1//protocol/bluetooth_dev/lib/EFR32XG13X/GCC/\libbluetooth_mesh.a
 .rodata.curvesSgDcdc
                0x000502ac        0x8 C:/SiliconLabs/SimplicityStudio/v4/developer/sdks/blemesh/v1.1//protocol/bluetooth_dev/lib/EFR32XG13X/GCC/\libbluetooth_mesh.a
 .rodata.curvesSgVbat
                0x000502b4        0x8 C:/SiliconLabs/SimplicityStudio/v4/developer/sdks/blemesh/v1.1//protocol/bluetooth_dev/lib/EFR32XG13X/GCC/\libbluetooth_mesh.a
 .rodata.curves24LpVbat
                0x000502bc        0xe C:/SiliconLabs/SimplicityStudio/v4/developer/sdks/blemesh/v1.1//protocol/bluetooth_dev/lib/EFR32XG13X/GCC/\libbluetooth_mesh.a
 *fill*         0x000502ca        0x2 
 .rodata.curves24HpVbat
                0x000502cc        0x8 C:/SiliconLabs/SimplicityStudio/v4/developer/sdks/blemesh/v1.1//protocol/bluetooth_dev/lib/EFR32XG13X/GCC/\libbluetooth_mesh.a
 .rodata.curves24LpDcdc
                0x000502d4        0xe C:/SiliconLabs/SimplicityStudio/v4/developer/sdks/blemesh/v1.1//protocol/bluetooth_dev/lib/EFR32XG13X/GCC/\libbluetooth_mesh.a
 *fill*         0x000502e2        0x2 
 .rodata.curves24HpDcdc
                0x000502e4        0x8 C:/SiliconLabs/SimplicityStudio/v4/developer/sdks/blemesh/v1.1//protocol/bluetooth_dev/lib/EFR32XG13X/GCC/\libbluetooth_mesh.a
 .rodata.str1.4
                0x000502ec        0x2 c:/siliconlabs/simplicitystudio/v4/developer/toolchains/gnu_arm/4.9_2015q3/bin/../lib/gcc/arm-none-eabi/4.9.3/../../../../arm-none-eabi/lib/armv7e-m/softfp\libc.a(lib_a-impure.o)
 *fill*         0x000502ee        0x2 
 .rodata._global_impure_ptr
                0x000502f0        0x4 c:/siliconlabs/simplicitystudio/v4/developer/toolchains/gnu_arm/4.9_2015q3/bin/../lib/gcc/arm-none-eabi/4.9.3/../../../../arm-none-eabi/lib/armv7e-m/softfp\libc.a(lib_a-impure.o)
                0x000502f0                _global_impure_ptr
 .rodata.zeroes.6911
                0x000502f4       0x10 c:/siliconlabs/simplicitystudio/v4/developer/toolchains/gnu_arm/4.9_2015q3/bin/../lib/gcc/arm-none-eabi/4.9.3/../../../../arm-none-eabi/lib/armv7e-m/softfp\libc.a(lib_a-svfprintf.o)
 .rodata.blanks.6910
                0x00050304       0x10 c:/siliconlabs/simplicitystudio/v4/developer/toolchains/gnu_arm/4.9_2015q3/bin/../lib/gcc/arm-none-eabi/4.9.3/../../../../arm-none-eabi/lib/armv7e-m/softfp\libc.a(lib_a-svfprintf.o)
 .rodata.str1.4
                0x00050314       0x42 c:/siliconlabs/simplicitystudio/v4/developer/toolchains/gnu_arm/4.9_2015q3/bin/../lib/gcc/arm-none-eabi/4.9.3/../../../../arm-none-eabi/lib/armv7e-m/softfp\libc.a(lib_a-svfprintf.o)
 *fill*         0x00050356        0x2 
 .rodata.zeroes.6926
                0x00050358       0x10 c:/siliconlabs/simplicitystudio/v4/developer/toolchains/gnu_arm/4.9_2015q3/bin/../lib/gcc/arm-none-eabi/4.9.3/../../../../arm-none-eabi/lib/armv7e-m/softfp\libc.a(lib_a-vfprintf.o)
 .rodata.str1.4
                0x00000000       0x42 c:/siliconlabs/simplicitystudio/v4/developer/toolchains/gnu_arm/4.9_2015q3/bin/../lib/gcc/arm-none-eabi/4.9.3/../../../../arm-none-eabi/lib/armv7e-m/softfp\libc.a(lib_a-vfprintf.o)
 .rodata.blanks.6925
                0x00050368       0x10 c:/siliconlabs/simplicitystudio/v4/developer/toolchains/gnu_arm/4.9_2015q3/bin/../lib/gcc/arm-none-eabi/4.9.3/../../../../arm-none-eabi/lib/armv7e-m/softfp\libc.a(lib_a-vfprintf.o)
 .rodata.str1.4
                0x00050378       0x10 c:/siliconlabs/simplicitystudio/v4/developer/toolchains/gnu_arm/4.9_2015q3/bin/../lib/gcc/arm-none-eabi/4.9.3/../../../../arm-none-eabi/lib/armv7e-m/softfp\libc.a(lib_a-dtoa.o)
                                 0x12 (size before relaxing)
 .rodata.str1.4
                0x00050388        0xc c:/siliconlabs/simplicitystudio/v4/developer/toolchains/gnu_arm/4.9_2015q3/bin/../lib/gcc/arm-none-eabi/4.9.3/../../../../arm-none-eabi/lib/armv7e-m/softfp\libc.a(lib_a-locale.o)
                                 0x12 (size before relaxing)
 *fill*         0x00050394        0x4 
 .rodata.__mprec_tens
                0x00050398       0xc8 c:/siliconlabs/simplicitystudio/v4/developer/toolchains/gnu_arm/4.9_2015q3/bin/../lib/gcc/arm-none-eabi/4.9.3/../../../../arm-none-eabi/lib/armv7e-m/softfp\libc.a(lib_a-mprec.o)
                0x00050398                __mprec_tens
 .rodata.p05.5302
                0x00050460        0xc c:/siliconlabs/simplicitystudio/v4/developer/toolchains/gnu_arm/4.9_2015q3/bin/../lib/gcc/arm-none-eabi/4.9.3/../../../../arm-none-eabi/lib/armv7e-m/softfp\libc.a(lib_a-mprec.o)
 *fill*         0x0005046c        0x4 
 .rodata.__mprec_bigtens
                0x00050470       0x28 c:/siliconlabs/simplicitystudio/v4/developer/toolchains/gnu_arm/4.9_2015q3/bin/../lib/gcc/arm-none-eabi/4.9.3/../../../../arm-none-eabi/lib/armv7e-m/softfp\libc.a(lib_a-mprec.o)
                0x00050470                __mprec_bigtens
 *(.eh_frame*)
 .eh_frame      0x00050498        0x0 c:/siliconlabs/simplicitystudio/v4/developer/toolchains/gnu_arm/4.9_2015q3/bin/../lib/gcc/arm-none-eabi/4.9.3/armv7e-m/softfp/crtbegin.o
 .eh_frame      0x00050498       0x70 c:/siliconlabs/simplicitystudio/v4/developer/toolchains/gnu_arm/4.9_2015q3/bin/../lib/gcc/arm-none-eabi/4.9.3/../../../../arm-none-eabi/lib/armv7e-m/softfp\libc.a(lib_a-strcmp.o)
 .eh_frame      0x00050508        0x4 c:/siliconlabs/simplicitystudio/v4/developer/toolchains/gnu_arm/4.9_2015q3/bin/../lib/gcc/arm-none-eabi/4.9.3/armv7e-m/softfp/crtend.o

.gatt_data      0x0005050c      0x1aa
 .gatt_data     0x0005050c      0x1aa ./gatt_db.o
                0x0005050c                bg_gattdb_data_adv_uuid128_map
                0x00050510                bg_gattdb_data_adv_uuid16_map
                0x00050514                bg_gattdb_data_attributes_dynamic_mapping_map
                0x00050520                bg_gattdb_data_attributes_map
                0x00050610                bg_gattdb_data_attribute_field_0
                0x00050614                bg_gattdb_data_attribute_field_1
                0x0005061c                bg_gattdb_data_attribute_field_2
                0x00050624                bg_gattdb_data_attribute_field_3
                0x0005062c                bg_gattdb_data_attribute_field_4
                0x00050630                bg_gattdb_data_attribute_field_5
                0x00050634                bg_gattdb_data_attribute_field_6
                0x0005063c                bg_gattdb_data_attribute_field_7
                0x0005064c                bg_gattdb_data_attribute_field_8
                0x00050650                bg_gattdb_data_attribute_field_9
                0x00050658                bg_gattdb_data_attribute_field_10
                0x00050660                bg_gattdb_data_attribute_field_11
                0x00050668                bg_gattdb_data_attribute_field_12
                0x00050670                bg_gattdb_data_attribute_field_14
                0x00050674                bg_gattdb_data_attribute_field_15
                0x0005067c                bg_gattdb_data_attribute_field_16
                0x00050684                bg_gattdb_data_attribute_field_17
                0x0005068c                bg_gattdb_data_attribute_field_18
                0x00050694                bg_gattdb_data_uuidtable_128_map
                0x00050698                bg_gattdb_data_uuidtable_16_map

.gatt_header    0x000506b8       0x34
 .gatt_header   0x000506b8       0x34 ./gatt_db.o
                0x000506b8                bg_gattdb_data

.glue_7         0x000506ec        0x0
 .glue_7        0x00000000        0x0 linker stubs

.glue_7t        0x000506ec        0x0
 .glue_7t       0x00000000        0x0 linker stubs

.vfp11_veneer   0x000506ec        0x0
 .vfp11_veneer  0x00000000        0x0 linker stubs

.v4_bx          0x000506ec        0x0
 .v4_bx         0x00000000        0x0 linker stubs

.iplt           0x000506ec        0x0
 .iplt          0x00000000        0x0 c:/siliconlabs/simplicitystudio/v4/developer/toolchains/gnu_arm/4.9_2015q3/bin/../lib/gcc/arm-none-eabi/4.9.3/armv7e-m/softfp/crtbegin.o

.ARM.extab
 *(.ARM.extab* .gnu.linkonce.armextab.*)
                0x000506ec                __exidx_start = .

.ARM.exidx      0x000506ec        0x8
 *(.ARM.exidx* .gnu.linkonce.armexidx.*)
 .ARM.exidx     0x000506ec        0x8 c:/siliconlabs/simplicitystudio/v4/developer/toolchains/gnu_arm/4.9_2015q3/bin/../lib/gcc/arm-none-eabi/4.9.3/../../../../arm-none-eabi/lib/armv7e-m/softfp/crt0.o
 .ARM.exidx     0x000506f4        0x0 c:/siliconlabs/simplicitystudio/v4/developer/toolchains/gnu_arm/4.9_2015q3/bin/../lib/gcc/arm-none-eabi/4.9.3/armv7e-m/softfp\libgcc.a(_divdi3.o)
                                  0x8 (size before relaxing)
 .ARM.exidx     0x000506f4        0x0 c:/siliconlabs/simplicitystudio/v4/developer/toolchains/gnu_arm/4.9_2015q3/bin/../lib/gcc/arm-none-eabi/4.9.3/armv7e-m/softfp\libgcc.a(_udivdi3.o)
                                  0x8 (size before relaxing)
                0x000506f4                __exidx_end = .
                0x000506f4                __etext = .

.rel.dyn        0x000506f4        0x0
 .rel.iplt      0x00000000        0x0 c:/siliconlabs/simplicitystudio/v4/developer/toolchains/gnu_arm/4.9_2015q3/bin/../lib/gcc/arm-none-eabi/4.9.3/armv7e-m/softfp/crtbegin.o

.data           0x20000000     0x1048 load address 0x000506f4
                0x20000000                __data_start__ = .
 *(vtable)
 *(.data*)
 .data.__mesh_dcd_ptr
                0x20000000        0x4 ./dcd_switch.o
                0x20000000                __mesh_dcd_ptr
 .data.bg_gattdb_data_attribute_field_2_data
                0x20000004       0x16 ./gatt_db.o
                0x20000004                bg_gattdb_data_attribute_field_2_data
 *fill*         0x2000001a        0x2 
 .data.bg_gattdb
                0x2000001c        0x4 ./gatt_db.o
                0x2000001c                bg_gattdb
 .data.conn_handle
                0x20000020        0x1 ./main.o
 *fill*         0x20000021        0x1 
 .data._my_index
                0x20000022        0x2 ./main.o
 .data.SystemLFXOClock
                0x20000024        0x4 ./device/EFR32_B_1_3_P/system_efr32bg13p.o
 .data.SystemHFXOClock
                0x20000028        0x4 ./device/EFR32_B_1_3_P/system_efr32bg13p.o
 .data.SystemCoreClock
                0x2000002c        0x4 ./device/EFR32_B_1_3_P/system_efr32bg13p.o
                0x2000002c                SystemCoreClock
 .data.SystemHfrcoFreq
                0x20000030        0x4 ./device/EFR32_B_1_3_P/system_efr32bg13p.o
                0x20000030                SystemHfrcoFreq
 .data.auxHfrcoFreq
                0x20000034        0x4 ./emlib/em_cmu.o
 .data.loops_per_jiffy
                0x20000038        0x4 ./kit/BRD4104A/udelay.o
                0x20000038                loops_per_jiffy
 .data.pDisplayDeviceDriverInitFunctions
                0x2000003c        0x8 ./kit_lcd/BRD4104A/display.o
 .data.pixelMatrixPool
                0x20000044        0x4 ./kit_lcd/BRD4104A/displayls013b7dh03.o
 .data.__fdlib_version
                0x20000048        0x1 c:/siliconlabs/simplicitystudio/v4/developer/toolchains/gnu_arm/4.9_2015q3/bin/../lib/gcc/arm-none-eabi/4.9.3/../../../../arm-none-eabi/lib/armv7e-m/softfp\libm.a(lib_a-s_lib_ver.o)
                0x20000048                __fdlib_version
 *fill*         0x20000049        0x7 
 .data          0x20000050      0x4f4 C:/SiliconLabs/SimplicityStudio/v4/developer/sdks/blemesh/v1.1//protocol/bluetooth_dev/lib/EFR32XG13X/GCC/\libbluetooth_mesh.a
 .data.pa_voltmode_config
                0x20000544        0x2 C:/SiliconLabs/SimplicityStudio/v4/developer/sdks/blemesh/v1.1//protocol/bluetooth_dev/lib/EFR32XG13X/GCC/\libbluetooth_mesh.a
 .data.current_db
                0x20000546        0x1 C:/SiliconLabs/SimplicityStudio/v4/developer/sdks/blemesh/v1.1//protocol/bluetooth_dev/lib/EFR32XG13X/GCC/\libbluetooth_mesh.a
 *fill*         0x20000547        0x1 
 .data.sar_config
                0x20000548       0x18 C:/SiliconLabs/SimplicityStudio/v4/developer/sdks/blemesh/v1.1//protocol/bluetooth_dev/lib/EFR32XG13X/GCC/\libbluetooth_mesh.a
 .data.RFSENSE_RfOscFreqHz
                0x20000560        0x4 C:/SiliconLabs/SimplicityStudio/v4/developer/sdks/blemesh/v1.1//protocol/bluetooth_dev/lib/EFR32XG13X/GCC/\libbluetooth_mesh.a
 .data.gatt_max_mtu_config
                0x20000564        0x2 C:/SiliconLabs/SimplicityStudio/v4/developer/sdks/blemesh/v1.1//protocol/bluetooth_dev/lib/EFR32XG13X/GCC/\libbluetooth_mesh.a
 *fill*         0x20000566        0x2 
 .data.impure_data
                0x20000568      0x428 c:/siliconlabs/simplicitystudio/v4/developer/toolchains/gnu_arm/4.9_2015q3/bin/../lib/gcc/arm-none-eabi/4.9.3/../../../../arm-none-eabi/lib/armv7e-m/softfp\libc.a(lib_a-impure.o)
 .data._impure_ptr
                0x20000990        0x4 c:/siliconlabs/simplicitystudio/v4/developer/toolchains/gnu_arm/4.9_2015q3/bin/../lib/gcc/arm-none-eabi/4.9.3/../../../../arm-none-eabi/lib/armv7e-m/softfp\libc.a(lib_a-impure.o)
                0x20000990                _impure_ptr
 .data.__malloc_av_
                0x20000994      0x408 c:/siliconlabs/simplicitystudio/v4/developer/toolchains/gnu_arm/4.9_2015q3/bin/../lib/gcc/arm-none-eabi/4.9.3/../../../../arm-none-eabi/lib/armv7e-m/softfp\libc.a(lib_a-mallocr.o)
                0x20000994                __malloc_av_
 .data.__malloc_trim_threshold
                0x20000d9c        0x4 c:/siliconlabs/simplicitystudio/v4/developer/toolchains/gnu_arm/4.9_2015q3/bin/../lib/gcc/arm-none-eabi/4.9.3/../../../../arm-none-eabi/lib/armv7e-m/softfp\libc.a(lib_a-mallocr.o)
                0x20000d9c                __malloc_trim_threshold
 .data.__malloc_sbrk_base
                0x20000da0        0x4 c:/siliconlabs/simplicitystudio/v4/developer/toolchains/gnu_arm/4.9_2015q3/bin/../lib/gcc/arm-none-eabi/4.9.3/../../../../arm-none-eabi/lib/armv7e-m/softfp\libc.a(lib_a-mallocr.o)
                0x20000da0                __malloc_sbrk_base
 .data.lconv    0x20000da4       0x38 c:/siliconlabs/simplicitystudio/v4/developer/toolchains/gnu_arm/4.9_2015q3/bin/../lib/gcc/arm-none-eabi/4.9.3/../../../../arm-none-eabi/lib/armv7e-m/softfp\libc.a(lib_a-locale.o)
 .data.lc_ctype_charset
                0x20000ddc       0x20 c:/siliconlabs/simplicitystudio/v4/developer/toolchains/gnu_arm/4.9_2015q3/bin/../lib/gcc/arm-none-eabi/4.9.3/../../../../arm-none-eabi/lib/armv7e-m/softfp\libc.a(lib_a-locale.o)
 .data.__mb_cur_max
                0x20000dfc        0x4 c:/siliconlabs/simplicitystudio/v4/developer/toolchains/gnu_arm/4.9_2015q3/bin/../lib/gcc/arm-none-eabi/4.9.3/../../../../arm-none-eabi/lib/armv7e-m/softfp\libc.a(lib_a-locale.o)
                0x20000dfc                __mb_cur_max
 .data.__wctomb
                0x20000e00        0x4 c:/siliconlabs/simplicitystudio/v4/developer/toolchains/gnu_arm/4.9_2015q3/bin/../lib/gcc/arm-none-eabi/4.9.3/../../../../arm-none-eabi/lib/armv7e-m/softfp\libc.a(lib_a-wctomb_r.o)
                0x20000e00                __wctomb
                0x20000e04                . = ALIGN (0x4)
 *(.ram)
 .ram           0x20000e04      0x234 ./emlib/em_msc.o
                0x20000e04                mscRfAssertEFM
                0x20000e08                MSC_LoadVerifyAddress
                0x20000e58                MSC_LoadWriteData
                0x20000f00                MSC_WriteWordI
                0x20000f7c                MSC_ErasePage
                0x20000ffc                MSC_WriteWord
                0x20001004                MSC_WriteWordFast
                0x2000100c                MSC_MassErase
                0x20001038                . = ALIGN (0x4)
                0x20001038                PROVIDE (__preinit_array_start, .)
 *(.preinit_array)
                0x20001038                PROVIDE (__preinit_array_end, .)
                0x20001038                . = ALIGN (0x4)
                0x20001038                PROVIDE (__init_array_start, .)
 *(SORT(.init_array.*))
 .init_array.00000
                0x20001038        0x4 c:/siliconlabs/simplicitystudio/v4/developer/toolchains/gnu_arm/4.9_2015q3/bin/../lib/gcc/arm-none-eabi/4.9.3/../../../../arm-none-eabi/lib/armv7e-m/softfp\libc.a(lib_a-__call_atexit.o)
 *(.init_array)
 .init_array    0x2000103c        0x4 c:/siliconlabs/simplicitystudio/v4/developer/toolchains/gnu_arm/4.9_2015q3/bin/../lib/gcc/arm-none-eabi/4.9.3/armv7e-m/softfp/crtbegin.o
                0x20001040                PROVIDE (__init_array_end, .)
                0x20001040                . = ALIGN (0x4)
                0x20001040                PROVIDE (__fini_array_start, .)
 *(SORT(.fini_array.*))
 *(.fini_array)
 .fini_array    0x20001040        0x4 c:/siliconlabs/simplicitystudio/v4/developer/toolchains/gnu_arm/4.9_2015q3/bin/../lib/gcc/arm-none-eabi/4.9.3/armv7e-m/softfp/crtbegin.o
                0x20001044                PROVIDE (__fini_array_end, .)
 *(.jcr*)
 .jcr           0x20001044        0x0 c:/siliconlabs/simplicitystudio/v4/developer/toolchains/gnu_arm/4.9_2015q3/bin/../lib/gcc/arm-none-eabi/4.9.3/armv7e-m/softfp/crtbegin.o
 .jcr           0x20001044        0x4 c:/siliconlabs/simplicitystudio/v4/developer/toolchains/gnu_arm/4.9_2015q3/bin/../lib/gcc/arm-none-eabi/4.9.3/armv7e-m/softfp/crtend.o
                0x20001048                . = ALIGN (0x4)
                0x20001048                __data_end__ = .

.igot.plt       0x20001048        0x0 load address 0x0005173c
 .igot.plt      0x00000000        0x0 c:/siliconlabs/simplicitystudio/v4/developer/toolchains/gnu_arm/4.9_2015q3/bin/../lib/gcc/arm-none-eabi/4.9.3/armv7e-m/softfp/crtbegin.o

.bss            0x20001100     0x5bb8 load address 0x00051800
                0x20001100                . = ALIGN (0x4)
                0x20001100                __bss_start__ = .
 *(.bss*)
 .bss           0x20001100       0x1c c:/siliconlabs/simplicitystudio/v4/developer/toolchains/gnu_arm/4.9_2015q3/bin/../lib/gcc/arm-none-eabi/4.9.3/armv7e-m/softfp/crtbegin.o
 .bss.deviceHeader
                0x2000111c        0x4 ./graphics.o
 .bss.glibContext
                0x20001120       0x2c ./graphics.o
 .bss.graphLineNum
                0x2000114c        0x1 ./graphics.o
 *fill*         0x2000114d        0x1 
 .bss._my_address
                0x2000114e        0x2 ./main.o
 .bss.trid      0x20001150        0x1 ./main.o
 *fill*         0x20001151        0x3 
 .bss.LCD_data  0x20001154       0xe0 ./main.o
 .bss.lightbulb_state
                0x20001234        0x4 ./main.o
 .bss.request_count
                0x20001238        0x1 ./main.o
 .bss.num_connections
                0x20001239        0x1 ./main.o
 .bss.switch_pos
                0x2000123a        0x1 ./main.o
 *fill*         0x2000123b        0x1 
 .bss.chTable   0x2000123c       0x80 ./emdrv/dmadrv.o
 .bss.dmaXfer   0x200012bc      0x100 ./emdrv/dmadrv.o
 .bss.gpioCallbacks
                0x200013bc       0x40 ./emdrv/gpiointerrupt.o
 .bss.sleepCallback
                0x200013fc        0x4 ./emdrv/sleep.o
 .bss.sleepBlockCnt
                0x20001400        0x2 ./emdrv/sleep.o
 *fill*         0x20001402        0x2 
 .bss.sleepContext
                0x20001404        0xc ./emdrv/sleep.o
 .bss.highCallback
                0x20001410        0x4 ./emdrv/tempdrv.o
 .bss.calibrationTEMP
                0x20001414        0x4 ./emdrv/tempdrv.o
 .bss.nullCallback
                0x20001418        0x8 ./emdrv/tempdrv.o
 .bss.lowCallback
                0x20001420        0x4 ./emdrv/tempdrv.o
 .bss.calibrationEMU
                0x20001424        0x4 ./emdrv/tempdrv.o
 .bss.tempdrvHighCallbacks
                0x20001428       0x28 ./emdrv/tempdrv.o
 .bss.tempdrvLowCallbacks
                0x20001450       0x28 ./emdrv/tempdrv.o
 .bss.TEMPDRV_InitState
                0x20001478        0x1 ./emdrv/tempdrv.o
 *fill*         0x20001479        0x1 
 .bss.dcdcEm01LoadCurrent_mA
                0x2000147a        0x2 ./emlib/em_emu.o
 .bss.dcdcReverseCurrentControl
                0x2000147c        0x2 ./emlib/em_emu.o
 *fill*         0x2000147e        0x2 
 .bss.vScaleEM01Config
                0x20001480        0x1 ./emlib/em_emu.o
 *fill*         0x20001481        0x1 
 .bss.dcdcMaxCurrent_mA
                0x20001482        0x2 ./emlib/em_emu.o
 .bss.cmuStatus.6241
                0x20001484        0x4 ./emlib/em_emu.o
 .bss.vScaleStatus.6243
                0x20001488        0x1 ./emlib/em_emu.o
 .bss.hfClock.6242
                0x20001489        0x1 ./emlib/em_emu.o
 *fill*         0x2000148a        0x2 
 .bss.pixelMatrixBuffer
                0x2000148c        0x4 ./glib/BRD4104A/dmd_display.o
 .bss.displayDevice
                0x20001490       0x2c ./glib/BRD4104A/dmd_display.o
 .bss.dimensions
                0x200014bc        0xc ./glib/BRD4104A/dmd_display.o
 .bss.moduleInitialized
                0x200014c8        0x1 ./glib/BRD4104A/dmd_display.o
 *fill*         0x200014c9        0x3 
 .bss.devicesRegistered
                0x200014cc        0x4 ./kit_lcd/BRD4104A/display.o
 .bss.deviceTable
                0x200014d0       0x2c ./kit_lcd/BRD4104A/display.o
 .bss.moduleInitialized
                0x200014fc        0x1 ./kit_lcd/BRD4104A/display.o
 *fill*         0x200014fd        0x3 
 .bss.pixelMatrixPoolBase
                0x20001500      0x800 ./kit_lcd/BRD4104A/displayls013b7dh03.o
 .bss.heap_end.6883
                0x20001d00        0x4 ./serial_vcom/retargetio.o
 .bss.LFtoCRLF  0x20001d04        0x1 ./serial_vcom/retargetserial.o
 *fill*         0x20001d05        0x3 
 .bss.rxBuffer  0x20001d08        0x8 ./serial_vcom/retargetserial.o
 .bss.initialized
                0x20001d10        0x1 ./serial_vcom/retargetserial.o
 *fill*         0x20001d11        0x3 
 .bss.rxWriteIndex
                0x20001d14        0x4 ./serial_vcom/retargetserial.o
 .bss.rxReadIndex
                0x20001d18        0x4 ./serial_vcom/retargetserial.o